Godot Engine v4.7.2.stable.official.ed1daf0bf - https://godotengine.org
WARNING: Could not set V-Sync mode, as changing V-Sync mode is not supported by the graphics driver.
     at: set_use_vsync (platform/linuxbsd/x11/gl_manager_x11.cpp:372)
OpenGL API 4.6 (Core Profile) Mesa 26.2.1 - Compatibility - Using Device: Mesa - llvmpipe (LLVM 21.1.8, 256 bits)

AUTOPILOT: 132 steps from res://tools/autopilot/beginner_full_games.json
AUTOPILOT SHOT: /home/user/.cache/ninepoint-cap01/full-games-data/godot/app_userdata/Ninepoint/shots/01_welcome_0.png
AUTOPILOT SHOT: /home/user/.cache/ninepoint-cap01/full-games-data/godot/app_userdata/Ninepoint/shots/02_welcome_1.png
AUTOPILOT SHOT: /home/user/.cache/ninepoint-cap01/full-games-data/godot/app_userdata/Ninepoint/shots/03_name_exchange.png
AUTOPILOT SHOT: /home/user/.cache/ninepoint-cap01/full-games-data/godot/app_userdata/Ninepoint/shots/04_park_direction.png
AUTOPILOT SHOT: /home/user/.cache/ninepoint-cap01/full-games-data/godot/app_userdata/Ninepoint/shots/05_pip_first_capture_1_card.png
AUTOPILOT SHOT: /home/user/.cache/ninepoint-cap01/full-games-data/godot/app_userdata/Ninepoint/shots/06_pip_first_capture_1_instruction.png
AUTOPILOT SHOT: /home/user/.cache/ninepoint-cap01/full-games-data/godot/app_userdata/Ninepoint/shots/07_pip_first_capture_1_refused.png
AUTOPILOT SHOT: /home/user/.cache/ninepoint-cap01/full-games-data/godot/app_userdata/Ninepoint/shots/08_pip_first_capture_1_feedback.png
AUTOPILOT SHOT: /home/user/.cache/ninepoint-cap01/full-games-data/godot/app_userdata/Ninepoint/shots/09_pip_first_capture_1_card.png
AUTOPILOT SHOT: /home/user/.cache/ninepoint-cap01/full-games-data/godot/app_userdata/Ninepoint/shots/10_choice_Practise Capture Go..png
AUTOPILOT SHOT: /home/user/.cache/ninepoint-cap01/full-games-data/godot/app_userdata/Ninepoint/shots/11_BoardBrief_0.png
AUTOPILOT SHOT: /home/user/.cache/ninepoint-cap01/full-games-data/godot/app_userdata/Ninepoint/shots/12_BoardBrief_1.png
EXPERIENCE: pip_capture 7x7; player Black; handicap 0; komi 0.5; unrated true
AUTOPILOT SHOT: /home/user/.cache/ninepoint-cap01/full-games-data/godot/app_userdata/Ninepoint/shots/13_capture_empty.png
AUTOPILOT: the game finished before counting after 5 player moves
AUTOPILOT SHOT: /home/user/.cache/ninepoint-cap01/full-games-data/godot/app_userdata/Ninepoint/shots/14_result.png
AUTOPILOT: world transition and return conversation settled
AUTOPILOT SHOT: /home/user/.cache/ninepoint-cap01/full-games-data/godot/app_userdata/Ninepoint/shots/15_pip_result.png
AUTOPILOT SHOT: /home/user/.cache/ninepoint-cap01/full-games-data/godot/app_userdata/Ninepoint/shots/16_choice_Pip sent me..png
AUTOPILOT SHOT: /home/user/.cache/ninepoint-cap01/full-games-data/godot/app_userdata/Ninepoint/shots/17_first_game_rules_1_card.png
AUTOPILOT SHOT: /home/user/.cache/ninepoint-cap01/full-games-data/godot/app_userdata/Ninepoint/shots/18_first_game_rules_1_instruction.png
AUTOPILOT SHOT: /home/user/.cache/ninepoint-cap01/full-games-data/godot/app_userdata/Ninepoint/shots/19_first_game_rules_1_refused.png
AUTOPILOT SHOT: /home/user/.cache/ninepoint-cap01/full-games-data/godot/app_userdata/Ninepoint/shots/20_first_game_rules_1_feedback.png
AUTOPILOT SHOT: /home/user/.cache/ninepoint-cap01/full-games-data/godot/app_userdata/Ninepoint/shots/21_first_game_rules_2_instruction.png
AUTOPILOT SHOT: /home/user/.cache/ninepoint-cap01/full-games-data/godot/app_userdata/Ninepoint/shots/22_first_game_rules_2_refused.png
AUTOPILOT SHOT: /home/user/.cache/ninepoint-cap01/full-games-data/godot/app_userdata/Ninepoint/shots/23_first_game_rules_2_feedback.png
AUTOPILOT SHOT: /home/user/.cache/ninepoint-cap01/full-games-data/godot/app_userdata/Ninepoint/shots/24_first_game_rules_3_instruction.png
AUTOPILOT SHOT: /home/user/.cache/ninepoint-cap01/full-games-data/godot/app_userdata/Ninepoint/shots/25_first_game_rules_3_feedback.png
AUTOPILOT SHOT: /home/user/.cache/ninepoint-cap01/full-games-data/godot/app_userdata/Ninepoint/shots/26_first_game_rules_4_instruction.png
AUTOPILOT SHOT: /home/user/.cache/ninepoint-cap01/full-games-data/godot/app_userdata/Ninepoint/shots/27_first_game_rules_4_refused.png
AUTOPILOT SHOT: /home/user/.cache/ninepoint-cap01/full-games-data/godot/app_userdata/Ninepoint/shots/28_first_game_rules_4_feedback.png
AUTOPILOT SHOT: /home/user/.cache/ninepoint-cap01/full-games-data/godot/app_userdata/Ninepoint/shots/29_first_game_rules_4_card.png
AUTOPILOT SHOT: /home/user/.cache/ninepoint-cap01/full-games-data/godot/app_userdata/Ninepoint/shots/30_finishing_1_card.png
AUTOPILOT SHOT: /home/user/.cache/ninepoint-cap01/full-games-data/godot/app_userdata/Ninepoint/shots/31_finishing_1_instruction.png
AUTOPILOT SHOT: /home/user/.cache/ninepoint-cap01/full-games-data/godot/app_userdata/Ninepoint/shots/32_finishing_1_inspect.png
AUTOPILOT SHOT: /home/user/.cache/ninepoint-cap01/full-games-data/godot/app_userdata/Ninepoint/shots/33_finishing_1_inspect.png
AUTOPILOT SHOT: /home/user/.cache/ninepoint-cap01/full-games-data/godot/app_userdata/Ninepoint/shots/34_finishing_1_feedback.png
AUTOPILOT SHOT: /home/user/.cache/ninepoint-cap01/full-games-data/godot/app_userdata/Ninepoint/shots/35_finishing_1_feedback.png
AUTOPILOT SHOT: /home/user/.cache/ninepoint-cap01/full-games-data/godot/app_userdata/Ninepoint/shots/36_finishing_1_feedback.png
AUTOPILOT SHOT: /home/user/.cache/ninepoint-cap01/full-games-data/godot/app_userdata/Ninepoint/shots/37_finishing_1_feedback.png
AUTOPILOT SHOT: /home/user/.cache/ninepoint-cap01/full-games-data/godot/app_userdata/Ninepoint/shots/38_finishing_2_instruction.png
AUTOPILOT SHOT: /home/user/.cache/ninepoint-cap01/full-games-data/godot/app_userdata/Ninepoint/shots/39_finishing_2_refused.png
AUTOPILOT SHOT: /home/user/.cache/ninepoint-cap01/full-games-data/godot/app_userdata/Ninepoint/shots/40_finishing_2_feedback.png
AUTOPILOT SHOT: /home/user/.cache/ninepoint-cap01/full-games-data/godot/app_userdata/Ninepoint/shots/41_finishing_3_instruction.png
AUTOPILOT SHOT: /home/user/.cache/ninepoint-cap01/full-games-data/godot/app_userdata/Ninepoint/shots/42_finishing_3_feedback.png
AUTOPILOT SHOT: /home/user/.cache/ninepoint-cap01/full-games-data/godot/app_userdata/Ninepoint/shots/43_finishing_4_instruction.png
AUTOPILOT SHOT: /home/user/.cache/ninepoint-cap01/full-games-data/godot/app_userdata/Ninepoint/shots/44_finishing_4_toggle_0.png
AUTOPILOT SHOT: /home/user/.cache/ninepoint-cap01/full-games-data/godot/app_userdata/Ninepoint/shots/45_finishing_4_toggle_1.png
AUTOPILOT SHOT: /home/user/.cache/ninepoint-cap01/full-games-data/godot/app_userdata/Ninepoint/shots/46_finishing_4_feedback.png
AUTOPILOT SHOT: /home/user/.cache/ninepoint-cap01/full-games-data/godot/app_userdata/Ninepoint/shots/47_finishing_4_card.png
AUTOPILOT SHOT: /home/user/.cache/ninepoint-cap01/full-games-data/godot/app_userdata/Ninepoint/shots/48_choice_Show me..png
AUTOPILOT SHOT: /home/user/.cache/ninepoint-cap01/full-games-data/godot/app_userdata/Ninepoint/shots/49_openings_1_card.png
AUTOPILOT SHOT: /home/user/.cache/ninepoint-cap01/full-games-data/godot/app_userdata/Ninepoint/shots/50_openings_1_instruction.png
AUTOPILOT SHOT: /home/user/.cache/ninepoint-cap01/full-games-data/godot/app_userdata/Ninepoint/shots/51_openings_1_feedback.png
AUTOPILOT SHOT: /home/user/.cache/ninepoint-cap01/full-games-data/godot/app_userdata/Ninepoint/shots/52_openings_2_instruction.png
AUTOPILOT SHOT: /home/user/.cache/ninepoint-cap01/full-games-data/godot/app_userdata/Ninepoint/shots/53_openings_2_refused.png
AUTOPILOT SHOT: /home/user/.cache/ninepoint-cap01/full-games-data/godot/app_userdata/Ninepoint/shots/54_openings_2_feedback.png
AUTOPILOT SHOT: /home/user/.cache/ninepoint-cap01/full-games-data/godot/app_userdata/Ninepoint/shots/55_openings_2_card.png
AUTOPILOT SHOT: /home/user/.cache/ninepoint-cap01/full-games-data/godot/app_userdata/Ninepoint/shots/56_choice_Set up the practice game..png
AUTOPILOT SHOT: /home/user/.cache/ninepoint-cap01/full-games-data/godot/app_userdata/Ninepoint/shots/57_BoardBrief_0.png
AUTOPILOT SHOT: /home/user/.cache/ninepoint-cap01/full-games-data/godot/app_userdata/Ninepoint/shots/58_BoardBrief_1.png
EXPERIENCE: wren_first 9x9; player Black; handicap 0; komi 5.5; unrated true
AUTOPILOT SHOT: /home/user/.cache/ninepoint-cap01/full-games-data/godot/app_userdata/Ninepoint/shots/59_empty_wren_help.png
AUTOPILOT: the game reached the count after 44 player moves
AUTOPILOT SHOT: /home/user/.cache/ninepoint-cap01/full-games-data/godot/app_userdata/Ninepoint/shots/60_counting.png
AUTOPILOT SHOT: /home/user/.cache/ninepoint-cap01/full-games-data/godot/app_userdata/Ninepoint/shots/61_result.png
AUTOPILOT SHOT: /home/user/.cache/ninepoint-cap01/full-games-data/godot/app_userdata/Ninepoint/shots/62_reaction_before_review.png
AUTOPILOT SHOT: /home/user/.cache/ninepoint-cap01/full-games-data/godot/app_userdata/Ninepoint/shots/63_reaction_before_review.png
AUTOPILOT SHOT: /home/user/.cache/ninepoint-cap01/full-games-data/godot/app_userdata/Ninepoint/shots/64_reaction_before_review.png
AUTOPILOT SHOT: /home/user/.cache/ninepoint-cap01/full-games-data/godot/app_userdata/Ninepoint/shots/65_reaction_before_review.png
AUTOPILOT SHOT: /home/user/.cache/ninepoint-cap01/full-games-data/godot/app_userdata/Ninepoint/shots/66_review_offer.png
AUTOPILOT SHOT: /home/user/.cache/ninepoint-cap01/full-games-data/godot/app_userdata/Ninepoint/shots/67_choice_I'll head to the club rooms..png
EXPERIENCE: verified progress {"experience":"assert_progress","flags":["ranked_by_club","invited_to_institute"],"rank":"30k"}
AUTOPILOT SHOT: /home/user/.cache/ninepoint-cap01/full-games-data/godot/app_userdata/Ninepoint/shots/68_novice_card_without_kesh_game.png
AUTOPILOT SHOT: /home/user/.cache/ninepoint-cap01/full-games-data/godot/app_userdata/Ninepoint/shots/69_tram_destination_choices.png
AUTOPILOT SHOT: /home/user/.cache/ninepoint-cap01/full-games-data/godot/app_userdata/Ninepoint/shots/70_institute_exterior.png
AUTOPILOT SHOT: /home/user/.cache/ninepoint-cap01/full-games-data/godot/app_userdata/Ninepoint/shots/71_first_school_arrival.png
AUTOPILOT SHOT: /home/user/.cache/ninepoint-cap01/full-games-data/godot/app_userdata/Ninepoint/shots/72_classroom_first_visit.png
AUTOPILOT SHOT: /home/user/.cache/ninepoint-cap01/full-games-data/godot/app_userdata/Ninepoint/shots/73_choice_I'd like to meet Noor first..png
AUTOPILOT SHOT: /home/user/.cache/ninepoint-cap01/full-games-data/godot/app_userdata/Ninepoint/shots/74_noor_before_registration.png
AUTOPILOT SHOT: /home/user/.cache/ninepoint-cap01/full-games-data/godot/app_userdata/Ninepoint/shots/75_choice_I'm not ready for a tournament..png
AUTOPILOT SHOT: /home/user/.cache/ninepoint-cap01/full-games-data/godot/app_userdata/Ninepoint/shots/76_noor_no_pressure.png
AUTOPILOT SHOT: /home/user/.cache/ninepoint-cap01/full-games-data/godot/app_userdata/Ninepoint/shots/77_choice_What is on the postcard_.png
AUTOPILOT SHOT: /home/user/.cache/ninepoint-cap01/full-games-data/godot/app_userdata/Ninepoint/shots/78_noor_postcard.png
AUTOPILOT SHOT: /home/user/.cache/ninepoint-cap01/full-games-data/godot/app_userdata/Ninepoint/shots/79_choice_How can I tell which groups are safe_.png
AUTOPILOT SHOT: /home/user/.cache/ninepoint-cap01/full-games-data/godot/app_userdata/Ninepoint/shots/80_two_eyes_1_card.png
AUTOPILOT SHOT: /home/user/.cache/ninepoint-cap01/full-games-data/godot/app_userdata/Ninepoint/shots/81_two_eyes_1_instruction.png
AUTOPILOT SHOT: /home/user/.cache/ninepoint-cap01/full-games-data/godot/app_userdata/Ninepoint/shots/82_two_eyes_1_feedback.png
AUTOPILOT SHOT: /home/user/.cache/ninepoint-cap01/full-games-data/godot/app_userdata/Ninepoint/shots/83_two_eyes_2_instruction.png
AUTOPILOT SHOT: /home/user/.cache/ninepoint-cap01/full-games-data/godot/app_userdata/Ninepoint/shots/84_two_eyes_2_refused.png
AUTOPILOT SHOT: /home/user/.cache/ninepoint-cap01/full-games-data/godot/app_userdata/Ninepoint/shots/85_two_eyes_2_feedback.png
AUTOPILOT SHOT: /home/user/.cache/ninepoint-cap01/full-games-data/godot/app_userdata/Ninepoint/shots/86_two_eyes_3_instruction.png
AUTOPILOT SHOT: /home/user/.cache/ninepoint-cap01/full-games-data/godot/app_userdata/Ninepoint/shots/87_two_eyes_3_feedback.png
AUTOPILOT SHOT: /home/user/.cache/ninepoint-cap01/full-games-data/godot/app_userdata/Ninepoint/shots/88_two_eyes_3_card.png
AUTOPILOT: world transition and return conversation settled
AUTOPILOT SHOT: /home/user/.cache/ninepoint-cap01/full-games-data/godot/app_userdata/Ninepoint/shots/89_hana_registration_direction.png
AUTOPILOT SHOT: /home/user/.cache/ninepoint-cap01/full-games-data/godot/app_userdata/Ninepoint/shots/90_choice_Sign..png
AUTOPILOT SHOT: /home/user/.cache/ninepoint-cap01/full-games-data/godot/app_userdata/Ninepoint/shots/91_first_league_board.png
AUTOPILOT SHOT: /home/user/.cache/ninepoint-cap01/full-games-data/godot/app_userdata/Ninepoint/shots/92_novice_room_without_kesh_game.png
EXPERIENCE: verified progress {"experience":"assert_progress","flags":["enrolled"],"played":0.0,"rank":"30k"}
EXPERIENCE: disk reload preserved every league fixture and history index
AUTOPILOT SHOT: /home/user/.cache/ninepoint-cap01/full-games-data/godot/app_userdata/Ninepoint/shots/93_fresh_journey_reloaded.png
AUTOPILOT SHOT: /home/user/.cache/ninepoint-cap01/full-games-data/godot/app_userdata/Ninepoint/shots/94_choice_Our league fixture..png
AUTOPILOT SHOT: /home/user/.cache/ninepoint-cap01/full-games-data/godot/app_userdata/Ninepoint/shots/95_nigiri.png
AUTOPILOT SHOT: /home/user/.cache/ninepoint-cap01/full-games-data/godot/app_userdata/Ninepoint/shots/96_nigiri.png
EXPERIENCE: league_noor 9x9; player Black; handicap 0; komi 5.5; unrated false
AUTOPILOT SHOT: /home/user/.cache/ninepoint-cap01/full-games-data/godot/app_userdata/Ninepoint/shots/97_noor_first_fixture.png
AUTOPILOT: the game reached the count after 40 player moves
AUTOPILOT SHOT: /home/user/.cache/ninepoint-cap01/full-games-data/godot/app_userdata/Ninepoint/shots/98_counting.png
AUTOPILOT SHOT: /home/user/.cache/ninepoint-cap01/full-games-data/godot/app_userdata/Ninepoint/shots/99_result.png
AUTOPILOT SHOT: /home/user/.cache/ninepoint-cap01/full-games-data/godot/app_userdata/Ninepoint/shots/100_reaction_before_review.png
AUTOPILOT SHOT: /home/user/.cache/ninepoint-cap01/full-games-data/godot/app_userdata/Ninepoint/shots/101_reaction_before_review.png
AUTOPILOT SHOT: /home/user/.cache/ninepoint-cap01/full-games-data/godot/app_userdata/Ninepoint/shots/102_reaction_before_review.png
AUTOPILOT SHOT: /home/user/.cache/ninepoint-cap01/full-games-data/godot/app_userdata/Ninepoint/shots/103_review_offer.png
AUTOPILOT: world transition and return conversation settled
AUTOPILOT SHOT: /home/user/.cache/ninepoint-cap01/full-games-data/godot/app_userdata/Ninepoint/shots/104_noor_after_full_game.png
AUTOPILOT SHOT: /home/user/.cache/ninepoint-cap01/full-games-data/godot/app_userdata/Ninepoint/shots/105_choice_Our league fixture..png
AUTOPILOT SHOT: /home/user/.cache/ninepoint-cap01/full-games-data/godot/app_userdata/Ninepoint/shots/106_nigiri.png
AUTOPILOT SHOT: /home/user/.cache/ninepoint-cap01/full-games-data/godot/app_userdata/Ninepoint/shots/107_nigiri.png
EXPERIENCE: league_ivo 9x9; player Black; handicap 0; komi 5.5; unrated false
AUTOPILOT SHOT: /home/user/.cache/ninepoint-cap01/full-games-data/godot/app_userdata/Ninepoint/shots/108_ivo_first_fixture.png
AUTOPILOT: the game reached the count after 44 player moves
AUTOPILOT SHOT: /home/user/.cache/ninepoint-cap01/full-games-data/godot/app_userdata/Ninepoint/shots/109_counting.png
AUTOPILOT SHOT: /home/user/.cache/ninepoint-cap01/full-games-data/godot/app_userdata/Ninepoint/shots/110_result.png
AUTOPILOT SHOT: /home/user/.cache/ninepoint-cap01/full-games-data/godot/app_userdata/Ninepoint/shots/111_reaction_before_review.png
AUTOPILOT SHOT: /home/user/.cache/ninepoint-cap01/full-games-data/godot/app_userdata/Ninepoint/shots/112_reaction_before_review.png
AUTOPILOT SHOT: /home/user/.cache/ninepoint-cap01/full-games-data/godot/app_userdata/Ninepoint/shots/113_review_offer.png
AUTOPILOT: world transition and return conversation settled
AUTOPILOT SHOT: /home/user/.cache/ninepoint-cap01/full-games-data/godot/app_userdata/Ninepoint/shots/114_ivo_after_full_game.png
EXPERIENCE: verified progress {"experience":"assert_progress","played":2.0}
AUTOPILOT: done
WARNING: 2 ObjectDB instances were leaked at exit (run with `--verbose` for details).
   at: cleanup (core/object/object.cpp:2536)
ERROR: 1 resources still in use at exit (run with --verbose for details).
   at: clear (core/io/resource.cpp:822)
