Godot Engine v4.7.2.stable.official.ed1daf0bf - https://godotengine.org
WARNING: Could not set V-Sync mode, as changing V-Sync mode is not supported by the graphics driver.
     at: set_use_vsync (platform/linuxbsd/x11/gl_manager_x11.cpp:372)
OpenGL API 4.6 (Core Profile) Mesa 26.2.1 - Compatibility - Using Device: Mesa - llvmpipe (LLVM 21.1.8, 256 bits)

AUTOPILOT: 63 steps from res://tools/autopilot/capture_practice.json
AUTOPILOT SHOT: /home/user/.cache/ninepoint-cap01/final-capture-data/godot/app_userdata/Ninepoint/shots/01_welcome_0.png
AUTOPILOT SHOT: /home/user/.cache/ninepoint-cap01/final-capture-data/godot/app_userdata/Ninepoint/shots/02_welcome_1.png
AUTOPILOT SHOT: /home/user/.cache/ninepoint-cap01/final-capture-data/godot/app_userdata/Ninepoint/shots/03_name_exchange.png
AUTOPILOT SHOT: /home/user/.cache/ninepoint-cap01/final-capture-data/godot/app_userdata/Ninepoint/shots/04_park_direction.png
AUTOPILOT SHOT: /home/user/.cache/ninepoint-cap01/final-capture-data/godot/app_userdata/Ninepoint/shots/05_pip_first_capture_1_card.png
AUTOPILOT SHOT: /home/user/.cache/ninepoint-cap01/final-capture-data/godot/app_userdata/Ninepoint/shots/06_pip_first_capture_1_instruction.png
AUTOPILOT SHOT: /home/user/.cache/ninepoint-cap01/final-capture-data/godot/app_userdata/Ninepoint/shots/07_pip_first_capture_1_refused.png
AUTOPILOT SHOT: /home/user/.cache/ninepoint-cap01/final-capture-data/godot/app_userdata/Ninepoint/shots/08_pip_first_capture_1_feedback.png
AUTOPILOT SHOT: /home/user/.cache/ninepoint-cap01/final-capture-data/godot/app_userdata/Ninepoint/shots/09_pip_first_capture_1_card.png
AUTOPILOT SHOT: /home/user/.cache/ninepoint-cap01/final-capture-data/godot/app_userdata/Ninepoint/shots/10_choice_Practise Capture Go..png
AUTOPILOT SHOT: /home/user/.cache/ninepoint-cap01/final-capture-data/godot/app_userdata/Ninepoint/shots/11_BoardBrief_0.png
AUTOPILOT SHOT: /home/user/.cache/ninepoint-cap01/final-capture-data/godot/app_userdata/Ninepoint/shots/12_BoardBrief_1.png
EXPERIENCE: pip_capture 7x7; player Black; handicap 0; komi 0.5; unrated true
AUTOPILOT SHOT: /home/user/.cache/ninepoint-cap01/final-capture-data/godot/app_userdata/Ninepoint/shots/13_capture_empty.png
AUTOPILOT SHOT: /home/user/.cache/ninepoint-cap01/final-capture-data/godot/app_userdata/Ninepoint/shots/14_practice_help.png
AUTOPILOT SHOT: /home/user/.cache/ninepoint-cap01/final-capture-data/godot/app_userdata/Ninepoint/shots/15_result.png
AUTOPILOT: world transition and return conversation settled
AUTOPILOT SHOT: /home/user/.cache/ninepoint-cap01/final-capture-data/godot/app_userdata/Ninepoint/shots/16_neutral_return.png
AUTOPILOT SHOT: /home/user/.cache/ninepoint-cap01/final-capture-data/godot/app_userdata/Ninepoint/shots/17_choice_Practise Capture Go..png
AUTOPILOT SHOT: /home/user/.cache/ninepoint-cap01/final-capture-data/godot/app_userdata/Ninepoint/shots/18_BoardBrief_0.png
AUTOPILOT SHOT: /home/user/.cache/ninepoint-cap01/final-capture-data/godot/app_userdata/Ninepoint/shots/19_BoardBrief_1.png
EXPERIENCE: pip_capture 7x7; player Black; handicap 0; komi 0.5; unrated true
AUTOPILOT SHOT: /home/user/.cache/ninepoint-cap01/final-capture-data/godot/app_userdata/Ninepoint/shots/20_result.png
AUTOPILOT: world transition and return conversation settled
AUTOPILOT SHOT: /home/user/.cache/ninepoint-cap01/final-capture-data/godot/app_userdata/Ninepoint/shots/21_resigned_return.png
AUTOPILOT SHOT: /home/user/.cache/ninepoint-cap01/final-capture-data/godot/app_userdata/Ninepoint/shots/22_choice_Practise Capture Go..png
AUTOPILOT SHOT: /home/user/.cache/ninepoint-cap01/final-capture-data/godot/app_userdata/Ninepoint/shots/23_BoardBrief_0.png
AUTOPILOT SHOT: /home/user/.cache/ninepoint-cap01/final-capture-data/godot/app_userdata/Ninepoint/shots/24_BoardBrief_1.png
EXPERIENCE: pip_capture 7x7; player Black; handicap 0; komi 0.5; unrated true
AUTOPILOT: the game finished before counting after 4 player moves
AUTOPILOT SHOT: /home/user/.cache/ninepoint-cap01/final-capture-data/godot/app_userdata/Ninepoint/shots/25_result.png
AUTOPILOT: world transition and return conversation settled
EXPERIENCE: disk reload preserved every league fixture and history index
AUTOPILOT SHOT: /home/user/.cache/ninepoint-cap01/final-capture-data/godot/app_userdata/Ninepoint/shots/26_choice_Show me that capture..png
AUTOPILOT SHOT: /home/user/.cache/ninepoint-cap01/final-capture-data/godot/app_userdata/Ninepoint/shots/27_capture_before.png
AUTOPILOT SHOT: /home/user/.cache/ninepoint-cap01/final-capture-data/godot/app_userdata/Ninepoint/shots/28_capture_after.png
AUTOPILOT SHOT: /home/user/.cache/ninepoint-cap01/final-capture-data/godot/app_userdata/Ninepoint/shots/29_choice_Where can I learn the full game_.png
AUTOPILOT SHOT: /home/user/.cache/ninepoint-cap01/final-capture-data/godot/app_userdata/Ninepoint/shots/30_wren_after_capture_practice.png
AUTOPILOT: done
WARNING: 2 ObjectDB instances were leaked at exit (run with `--verbose` for details).
   at: cleanup (core/object/object.cpp:2536)
ERROR: 1 resources still in use at exit (run with --verbose for details).
   at: clear (core/io/resource.cpp:822)
