ffmpeg version 9.0.1 Copyright (c) 2000-2026 the FFmpeg developers
  built with gcc 15.3.0 (GCC)
  configuration: --disable-static --prefix=/nix/store/eeeeeeeeeeeeeeeeeeeeeeeeeeeeeeee-ffmpeg-9.0.1 --target_os=linux --arch=x86_64 --pkg-config=pkg-config --enable-gpl --enable-version3 --disable-nonfree --disable-static --enable-shared --enable-pic --disable-thumb --disable-small --enable-runtime-cpudetect --disable-gray --enable-swscale-alpha --enable-hardcoded-tables --enable-safe-bitstream-reader --enable-pthreads --disable-w32threads --disable-os2threads --enable-network --enable-pixelutils --datadir=/nix/store/da5vcmxzp2g5hns8nnb5920fkpn34j1j-ffmpeg-9.0.1-data/share/ffmpeg --enable-ffmpeg --enable-ffplay --enable-ffprobe --bindir=/nix/store/eeeeeeeeeeeeeeeeeeeeeeeeeeeeeeee-ffmpeg-9.0.1-bin/bin --enable-avcodec --enable-avdevice --enable-avfilter --enable-avformat --enable-avutil --enable-swresample --enable-swscale --libdir=/nix/store/eeeeeeeeeeeeeeeeeeeeeeeeeeeeeeee-ffmpeg-9.0.1-lib/lib --incdir=/nix/store/eeeeeeeeeeeeeeeeeeeeeeeeeeeeeeee-ffmpeg-9.0.1-dev/include --enable-doc --enable-htmlpages --enable-manpages --mandir=/nix/store/eeeeeeeeeeeeeeeeeeeeeeeeeeeeeeee-ffmpeg-9.0.1-man/share/man --enable-podpages --enable-txtpages --docdir=/nix/store/eeeeeeeeeeeeeeeeeeeeeeeeeeeeeeee-ffmpeg-9.0.1-doc/share/doc/ffmpeg --enable-alsa --enable-amf --enable-libaom --disable-libaribb24 --disable-libaribcaption --enable-libass --disable-avisynth --enable-libbluray --disable-libbs2b --enable-bzlib --disable-libcaca --disable-libcdio --disable-chromaprint --disable-libcodec2 --disable-cuda --enable-cuda-llvm --disable-cuda-nvcc --enable-cuvid --enable-libdav1d --disable-libdavs2 --disable-libdc1394 --enable-libdrm --disable-libdvdnav --disable-libdvdread --disable-libfdk-aac --enable-ffnvcodec --disable-libflite --enable-fontconfig --enable-libfontconfig --enable-libfreetype --disable-frei0r --enable-libfribidi --disable-libgme --enable-gmp --enable-gnutls --disable-libgsm --enable-libharfbuzz --enable-iconv --disable-libilbc --disable-libjack --disable-libjxl --disable-libkvazaar --disable-ladspa --disable-liblc3 --disable-liblcevc-dec --disable-lcms2 --enable-lzma --disable-metal --disable-libmfx --disable-libmodplug --enable-libmp3lame --disable-libmysofa --disable-libnpp --enable-nvdec --enable-nvenc --disable-openal --enable-liboapv --enable-opencl --disable-libopencore-amrnb --disable-libopencore-amrwb --disable-opengl --disable-libopenh264 --enable-libopenjpeg --enable-libopenmpt --enable-libopus --disable-libplacebo --enable-libpulse --disable-libqrencode --disable-libquirc --disable-librav1e --enable-librist --disable-librtmp --disable-librubberband --disable-libsmbclient --enable-sdl2 --disable-libshine --disable-libsnappy --enable-libsoxr --enable-libspeex --enable-libsrt --enable-libssh --disable-librsvg --enable-libsvtav1 --disable-libtensorflow --enable-libtheora --disable-libtwolame --disable-libuavs3d --enable-libv4l2 --enable-v4l2-m2m --enable-vaapi --enable-vdpau --disable-libvpl --enable-libvidstab --disable-libvmaf --disable-libvo-amrwbenc --enable-libvorbis --enable-libvpx --enable-vulkan --disable-libvvenc --enable-libwebp --disable-whisper --enable-libx264 --enable-libx265 --disable-libxavs --disable-libxavs2 --disable-libxcb --disable-libxcb-shape --disable-libxcb-shm --disable-libxcb-xfixes --disable-libxevd --disable-libxeve --disable-xlib --enable-libxml2 --enable-libxvid --enable-libzimg --enable-zlib --disable-libzmq --enable-libzvbi --disable-debug --enable-optimizations --disable-extra-warnings --disable-stripping --nvcc=/nix/store/eeeeeeeeeeeeeeeeeeeeeeeeeeeeeeee-clang-21.1.8/bin/clang
  libavutil      61.  1.101 / 61.  1.101
  libavcodec     63.  1.101 / 63.  1.101
  libavformat    63.  1.101 / 63.  1.101
  libavdevice    63.  1.101 / 63.  1.101
  libavfilter    12.  1.101 / 12.  1.101
  libswscale     10.  1.101 / 10.  1.101
  libswresample   7.  1.101 /  7.  1.101
Input #0, mov,mp4,m4a,3gp,3g2,mj2, from 'docs/expressive_kettle/refinement/showcase.mp4':
  Metadata:
    major_brand     : isom
    minor_version   : 512
    compatible_brands: isomiso2avc1mp41
    encoder         : Lavf63.1.101
  Duration: 00:00:36.07, start: 0.000000, bitrate: 669 kb/s
  Stream #0:0[0x1](und): Video: h264 (High) (avc1 / 0x31637661), yuvj420p(pc, bt470bg/unknown/unknown, progressive), 768x432 [SAR 1:1 DAR 16:9], 513 kb/s, 30 fps, 30 tbr, 15360 tbn (default)
    Metadata:
      handler_name    : VideoHandler
      encoder         : Lavc63.1.101 libx264
  Stream #0:1[0x2](und): Audio: aac (LC) (mp4a / 0x6134706D), 48000 Hz, stereo, fltp, 147 kb/s (default)
    Metadata:
      handler_name    : SoundHandler
[Parsed_volumedetect_0 @ 0x6242628e0580] n_samples: 0
Stream mapping:
  Stream #0:1 -> #0:0 (aac (native) -> pcm_s16le (native))
Press [q] to stop, [?] for help
Output #0, null, to '/dev/null':
  Metadata:
    major_brand     : isom
    minor_version   : 512
    compatible_brands: isomiso2avc1mp41
    encoder         : Lavf63.1.101
  Stream #0:0(und): Audio: pcm_s16le, 48000 Hz, stereo, s16, 1536 kb/s (default)
    Metadata:
      encoder         : Lavc63.1.101 pcm_s16le
      handler_name    : SoundHandler
[Parsed_volumedetect_0 @ 0x720640003640] n_samples: 3462720
[Parsed_volumedetect_0 @ 0x720640003640] mean_volume: -28.1 dB
[Parsed_volumedetect_0 @ 0x720640003640] max_volume: -6.7 dB
[Parsed_volumedetect_0 @ 0x720640003640] histogram_6db: 8
[Parsed_volumedetect_0 @ 0x720640003640] histogram_7db: 20
[Parsed_volumedetect_0 @ 0x720640003640] histogram_8db: 68
[Parsed_volumedetect_0 @ 0x720640003640] histogram_9db: 115
[Parsed_volumedetect_0 @ 0x720640003640] histogram_10db: 176
[Parsed_volumedetect_0 @ 0x720640003640] histogram_11db: 298
[Parsed_volumedetect_0 @ 0x720640003640] histogram_12db: 527
[Parsed_volumedetect_0 @ 0x720640003640] histogram_13db: 1158
[Parsed_volumedetect_0 @ 0x720640003640] histogram_14db: 2574
[out#0/null @ 0x6242627c5600] video:0KiB audio:6763KiB subtitle:0KiB other streams:0KiB global headers:0KiB muxing overhead: unknown
size=N/A time=00:00:36.07 bitrate=N/A speed=1.69e+03x elapsed=0:00:00.02
