Godot Engine v4.7.2.stable.official.ed1daf0bf - https://godotengine.org
WARNING: Could not set V-Sync mode, as changing V-Sync mode is not supported by the graphics driver.
     at: set_use_vsync (platform/linuxbsd/x11/gl_manager_x11.cpp:372)
OpenGL API 4.6 (Core Profile) Mesa 26.2.1 - Compatibility - Using Device: Mesa - llvmpipe (LLVM 21.1.8, 256 bits)

AUTOPILOT: 95 steps from res://tools/autopilot/rendered_doors.json
AUTOPILOT: world transition and return conversation settled
PROJECTED: texture colours preserved; foreground masks occlude
PROJECTED: live right/diagonal input has equal screen speed [17.4000549316406, 17.3999767303467]
AUTOPILOT SHOT: /home/user/.cache/ninepoint-rendered/run-bD2Dby/godot/app_userdata/Ninepoint/shots/01_academy_class_to_academy_hall.png
AUTOPILOT SHOT: /home/user/.cache/ninepoint-rendered/run-bD2Dby/godot/app_userdata/Ninepoint/shots/02_academy_dorm_to_academy_hall.png
AUTOPILOT SHOT: /home/user/.cache/ninepoint-rendered/run-bD2Dby/godot/app_userdata/Ninepoint/shots/03_academy_hall_to_ketelsteeg.png
AUTOPILOT SHOT: /home/user/.cache/ninepoint-rendered/run-bD2Dby/godot/app_userdata/Ninepoint/shots/04_academy_hall_to_academy_study.png
AUTOPILOT SHOT: /home/user/.cache/ninepoint-rendered/run-bD2Dby/godot/app_userdata/Ninepoint/shots/05_academy_hall_to_academy_novice.png
AUTOPILOT SHOT: /home/user/.cache/ninepoint-rendered/run-bD2Dby/godot/app_userdata/Ninepoint/shots/06_academy_hall_to_academy_class.png
AUTOPILOT SHOT: /home/user/.cache/ninepoint-rendered/run-bD2Dby/godot/app_userdata/Ninepoint/shots/07_academy_hall_to_academy_dorm.png
AUTOPILOT SHOT: /home/user/.cache/ninepoint-rendered/run-bD2Dby/godot/app_userdata/Ninepoint/shots/08_academy_novice_to_academy_hall.png
AUTOPILOT SHOT: /home/user/.cache/ninepoint-rendered/run-bD2Dby/godot/app_userdata/Ninepoint/shots/09_academy_study_to_academy_hall.png
AUTOPILOT SHOT: /home/user/.cache/ninepoint-rendered/run-bD2Dby/godot/app_userdata/Ninepoint/shots/10_attic_to_ketelsteeg.png
AUTOPILOT SHOT: /home/user/.cache/ninepoint-rendered/run-bD2Dby/godot/app_userdata/Ninepoint/shots/11_bondszaal_to_ketelsteeg.png
AUTOPILOT SHOT: /home/user/.cache/ninepoint-rendered/run-bD2Dby/godot/app_userdata/Ninepoint/shots/12_de_ketel_to_ketelsteeg.png
AUTOPILOT SHOT: /home/user/.cache/ninepoint-rendered/run-bD2Dby/godot/app_userdata/Ninepoint/shots/13_ketelsteeg_to_de_ketel.png
AUTOPILOT SHOT: /home/user/.cache/ninepoint-rendered/run-bD2Dby/godot/app_userdata/Ninepoint/shots/14_ketelsteeg_to_attic.png
AUTOPILOT SHOT: /home/user/.cache/ninepoint-rendered/run-bD2Dby/godot/app_userdata/Ninepoint/shots/15_ketelsteeg_to_wassalon.png
AUTOPILOT SHOT: /home/user/.cache/ninepoint-rendered/run-bD2Dby/godot/app_userdata/Ninepoint/shots/16_ketelsteeg_to_onderbrug.png
AUTOPILOT SHOT: /home/user/.cache/ninepoint-rendered/run-bD2Dby/godot/app_userdata/Ninepoint/shots/17_ketelsteeg_to_quay.png
AUTOPILOT SHOT: /home/user/.cache/ninepoint-rendered/run-bD2Dby/godot/app_userdata/Ninepoint/shots/18_onderbrug_to_ketelsteeg.png
AUTOPILOT SHOT: /home/user/.cache/ninepoint-rendered/run-bD2Dby/godot/app_userdata/Ninepoint/shots/19_onderbrug_to_quay.png
AUTOPILOT SHOT: /home/user/.cache/ninepoint-rendered/run-bD2Dby/godot/app_userdata/Ninepoint/shots/20_quay_to_ketelsteeg.png
AUTOPILOT SHOT: /home/user/.cache/ninepoint-rendered/run-bD2Dby/godot/app_userdata/Ninepoint/shots/21_quay_to_onderbrug.png
AUTOPILOT SHOT: /home/user/.cache/ninepoint-rendered/run-bD2Dby/godot/app_userdata/Ninepoint/shots/22_wassalon_to_ketelsteeg.png
AUTOPILOT: done
WARNING: 4 ObjectDB instances were leaked at exit (run with `--verbose` for details).
   at: cleanup (core/object/object.cpp:2536)
ERROR: 2 resources still in use at exit (run with --verbose for details).
   at: clear (core/io/resource.cpp:822)
