Godot Engine v4.7.2.stable.official.ed1daf0bf - https://godotengine.org
WARNING: Could not set V-Sync mode, as changing V-Sync mode is not supported by the graphics driver.
     at: set_use_vsync (platform/linuxbsd/x11/gl_manager_x11.cpp:372)
OpenGL API 4.6 (Core Profile) Mesa 26.2.1 - Compatibility - Using Device: Mesa - llvmpipe (LLVM 21.1.8, 256 bits)

AUTOPILOT: 15 steps from res://tools/autopilot/mouse_count.json
KataGo warmup fallback: Engine files are unavailable; using the local opponent.
AUTOPILOT: the game reached the count after 6 player moves
BOARD INPUT: { "size": 19.0, "counting": true, "fallback": true }
AUTOPILOT SHOT: /home/user/.cache/ninepoint-rendered/run-Dej4CS/godot/app_userdata/Ninepoint/shots/01_a_count_overview.png
BOARD BUTTON: go_zoom
BOARD INPUT: { "hover": [9, 2] }
AUTOPILOT SHOT: /home/user/.cache/ninepoint-rendered/run-Dej4CS/godot/app_userdata/Ninepoint/shots/02_count_hover_group.png
BOARD INPUT: { "click": [9, 2], "counting": true }
AUTOPILOT SHOT: /home/user/.cache/ninepoint-rendered/run-Dej4CS/godot/app_userdata/Ninepoint/shots/03_count_mouse_changed.png
BOARD INPUT: { "click": [9, 2], "counting": true }
BOARD INPUT: { "toggle_group_mouse": true, "counting": true }
AUTOPILOT SHOT: /home/user/.cache/ninepoint-rendered/run-Dej4CS/godot/app_userdata/Ninepoint/shots/04_b_group_restored.png
BOARD BUTTON: go_zoom
BOARD BUTTON: go_pass
AUTOPILOT SHOT: /home/user/.cache/ninepoint-rendered/run-Dej4CS/godot/app_userdata/Ninepoint/shots/05_c_count_result.png
KATAGO TRIAL: recorded engine evidence
BOARD BUTTON: interact
AUTOPILOT SHOT: /home/user/.cache/ninepoint-rendered/run-Dej4CS/godot/app_userdata/Ninepoint/shots/06_review_ready_after_reaction.png
BOARD BUTTON: review_no
AUTOPILOT: world transition and return conversation settled
AUTOPILOT SHOT: /home/user/.cache/ninepoint-rendered/run-Dej4CS/godot/app_userdata/Ninepoint/shots/07_d_world.png
AUTOPILOT: done
WARNING: 2 ObjectDB instances were leaked at exit (run with `--verbose` for details).
   at: cleanup (core/object/object.cpp:2536)
ERROR: 1 resources still in use at exit (run with --verbose for details).
   at: clear (core/io/resource.cpp:822)
