Godot Engine v4.7.2.stable.official.ed1daf0bf - https://godotengine.org
WARNING: Could not set V-Sync mode, as changing V-Sync mode is not supported by the graphics driver.
     at: set_use_vsync (platform/linuxbsd/x11/gl_manager_x11.cpp:372)
OpenGL API 4.6 (Core Profile) Mesa 26.2.1 - Compatibility - Using Device: Mesa - llvmpipe (LLVM 21.1.8, 256 bits)

AUTOPILOT: 21 steps from res://tools/autopilot/rendered_match.json
AUTOPILOT: world transition and return conversation settled
AUTOPILOT SHOT: /home/user/.cache/ninepoint-rendered/run-Ir46jl/godot/app_userdata/Ninepoint/shots/01_choice_Another game..png
AUTOPILOT SHOT: /home/user/.cache/ninepoint-rendered/run-Ir46jl/godot/app_userdata/Ninepoint/shots/02_choice_Set them up..png
AUTOPILOT SHOT: /home/user/.cache/ninepoint-rendered/run-Ir46jl/godot/app_userdata/Ninepoint/shots/03_nigiri.png
AUTOPILOT SHOT: /home/user/.cache/ninepoint-rendered/run-Ir46jl/godot/app_userdata/Ninepoint/shots/04_nigiri.png
EXPERIENCE: wren_club 9x9; player Black; handicap 0; komi 5.5; unrated false
AUTOPILOT SHOT: /home/user/.cache/ninepoint-rendered/run-Ir46jl/godot/app_userdata/Ninepoint/shots/05_ready.png
AUTOPILOT: the game reached the count after 8 player moves
AUTOPILOT SHOT: /home/user/.cache/ninepoint-rendered/run-Ir46jl/godot/app_userdata/Ninepoint/shots/06_counting.png
AUTOPILOT SHOT: /home/user/.cache/ninepoint-rendered/run-Ir46jl/godot/app_userdata/Ninepoint/shots/07_result.png
AUTOPILOT SHOT: /home/user/.cache/ninepoint-rendered/run-Ir46jl/godot/app_userdata/Ninepoint/shots/08_reaction_before_review.png
AUTOPILOT SHOT: /home/user/.cache/ninepoint-rendered/run-Ir46jl/godot/app_userdata/Ninepoint/shots/09_reaction_before_review.png
AUTOPILOT SHOT: /home/user/.cache/ninepoint-rendered/run-Ir46jl/godot/app_userdata/Ninepoint/shots/10_review_offer.png
AUTOPILOT SHOT: /home/user/.cache/ninepoint-rendered/run-Ir46jl/godot/app_userdata/Ninepoint/shots/11_review_loading.png
Review: 45 of 45 positions in 10.4 s on 8 threads (complete)
AUTOPILOT: the review cards opened
AUTOPILOT SHOT: /home/user/.cache/ninepoint-rendered/run-Ir46jl/godot/app_userdata/Ninepoint/shots/12_review_1_page_1.png
AUTOPILOT SHOT: /home/user/.cache/ninepoint-rendered/run-Ir46jl/godot/app_userdata/Ninepoint/shots/13_review_2_page_1.png
AUTOPILOT SHOT: /home/user/.cache/ninepoint-rendered/run-Ir46jl/godot/app_userdata/Ninepoint/shots/14_review_3_page_1.png
AUTOPILOT SHOT: /home/user/.cache/ninepoint-rendered/run-Ir46jl/godot/app_userdata/Ninepoint/shots/15_review_3_page_2.png
AUTOPILOT SHOT: /home/user/.cache/ninepoint-rendered/run-Ir46jl/godot/app_userdata/Ninepoint/shots/16_review_4_page_1.png
AUTOPILOT SHOT: /home/user/.cache/ninepoint-rendered/run-Ir46jl/godot/app_userdata/Ninepoint/shots/17_review_4_page_2.png
AUTOPILOT: world transition and return conversation settled
AUTOPILOT SHOT: /home/user/.cache/ninepoint-rendered/run-Ir46jl/godot/app_userdata/Ninepoint/shots/18_back_in_room.png
AUTOPILOT SHOT: /home/user/.cache/ninepoint-rendered/run-Ir46jl/godot/app_userdata/Ninepoint/shots/19_walking_after_review.png
AUTOPILOT: done
