Godot Engine v4.7.2.stable.official.ed1daf0bf - https://godotengine.org

[   0% ] [90m[1mfirst_scan_filesystem[22m | Started Project initialization (5 steps)[39m[0m
[   0% ] [90m[1mfirst_scan_filesystem[22m | Scanning file structure...[39m[0m
[  16% ] [90m[1mfirst_scan_filesystem[22m | Loading global class names...[39m[0m
[  33% ] [90m[1mfirst_scan_filesystem[22m | Verifying GDExtensions...[39m[0m
[  50% ] [90m[1mfirst_scan_filesystem[22m | Creating autoload scripts...[39m[0m
[  66% ] [90m[1mfirst_scan_filesystem[22m | Initializing plugins...[39m[0m
[  83% ] [90m[1mfirst_scan_filesystem[22m | Starting file scan...[39m[0m
[92m[ DONE ][39m [1mfirst_scan_filesystem[22m
[0m
[   0% ] [90m[1mupdate_scripts_classes[22m | Started Registering global classes... (4 steps)[39m[0m
[   0% ] [90m[1mupdate_scripts_classes[22m | AudioPreview[39m[0m
[  20% ] [90m[1mupdate_scripts_classes[22m | AudioPreviewTests[39m[0m
[  40% ] [90m[1mupdate_scripts_classes[22m | [39m[0m
[  60% ] [90m[1mupdate_scripts_classes[22m | [39m[0m
[92m[ DONE ][39m [1mupdate_scripts_classes[22m
[0m
[   0% ] [90m[1m_update_scan_actions[22m | Started Scanning actions... (33 steps)[39m[0m
[   0% ] [90m[1m_update_scan_actions[22m | ninepoint_font.png[39m[0m
[   2% ] [90m[1m_update_scan_actions[22m | bowl_rattle.wav[39m[0m
[   5% ] [90m[1m_update_scan_actions[22m | capture_group.wav[39m[0m
[   8% ] [90m[1m_update_scan_actions[22m | capture_single.wav[39m[0m
[  11% ] [90m[1m_update_scan_actions[22m | kettle.wav[39m[0m
[  14% ] [90m[1m_update_scan_actions[22m | match.wav[39m[0m
[  17% ] [90m[1m_update_scan_actions[22m | match_in.wav[39m[0m
[  20% ] [90m[1m_update_scan_actions[22m | stone_deep_0.wav[39m[0m
[  23% ] [90m[1m_update_scan_actions[22m | stone_deep_1.wav[39m[0m
[  26% ] [90m[1m_update_scan_actions[22m | stone_deep_2.wav[39m[0m
[  29% ] [90m[1m_update_scan_actions[22m | stone_deep_3.wav[39m[0m
[  32% ] [90m[1m_update_scan_actions[22m | stone_deep_4.wav[39m[0m
[  35% ] [90m[1m_update_scan_actions[22m | stone_deep_5.wav[39m[0m
[  38% ] [90m[1m_update_scan_actions[22m | stone_snap_0.wav[39m[0m
[  41% ] [90m[1m_update_scan_actions[22m | stone_snap_1.wav[39m[0m
[  44% ] [90m[1m_update_scan_actions[22m | stone_snap_2.wav[39m[0m
[  47% ] [90m[1m_update_scan_actions[22m | stone_snap_3.wav[39m[0m
[  50% ] [90m[1m_update_scan_actions[22m | stone_snap_4.wav[39m[0m
[  52% ] [90m[1m_update_scan_actions[22m | stone_snap_5.wav[39m[0m
[  55% ] [90m[1m_update_scan_actions[22m | stone_thunk_0.wav[39m[0m
[  58% ] [90m[1m_update_scan_actions[22m | stone_thunk_1.wav[39m[0m
[  61% ] [90m[1m_update_scan_actions[22m | stone_thunk_2.wav[39m[0m
[  64% ] [90m[1m_update_scan_actions[22m | stone_thunk_3.wav[39m[0m
[  67% ] [90m[1m_update_scan_actions[22m | stone_thunk_4.wav[39m[0m
[  70% ] [90m[1m_update_scan_actions[22m | stone_thunk_5.wav[39m[0m
[  73% ] [90m[1m_update_scan_actions[22m | stone_thwack_0.wav[39m[0m
[  76% ] [90m[1m_update_scan_actions[22m | stone_thwack_1.wav[39m[0m
[  79% ] [90m[1m_update_scan_actions[22m | stone_thwack_2.wav[39m[0m
[  82% ] [90m[1m_update_scan_actions[22m | stone_thwack_3.wav[39m[0m
[  85% ] [90m[1m_update_scan_actions[22m | stone_thwack_4.wav[39m[0m
[  88% ] [90m[1m_update_scan_actions[22m | stone_thwack_5.wav[39m[0m
[  91% ] [90m[1m_update_scan_actions[22m | sessions.csv[39m[0m
[  94% ] [90m[1m_update_scan_actions[22m | rev06_mockup.png[39m[0m
[92m[ DONE ][39m [1m_update_scan_actions[22m
[0m
[   0% ] [90m[1mreimport[22m | Started (Re)Importing Assets (10 steps)[39m[0m
[   0% ] [90m[1mreimport[22m | Preparing files to reimport...[39m[0m
[   9% ] [90m[1mreimport[22m | Preparing files to reimport...[39m[0m
[  18% ] [90m[1mreimport[22m | Preparing files to reimport...[39m[0m
[  27% ] [90m[1mreimport[22m | Preparing files to reimport...[39m[0m
[  36% ] [90m[1mreimport[22m | Preparing files to reimport...[39m[0m
[  45% ] [90m[1mreimport[22m | Preparing files to reimport...[39m[0m
[  54% ] [90m[1mreimport[22m | Preparing files to reimport...[39m[0m
[  63% ] [90m[1mreimport[22m | Preparing files to reimport...[39m[0m
[  72% ] [90m[1mreimport[22m | Preparing files to reimport...[39m[0m
[  81% ] [90m[1mreimport[22m | Preparing files to reimport...[39m[0m
[   0% ] [90m[1mreimport[22m | Executing pre-reimport operations...[39m[0m
[   0% ] [90m[1mreimport[22m | rev06_mockup.png[39m[0m
[   9% ] [90m[1mreimport[22m | rev06_mockup.png[39m[0m
[  18% ] [90m[1mreimport[22m | kettle.wav[39m[0m
[  27% ] [90m[1mreimport[22m | match.wav[39m[0m
[  36% ] [90m[1mreimport[22m | match_in.wav[39m[0m
[  45% ] [90m[1mreimport[22m | stone_thwack_0.wav[39m[0m
[  54% ] [90m[1mreimport[22m | stone_thwack_1.wav[39m[0m
[  63% ] [90m[1mreimport[22m | stone_thwack_2.wav[39m[0m
[  72% ] [90m[1mreimport[22m | stone_thwack_3.wav[39m[0m
[  81% ] [90m[1mreimport[22m | stone_thwack_4.wav[39m[0m
[  90% ] [90m[1mreimport[22m | Finalizing Asset Import...[39m[0m
[92m[ DONE ][39m [1mreimport[22m
[0m
[   0% ] [90m[1mreimport[22m | Started (Re)Importing Assets (10 steps)[39m[0m
[   0% ] [90m[1mreimport[22m | Executing post-reimport operations...[39m[0m
[92m[ DONE ][39m [1mreimport[22m
[0m
[   0% ] [90m[1mloading_editor_layout[22m | Started Loading editor (5 steps)[39m[0m
[   0% ] [90m[1mloading_editor_layout[22m | Loading editor layout...[39m[0m
[  16% ] [90m[1mloading_editor_layout[22m | Loading docks...[39m[0m
[92m[ DONE ][39m [1mloading_editor_layout[22m
[0m
