Godot Engine v4.7.2.stable.official.ed1daf0bf - https://godotengine.org
WARNING: Could not set V-Sync mode, as changing V-Sync mode is not supported by the graphics driver.
     at: set_use_vsync (platform/linuxbsd/x11/gl_manager_x11.cpp:372)
OpenGL API 4.6 (Core Profile) Mesa 26.2.1 - Compatibility - Using Device: Mesa - llvmpipe (LLVM 21.1.8, 256 bits)

Movie Maker mode enabled, recording movie in 768×432 @ 30 FPS...
CAST CLIPS player: ["concern", "greet", "idle", "place", "pleased", "surprise", "thinking"]
CAST CLIPS wren: ["concern", "greet", "idle", "place", "pleased", "surprise", "thinking"]
EXPRESSIVE SHOT: 01_table_for_two
EXPRESSIVE SHOT: 02_placing_a_stone
EXPRESSIVE SHOT: 03_thinking
EXPRESSIVE SHOT: 04_wren_surprised
EXPRESSIVE SHOT: 05_wren_relief
EXPRESSIVE SHOT: 06_counting_together
EXPRESSIVE SHOWCASE: 16 legal moves, both capture reactions, count and result; complete
--------------------------------------------------------------------------------
Done recording movie at path: /home/user/.cache/ninepoint-table-scene.avi
1177 frames at 30 FPS (movie length: 00:00:39:07), recorded in 00:00:57 (68% of real-time speed).
CPU render time: 0.77 seconds (average: 0.66 ms/frame)
GPU render time: 0.79 seconds (average: 0.67 ms/frame)
Encoding time: 3.77 seconds (average: 3.20 ms/frame)
--------------------------------------------------------------------------------
