00:14.081  render           | Saved: '/home/user/Code/go-rpg-game/.godot/world-render/academy_class/scene.png'
00:14.210  render           | Saved: '/home/user/Code/go-rpg-game/.godot/world-render/academy_class/depth.png'
Info: Saved as "scene.blend"
Blender 5.2.1 LTS

Blender quit
00:04.204  render           | Saved: '/home/user/Code/go-rpg-game/.godot/world-render/academy_dorm/scene.png'
00:04.267  render           | Saved: '/home/user/Code/go-rpg-game/.godot/world-render/academy_dorm/depth.png'
Info: Saved as "scene.blend"
Blender 5.2.1 LTS

Blender quit
00:06.603  render           | Saved: '/home/user/Code/go-rpg-game/.godot/world-render/academy_hall/scene.png'
00:06.711  render           | Saved: '/home/user/Code/go-rpg-game/.godot/world-render/academy_hall/depth.png'
Info: Saved as "scene.blend"
Blender 5.2.1 LTS

Blender quit
00:10.279  render           | Saved: '/home/user/Code/go-rpg-game/.godot/world-render/academy_novice/scene.png'
00:10.403  render           | Saved: '/home/user/Code/go-rpg-game/.godot/world-render/academy_novice/depth.png'
Info: Saved as "scene.blend"
Blender 5.2.1 LTS

Blender quit
00:09.601  render           | Saved: '/home/user/Code/go-rpg-game/.godot/world-render/academy_study/scene.png'
00:09.723  render           | Saved: '/home/user/Code/go-rpg-game/.godot/world-render/academy_study/depth.png'
Info: Saved as "scene.blend"
Blender 5.2.1 LTS

Blender quit
00:03.579  render           | Saved: '/home/user/Code/go-rpg-game/.godot/world-render/attic/scene.png'
00:03.628  render           | Saved: '/home/user/Code/go-rpg-game/.godot/world-render/attic/depth.png'
Info: Saved as "scene.blend"
Blender 5.2.1 LTS

Blender quit
01:39.548  render           | Saved: '/home/user/Code/go-rpg-game/.godot/world-render/bondszaal/scene.png'
01:39.922  render           | Saved: '/home/user/Code/go-rpg-game/.godot/world-render/bondszaal/depth.png'
Info: Saved as "scene.blend"
Blender 5.2.1 LTS

Blender quit
00:34.129  render           | Saved: '/home/user/Code/go-rpg-game/.godot/world-render/de_ketel/scene.png'
00:34.325  render           | Saved: '/home/user/Code/go-rpg-game/.godot/world-render/de_ketel/depth.png'
Info: Saved as "scene.blend"
Blender 5.2.1 LTS

Blender quit
01:30.000  render           | Saved: '/home/user/Code/go-rpg-game/.godot/world-render/ketelsteeg/scene.png'
01:30.343  render           | Saved: '/home/user/Code/go-rpg-game/.godot/world-render/ketelsteeg/depth.png'
Info: Saved as "scene.blend"
Blender 5.2.1 LTS

Blender quit
00:23.653  render           | Saved: '/home/user/Code/go-rpg-game/.godot/world-render/onderbrug/scene.png'
00:23.808  render           | Saved: '/home/user/Code/go-rpg-game/.godot/world-render/onderbrug/depth.png'
Info: Saved as "scene.blend"
Blender 5.2.1 LTS

Blender quit
00:22.085  render           | Saved: '/home/user/Code/go-rpg-game/.godot/world-render/quay/scene.png'
00:22.313  render           | Saved: '/home/user/Code/go-rpg-game/.godot/world-render/quay/depth.png'
Info: Saved as "scene.blend"
Blender 5.2.1 LTS

Blender quit
00:05.992  render           | Saved: '/home/user/Code/go-rpg-game/.godot/world-render/wassalon/scene.png'
00:06.083  render           | Saved: '/home/user/Code/go-rpg-game/.godot/world-render/wassalon/depth.png'
Info: Saved as "scene.blend"
Blender 5.2.1 LTS

Blender quit
