Godot Engine v4.7.2.stable.official.ed1daf0bf - https://godotengine.org
WARNING: Could not set V-Sync mode, as changing V-Sync mode is not supported by the graphics driver.
     at: set_use_vsync (platform/linuxbsd/x11/gl_manager_x11.cpp:372)
OpenGL API 4.6 (Core Profile) Mesa 26.2.1 - Compatibility - Using Device: Mesa - llvmpipe (LLVM 21.1.8, 256 bits)

AUTOPILOT: 30 steps from res://tools/autopilot/rendered_coastal.json
AUTOPILOT: world transition and return conversation settled
AUTOPILOT SHOT: /home/user/.cache/ninepoint-rendered/run-ocDGFE/godot/app_userdata/Ninepoint/shots/01_rounded_home.png
AUTOPILOT SHOT: /home/user/.cache/ninepoint-rendered/run-ocDGFE/godot/app_userdata/Ninepoint/shots/02_recessed_kettle.png
AUTOPILOT SHOT: /home/user/.cache/ninepoint-rendered/run-ocDGFE/godot/app_userdata/Ninepoint/shots/03_stairwell_laundry.png
AUTOPILOT SHOT: /home/user/.cache/ninepoint-rendered/run-ocDGFE/godot/app_userdata/Ninepoint/shots/04_stone_arcade_entry.png
AUTOPILOT SHOT: /home/user/.cache/ninepoint-rendered/run-ocDGFE/godot/app_userdata/Ninepoint/shots/05_garden_surrounds.png
AUTOPILOT SHOT: /home/user/.cache/ninepoint-rendered/run-ocDGFE/godot/app_userdata/Ninepoint/shots/06_west_harbor.png
AUTOPILOT SHOT: /home/user/.cache/ninepoint-rendered/run-ocDGFE/godot/app_userdata/Ninepoint/shots/07_fishing_boats.png
AUTOPILOT SHOT: /home/user/.cache/ninepoint-rendered/run-ocDGFE/godot/app_userdata/Ninepoint/shots/08_east_harbor.png
AUTOPILOT SHOT: /home/user/.cache/ninepoint-rendered/run-ocDGFE/godot/app_userdata/Ninepoint/shots/09_old_port_steps.png
AUTOPILOT SHOT: /home/user/.cache/ninepoint-rendered/run-ocDGFE/godot/app_userdata/Ninepoint/shots/10_arcade_arch.png
AUTOPILOT SHOT: /home/user/.cache/ninepoint-rendered/run-ocDGFE/godot/app_userdata/Ninepoint/shots/11_arcade_east.png
AUTOPILOT: done
WARNING: 4 ObjectDB instances were leaked at exit (run with `--verbose` for details).
   at: cleanup (core/object/object.cpp:2536)
ERROR: 2 resources still in use at exit (run with --verbose for details).
   at: clear (core/io/resource.cpp:822)
