00:17.369  render           | Saved: '/home/user/Code/go-rpg-game/.godot/world-render/academy_class/scene.png'
00:17.495  render           | Saved: '/home/user/Code/go-rpg-game/.godot/world-render/academy_class/depth.png'
Info: Saved as "scene.blend"
Blender 5.2.1 LTS

Blender quit
00:04.307  render           | Saved: '/home/user/Code/go-rpg-game/.godot/world-render/academy_dorm/scene.png'
00:04.368  render           | Saved: '/home/user/Code/go-rpg-game/.godot/world-render/academy_dorm/depth.png'
Info: Saved as "scene.blend"
Blender 5.2.1 LTS

Blender quit
00:06.569  render           | Saved: '/home/user/Code/go-rpg-game/.godot/world-render/academy_hall/scene.png'
00:06.671  render           | Saved: '/home/user/Code/go-rpg-game/.godot/world-render/academy_hall/depth.png'
Info: Saved as "scene.blend"
Blender 5.2.1 LTS

Blender quit
00:11.263  render           | Saved: '/home/user/Code/go-rpg-game/.godot/world-render/academy_novice/scene.png'
00:11.409  render           | Saved: '/home/user/Code/go-rpg-game/.godot/world-render/academy_novice/depth.png'
Info: Saved as "scene.blend"
Blender 5.2.1 LTS

Blender quit
00:08.706  render           | Saved: '/home/user/Code/go-rpg-game/.godot/world-render/academy_study/scene.png'
00:08.820  render           | Saved: '/home/user/Code/go-rpg-game/.godot/world-render/academy_study/depth.png'
Info: Saved as "scene.blend"
Blender 5.2.1 LTS

Blender quit
02:15.801  render           | Saved: '/home/user/Code/go-rpg-game/.godot/world-render/bondszaal/scene.png'
02:16.189  render           | Saved: '/home/user/Code/go-rpg-game/.godot/world-render/bondszaal/depth.png'
Info: Saved as "scene.blend"
Blender 5.2.1 LTS

Blender quit
00:06.039  render           | Saved: '/home/user/Code/go-rpg-game/.godot/world-render/wassalon/scene.png'
00:06.123  render           | Saved: '/home/user/Code/go-rpg-game/.godot/world-render/wassalon/depth.png'
Info: Saved as "scene.blend"
Blender 5.2.1 LTS

Blender quit
