00:00.820  render           | Saved: '/home/user/Code/go-rpg-game/.godot/world-render/motion/player_0_1.png'
00:00.906  render           | Saved: '/home/user/Code/go-rpg-game/.godot/world-render/motion/player_1_1.png'
00:00.986  render           | Saved: '/home/user/Code/go-rpg-game/.godot/world-render/motion/player_2_1.png'
00:01.067  render           | Saved: '/home/user/Code/go-rpg-game/.godot/world-render/motion/player_3_1.png'
00:01.150  render           | Saved: '/home/user/Code/go-rpg-game/.godot/world-render/motion/player_4_1.png'
00:01.236  render           | Saved: '/home/user/Code/go-rpg-game/.godot/world-render/motion/player_5_1.png'
00:01.317  render           | Saved: '/home/user/Code/go-rpg-game/.godot/world-render/motion/player_6_1.png'
00:01.400  render           | Saved: '/home/user/Code/go-rpg-game/.godot/world-render/motion/player_7_1.png'
00:01.540  render           | Saved: '/home/user/Code/go-rpg-game/.godot/world-render/motion/player_0_2.png'
00:01.624  render           | Saved: '/home/user/Code/go-rpg-game/.godot/world-render/motion/player_1_2.png'
00:01.702  render           | Saved: '/home/user/Code/go-rpg-game/.godot/world-render/motion/player_2_2.png'
00:01.785  render           | Saved: '/home/user/Code/go-rpg-game/.godot/world-render/motion/player_3_2.png'
00:01.870  render           | Saved: '/home/user/Code/go-rpg-game/.godot/world-render/motion/player_4_2.png'
00:01.952  render           | Saved: '/home/user/Code/go-rpg-game/.godot/world-render/motion/player_5_2.png'
00:02.029  render           | Saved: '/home/user/Code/go-rpg-game/.godot/world-render/motion/player_6_2.png'
00:02.110  render           | Saved: '/home/user/Code/go-rpg-game/.godot/world-render/motion/player_7_2.png'
00:02.246  render           | Saved: '/home/user/Code/go-rpg-game/.godot/world-render/motion/player_0_3.png'
00:02.330  render           | Saved: '/home/user/Code/go-rpg-game/.godot/world-render/motion/player_1_3.png'
00:02.410  render           | Saved: '/home/user/Code/go-rpg-game/.godot/world-render/motion/player_2_3.png'
00:02.492  render           | Saved: '/home/user/Code/go-rpg-game/.godot/world-render/motion/player_3_3.png'
00:02.577  render           | Saved: '/home/user/Code/go-rpg-game/.godot/world-render/motion/player_4_3.png'
00:02.662  render           | Saved: '/home/user/Code/go-rpg-game/.godot/world-render/motion/player_5_3.png'
00:02.744  render           | Saved: '/home/user/Code/go-rpg-game/.godot/world-render/motion/player_6_3.png'
00:02.829  render           | Saved: '/home/user/Code/go-rpg-game/.godot/world-render/motion/player_7_3.png'
00:02.972  render           | Saved: '/home/user/Code/go-rpg-game/.godot/world-render/motion/wren_0_1.png'
00:03.061  render           | Saved: '/home/user/Code/go-rpg-game/.godot/world-render/motion/wren_1_1.png'
00:03.144  render           | Saved: '/home/user/Code/go-rpg-game/.godot/world-render/motion/wren_2_1.png'
00:03.229  render           | Saved: '/home/user/Code/go-rpg-game/.godot/world-render/motion/wren_3_1.png'
00:03.314  render           | Saved: '/home/user/Code/go-rpg-game/.godot/world-render/motion/wren_4_1.png'
00:03.400  render           | Saved: '/home/user/Code/go-rpg-game/.godot/world-render/motion/wren_5_1.png'
00:03.486  render           | Saved: '/home/user/Code/go-rpg-game/.godot/world-render/motion/wren_6_1.png'
00:03.572  render           | Saved: '/home/user/Code/go-rpg-game/.godot/world-render/motion/wren_7_1.png'
00:03.715  render           | Saved: '/home/user/Code/go-rpg-game/.godot/world-render/motion/wren_0_2.png'
00:03.802  render           | Saved: '/home/user/Code/go-rpg-game/.godot/world-render/motion/wren_1_2.png'
00:03.885  render           | Saved: '/home/user/Code/go-rpg-game/.godot/world-render/motion/wren_2_2.png'
00:03.969  render           | Saved: '/home/user/Code/go-rpg-game/.godot/world-render/motion/wren_3_2.png'
00:04.054  render           | Saved: '/home/user/Code/go-rpg-game/.godot/world-render/motion/wren_4_2.png'
00:04.138  render           | Saved: '/home/user/Code/go-rpg-game/.godot/world-render/motion/wren_5_2.png'
00:04.218  render           | Saved: '/home/user/Code/go-rpg-game/.godot/world-render/motion/wren_6_2.png'
00:04.301  render           | Saved: '/home/user/Code/go-rpg-game/.godot/world-render/motion/wren_7_2.png'
00:04.439  render           | Saved: '/home/user/Code/go-rpg-game/.godot/world-render/motion/wren_0_3.png'
00:04.523  render           | Saved: '/home/user/Code/go-rpg-game/.godot/world-render/motion/wren_1_3.png'
00:04.605  render           | Saved: '/home/user/Code/go-rpg-game/.godot/world-render/motion/wren_2_3.png'
00:04.688  render           | Saved: '/home/user/Code/go-rpg-game/.godot/world-render/motion/wren_3_3.png'
00:04.774  render           | Saved: '/home/user/Code/go-rpg-game/.godot/world-render/motion/wren_4_3.png'
00:04.860  render           | Saved: '/home/user/Code/go-rpg-game/.godot/world-render/motion/wren_5_3.png'
00:04.944  render           | Saved: '/home/user/Code/go-rpg-game/.godot/world-render/motion/wren_6_3.png'
00:05.031  render           | Saved: '/home/user/Code/go-rpg-game/.godot/world-render/motion/wren_7_3.png'
00:05.179  render           | Saved: '/home/user/Code/go-rpg-game/.godot/world-render/motion/kesh_0_1.png'
00:05.265  render           | Saved: '/home/user/Code/go-rpg-game/.godot/world-render/motion/kesh_1_1.png'
00:05.350  render           | Saved: '/home/user/Code/go-rpg-game/.godot/world-render/motion/kesh_2_1.png'
00:05.432  render           | Saved: '/home/user/Code/go-rpg-game/.godot/world-render/motion/kesh_3_1.png'
00:05.519  render           | Saved: '/home/user/Code/go-rpg-game/.godot/world-render/motion/kesh_4_1.png'
00:05.600  render           | Saved: '/home/user/Code/go-rpg-game/.godot/world-render/motion/kesh_5_1.png'
00:05.682  render           | Saved: '/home/user/Code/go-rpg-game/.godot/world-render/motion/kesh_6_1.png'
00:05.767  render           | Saved: '/home/user/Code/go-rpg-game/.godot/world-render/motion/kesh_7_1.png'
00:05.918  render           | Saved: '/home/user/Code/go-rpg-game/.godot/world-render/motion/kesh_0_2.png'
00:06.003  render           | Saved: '/home/user/Code/go-rpg-game/.godot/world-render/motion/kesh_1_2.png'
00:06.082  render           | Saved: '/home/user/Code/go-rpg-game/.godot/world-render/motion/kesh_2_2.png'
00:06.166  render           | Saved: '/home/user/Code/go-rpg-game/.godot/world-render/motion/kesh_3_2.png'
00:06.251  render           | Saved: '/home/user/Code/go-rpg-game/.godot/world-render/motion/kesh_4_2.png'
00:06.334  render           | Saved: '/home/user/Code/go-rpg-game/.godot/world-render/motion/kesh_5_2.png'
00:06.416  render           | Saved: '/home/user/Code/go-rpg-game/.godot/world-render/motion/kesh_6_2.png'
00:06.501  render           | Saved: '/home/user/Code/go-rpg-game/.godot/world-render/motion/kesh_7_2.png'
00:06.651  render           | Saved: '/home/user/Code/go-rpg-game/.godot/world-render/motion/kesh_0_3.png'
00:06.737  render           | Saved: '/home/user/Code/go-rpg-game/.godot/world-render/motion/kesh_1_3.png'
00:06.819  render           | Saved: '/home/user/Code/go-rpg-game/.godot/world-render/motion/kesh_2_3.png'
00:06.900  render           | Saved: '/home/user/Code/go-rpg-game/.godot/world-render/motion/kesh_3_3.png'
00:06.983  render           | Saved: '/home/user/Code/go-rpg-game/.godot/world-render/motion/kesh_4_3.png'
00:07.066  render           | Saved: '/home/user/Code/go-rpg-game/.godot/world-render/motion/kesh_5_3.png'
00:07.150  render           | Saved: '/home/user/Code/go-rpg-game/.godot/world-render/motion/kesh_6_3.png'
00:07.235  render           | Saved: '/home/user/Code/go-rpg-game/.godot/world-render/motion/kesh_7_3.png'
00:07.369  render           | Saved: '/home/user/Code/go-rpg-game/.godot/world-render/motion/pip_0_1.png'
00:07.456  render           | Saved: '/home/user/Code/go-rpg-game/.godot/world-render/motion/pip_1_1.png'
00:07.538  render           | Saved: '/home/user/Code/go-rpg-game/.godot/world-render/motion/pip_2_1.png'
00:07.624  render           | Saved: '/home/user/Code/go-rpg-game/.godot/world-render/motion/pip_3_1.png'
00:07.710  render           | Saved: '/home/user/Code/go-rpg-game/.godot/world-render/motion/pip_4_1.png'
00:07.793  render           | Saved: '/home/user/Code/go-rpg-game/.godot/world-render/motion/pip_5_1.png'
00:07.877  render           | Saved: '/home/user/Code/go-rpg-game/.godot/world-render/motion/pip_6_1.png'
00:07.964  render           | Saved: '/home/user/Code/go-rpg-game/.godot/world-render/motion/pip_7_1.png'
00:08.110  render           | Saved: '/home/user/Code/go-rpg-game/.godot/world-render/motion/pip_0_2.png'
00:08.194  render           | Saved: '/home/user/Code/go-rpg-game/.godot/world-render/motion/pip_1_2.png'
00:08.274  render           | Saved: '/home/user/Code/go-rpg-game/.godot/world-render/motion/pip_2_2.png'
00:08.357  render           | Saved: '/home/user/Code/go-rpg-game/.godot/world-render/motion/pip_3_2.png'
00:08.440  render           | Saved: '/home/user/Code/go-rpg-game/.godot/world-render/motion/pip_4_2.png'
00:08.523  render           | Saved: '/home/user/Code/go-rpg-game/.godot/world-render/motion/pip_5_2.png'
00:08.602  render           | Saved: '/home/user/Code/go-rpg-game/.godot/world-render/motion/pip_6_2.png'
00:08.684  render           | Saved: '/home/user/Code/go-rpg-game/.godot/world-render/motion/pip_7_2.png'
00:08.817  render           | Saved: '/home/user/Code/go-rpg-game/.godot/world-render/motion/pip_0_3.png'
00:08.901  render           | Saved: '/home/user/Code/go-rpg-game/.godot/world-render/motion/pip_1_3.png'
00:08.981  render           | Saved: '/home/user/Code/go-rpg-game/.godot/world-render/motion/pip_2_3.png'
00:09.067  render           | Saved: '/home/user/Code/go-rpg-game/.godot/world-render/motion/pip_3_3.png'
00:09.151  render           | Saved: '/home/user/Code/go-rpg-game/.godot/world-render/motion/pip_4_3.png'
00:09.234  render           | Saved: '/home/user/Code/go-rpg-game/.godot/world-render/motion/pip_5_3.png'
00:09.317  render           | Saved: '/home/user/Code/go-rpg-game/.godot/world-render/motion/pip_6_3.png'
00:09.403  render           | Saved: '/home/user/Code/go-rpg-game/.godot/world-render/motion/pip_7_3.png'
00:09.532  render           | Saved: '/home/user/Code/go-rpg-game/.godot/world-render/motion/bertie_0_1.png'
00:09.616  render           | Saved: '/home/user/Code/go-rpg-game/.godot/world-render/motion/bertie_1_1.png'
00:09.700  render           | Saved: '/home/user/Code/go-rpg-game/.godot/world-render/motion/bertie_2_1.png'
00:09.783  render           | Saved: '/home/user/Code/go-rpg-game/.godot/world-render/motion/bertie_3_1.png'
00:09.866  render           | Saved: '/home/user/Code/go-rpg-game/.godot/world-render/motion/bertie_4_1.png'
00:09.950  render           | Saved: '/home/user/Code/go-rpg-game/.godot/world-render/motion/bertie_5_1.png'
00:10.033  render           | Saved: '/home/user/Code/go-rpg-game/.godot/world-render/motion/bertie_6_1.png'
00:10.118  render           | Saved: '/home/user/Code/go-rpg-game/.godot/world-render/motion/bertie_7_1.png'
00:10.251  render           | Saved: '/home/user/Code/go-rpg-game/.godot/world-render/motion/bertie_0_2.png'
00:10.334  render           | Saved: '/home/user/Code/go-rpg-game/.godot/world-render/motion/bertie_1_2.png'
00:10.412  render           | Saved: '/home/user/Code/go-rpg-game/.godot/world-render/motion/bertie_2_2.png'
00:10.495  render           | Saved: '/home/user/Code/go-rpg-game/.godot/world-render/motion/bertie_3_2.png'
00:10.580  render           | Saved: '/home/user/Code/go-rpg-game/.godot/world-render/motion/bertie_4_2.png'
00:10.666  render           | Saved: '/home/user/Code/go-rpg-game/.godot/world-render/motion/bertie_5_2.png'
00:10.747  render           | Saved: '/home/user/Code/go-rpg-game/.godot/world-render/motion/bertie_6_2.png'
00:10.834  render           | Saved: '/home/user/Code/go-rpg-game/.godot/world-render/motion/bertie_7_2.png'
00:10.965  render           | Saved: '/home/user/Code/go-rpg-game/.godot/world-render/motion/bertie_0_3.png'
00:11.051  render           | Saved: '/home/user/Code/go-rpg-game/.godot/world-render/motion/bertie_1_3.png'
00:11.136  render           | Saved: '/home/user/Code/go-rpg-game/.godot/world-render/motion/bertie_2_3.png'
00:11.222  render           | Saved: '/home/user/Code/go-rpg-game/.godot/world-render/motion/bertie_3_3.png'
00:11.307  render           | Saved: '/home/user/Code/go-rpg-game/.godot/world-render/motion/bertie_4_3.png'
00:11.392  render           | Saved: '/home/user/Code/go-rpg-game/.godot/world-render/motion/bertie_5_3.png'
00:11.474  render           | Saved: '/home/user/Code/go-rpg-game/.godot/world-render/motion/bertie_6_3.png'
00:11.559  render           | Saved: '/home/user/Code/go-rpg-game/.godot/world-render/motion/bertie_7_3.png'
00:11.703  render           | Saved: '/home/user/Code/go-rpg-game/.godot/world-render/motion/nadia_0_1.png'
00:11.789  render           | Saved: '/home/user/Code/go-rpg-game/.godot/world-render/motion/nadia_1_1.png'
00:11.874  render           | Saved: '/home/user/Code/go-rpg-game/.godot/world-render/motion/nadia_2_1.png'
00:11.956  render           | Saved: '/home/user/Code/go-rpg-game/.godot/world-render/motion/nadia_3_1.png'
00:12.040  render           | Saved: '/home/user/Code/go-rpg-game/.godot/world-render/motion/nadia_4_1.png'
00:12.126  render           | Saved: '/home/user/Code/go-rpg-game/.godot/world-render/motion/nadia_5_1.png'
00:12.211  render           | Saved: '/home/user/Code/go-rpg-game/.godot/world-render/motion/nadia_6_1.png'
00:12.295  render           | Saved: '/home/user/Code/go-rpg-game/.godot/world-render/motion/nadia_7_1.png'
00:12.448  render           | Saved: '/home/user/Code/go-rpg-game/.godot/world-render/motion/nadia_0_2.png'
00:12.534  render           | Saved: '/home/user/Code/go-rpg-game/.godot/world-render/motion/nadia_1_2.png'
00:12.616  render           | Saved: '/home/user/Code/go-rpg-game/.godot/world-render/motion/nadia_2_2.png'
00:12.702  render           | Saved: '/home/user/Code/go-rpg-game/.godot/world-render/motion/nadia_3_2.png'
00:12.788  render           | Saved: '/home/user/Code/go-rpg-game/.godot/world-render/motion/nadia_4_2.png'
00:12.869  render           | Saved: '/home/user/Code/go-rpg-game/.godot/world-render/motion/nadia_5_2.png'
00:12.948  render           | Saved: '/home/user/Code/go-rpg-game/.godot/world-render/motion/nadia_6_2.png'
00:13.032  render           | Saved: '/home/user/Code/go-rpg-game/.godot/world-render/motion/nadia_7_2.png'
00:13.175  render           | Saved: '/home/user/Code/go-rpg-game/.godot/world-render/motion/nadia_0_3.png'
00:13.259  render           | Saved: '/home/user/Code/go-rpg-game/.godot/world-render/motion/nadia_1_3.png'
00:13.341  render           | Saved: '/home/user/Code/go-rpg-game/.godot/world-render/motion/nadia_2_3.png'
00:13.425  render           | Saved: '/home/user/Code/go-rpg-game/.godot/world-render/motion/nadia_3_3.png'
00:13.513  render           | Saved: '/home/user/Code/go-rpg-game/.godot/world-render/motion/nadia_4_3.png'
00:13.599  render           | Saved: '/home/user/Code/go-rpg-game/.godot/world-render/motion/nadia_5_3.png'
00:13.684  render           | Saved: '/home/user/Code/go-rpg-game/.godot/world-render/motion/nadia_6_3.png'
00:13.769  render           | Saved: '/home/user/Code/go-rpg-game/.godot/world-render/motion/nadia_7_3.png'
00:13.912  render           | Saved: '/home/user/Code/go-rpg-game/.godot/world-render/motion/hana_0_1.png'
00:13.997  render           | Saved: '/home/user/Code/go-rpg-game/.godot/world-render/motion/hana_1_1.png'
00:14.081  render           | Saved: '/home/user/Code/go-rpg-game/.godot/world-render/motion/hana_2_1.png'
00:14.165  render           | Saved: '/home/user/Code/go-rpg-game/.godot/world-render/motion/hana_3_1.png'
00:14.249  render           | Saved: '/home/user/Code/go-rpg-game/.godot/world-render/motion/hana_4_1.png'
00:14.332  render           | Saved: '/home/user/Code/go-rpg-game/.godot/world-render/motion/hana_5_1.png'
00:14.414  render           | Saved: '/home/user/Code/go-rpg-game/.godot/world-render/motion/hana_6_1.png'
00:14.499  render           | Saved: '/home/user/Code/go-rpg-game/.godot/world-render/motion/hana_7_1.png'
00:14.652  render           | Saved: '/home/user/Code/go-rpg-game/.godot/world-render/motion/hana_0_2.png'
00:14.738  render           | Saved: '/home/user/Code/go-rpg-game/.godot/world-render/motion/hana_1_2.png'
00:14.819  render           | Saved: '/home/user/Code/go-rpg-game/.godot/world-render/motion/hana_2_2.png'
00:14.902  render           | Saved: '/home/user/Code/go-rpg-game/.godot/world-render/motion/hana_3_2.png'
00:14.987  render           | Saved: '/home/user/Code/go-rpg-game/.godot/world-render/motion/hana_4_2.png'
00:15.073  render           | Saved: '/home/user/Code/go-rpg-game/.godot/world-render/motion/hana_5_2.png'
00:15.154  render           | Saved: '/home/user/Code/go-rpg-game/.godot/world-render/motion/hana_6_2.png'
00:15.239  render           | Saved: '/home/user/Code/go-rpg-game/.godot/world-render/motion/hana_7_2.png'
00:15.382  render           | Saved: '/home/user/Code/go-rpg-game/.godot/world-render/motion/hana_0_3.png'
00:15.468  render           | Saved: '/home/user/Code/go-rpg-game/.godot/world-render/motion/hana_1_3.png'
00:15.549  render           | Saved: '/home/user/Code/go-rpg-game/.godot/world-render/motion/hana_2_3.png'
00:15.632  render           | Saved: '/home/user/Code/go-rpg-game/.godot/world-render/motion/hana_3_3.png'
00:15.717  render           | Saved: '/home/user/Code/go-rpg-game/.godot/world-render/motion/hana_4_3.png'
00:15.803  render           | Saved: '/home/user/Code/go-rpg-game/.godot/world-render/motion/hana_5_3.png'
00:15.885  render           | Saved: '/home/user/Code/go-rpg-game/.godot/world-render/motion/hana_6_3.png'
00:15.972  render           | Saved: '/home/user/Code/go-rpg-game/.godot/world-render/motion/hana_7_3.png'
00:16.122  render           | Saved: '/home/user/Code/go-rpg-game/.godot/world-render/motion/tomas_0_1.png'
00:16.210  render           | Saved: '/home/user/Code/go-rpg-game/.godot/world-render/motion/tomas_1_1.png'
00:16.292  render           | Saved: '/home/user/Code/go-rpg-game/.godot/world-render/motion/tomas_2_1.png'
00:16.376  render           | Saved: '/home/user/Code/go-rpg-game/.godot/world-render/motion/tomas_3_1.png'
00:16.462  render           | Saved: '/home/user/Code/go-rpg-game/.godot/world-render/motion/tomas_4_1.png'
00:16.545  render           | Saved: '/home/user/Code/go-rpg-game/.godot/world-render/motion/tomas_5_1.png'
00:16.626  render           | Saved: '/home/user/Code/go-rpg-game/.godot/world-render/motion/tomas_6_1.png'
00:16.709  render           | Saved: '/home/user/Code/go-rpg-game/.godot/world-render/motion/tomas_7_1.png'
00:16.865  render           | Saved: '/home/user/Code/go-rpg-game/.godot/world-render/motion/tomas_0_2.png'
00:16.948  render           | Saved: '/home/user/Code/go-rpg-game/.godot/world-render/motion/tomas_1_2.png'
00:17.027  render           | Saved: '/home/user/Code/go-rpg-game/.godot/world-render/motion/tomas_2_2.png'
00:17.111  render           | Saved: '/home/user/Code/go-rpg-game/.godot/world-render/motion/tomas_3_2.png'
00:17.195  render           | Saved: '/home/user/Code/go-rpg-game/.godot/world-render/motion/tomas_4_2.png'
00:17.279  render           | Saved: '/home/user/Code/go-rpg-game/.godot/world-render/motion/tomas_5_2.png'
00:17.360  render           | Saved: '/home/user/Code/go-rpg-game/.godot/world-render/motion/tomas_6_2.png'
00:17.447  render           | Saved: '/home/user/Code/go-rpg-game/.godot/world-render/motion/tomas_7_2.png'
00:17.598  render           | Saved: '/home/user/Code/go-rpg-game/.godot/world-render/motion/tomas_0_3.png'
00:17.685  render           | Saved: '/home/user/Code/go-rpg-game/.godot/world-render/motion/tomas_1_3.png'
00:17.771  render           | Saved: '/home/user/Code/go-rpg-game/.godot/world-render/motion/tomas_2_3.png'
00:17.858  render           | Saved: '/home/user/Code/go-rpg-game/.godot/world-render/motion/tomas_3_3.png'
00:17.944  render           | Saved: '/home/user/Code/go-rpg-game/.godot/world-render/motion/tomas_4_3.png'
00:18.027  render           | Saved: '/home/user/Code/go-rpg-game/.godot/world-render/motion/tomas_5_3.png'
00:18.109  render           | Saved: '/home/user/Code/go-rpg-game/.godot/world-render/motion/tomas_6_3.png'
00:18.193  render           | Saved: '/home/user/Code/go-rpg-game/.godot/world-render/motion/tomas_7_3.png'
00:18.331  render           | Saved: '/home/user/Code/go-rpg-game/.godot/world-render/motion/marguerite_0_1.png'
00:18.417  render           | Saved: '/home/user/Code/go-rpg-game/.godot/world-render/motion/marguerite_1_1.png'
00:18.502  render           | Saved: '/home/user/Code/go-rpg-game/.godot/world-render/motion/marguerite_2_1.png'
00:18.588  render           | Saved: '/home/user/Code/go-rpg-game/.godot/world-render/motion/marguerite_3_1.png'
00:18.672  render           | Saved: '/home/user/Code/go-rpg-game/.godot/world-render/motion/marguerite_4_1.png'
00:18.758  render           | Saved: '/home/user/Code/go-rpg-game/.godot/world-render/motion/marguerite_5_1.png'
00:18.840  render           | Saved: '/home/user/Code/go-rpg-game/.godot/world-render/motion/marguerite_6_1.png'
00:18.925  render           | Saved: '/home/user/Code/go-rpg-game/.godot/world-render/motion/marguerite_7_1.png'
00:19.074  render           | Saved: '/home/user/Code/go-rpg-game/.godot/world-render/motion/marguerite_0_2.png'
00:19.158  render           | Saved: '/home/user/Code/go-rpg-game/.godot/world-render/motion/marguerite_1_2.png'
00:19.235  render           | Saved: '/home/user/Code/go-rpg-game/.godot/world-render/motion/marguerite_2_2.png'
00:19.316  render           | Saved: '/home/user/Code/go-rpg-game/.godot/world-render/motion/marguerite_3_2.png'
00:19.399  render           | Saved: '/home/user/Code/go-rpg-game/.godot/world-render/motion/marguerite_4_2.png'
00:19.482  render           | Saved: '/home/user/Code/go-rpg-game/.godot/world-render/motion/marguerite_5_2.png'
00:19.561  render           | Saved: '/home/user/Code/go-rpg-game/.godot/world-render/motion/marguerite_6_2.png'
00:19.647  render           | Saved: '/home/user/Code/go-rpg-game/.godot/world-render/motion/marguerite_7_2.png'
00:19.787  render           | Saved: '/home/user/Code/go-rpg-game/.godot/world-render/motion/marguerite_0_3.png'
00:19.871  render           | Saved: '/home/user/Code/go-rpg-game/.godot/world-render/motion/marguerite_1_3.png'
00:19.955  render           | Saved: '/home/user/Code/go-rpg-game/.godot/world-render/motion/marguerite_2_3.png'
00:20.048  render           | Saved: '/home/user/Code/go-rpg-game/.godot/world-render/motion/marguerite_3_3.png'
00:20.132  render           | Saved: '/home/user/Code/go-rpg-game/.godot/world-render/motion/marguerite_4_3.png'
00:20.218  render           | Saved: '/home/user/Code/go-rpg-game/.godot/world-render/motion/marguerite_5_3.png'
00:20.298  render           | Saved: '/home/user/Code/go-rpg-game/.godot/world-render/motion/marguerite_6_3.png'
00:20.382  render           | Saved: '/home/user/Code/go-rpg-game/.godot/world-render/motion/marguerite_7_3.png'
00:20.524  render           | Saved: '/home/user/Code/go-rpg-game/.godot/world-render/motion/joos_0_1.png'
00:20.607  render           | Saved: '/home/user/Code/go-rpg-game/.godot/world-render/motion/joos_1_1.png'
00:20.689  render           | Saved: '/home/user/Code/go-rpg-game/.godot/world-render/motion/joos_2_1.png'
00:20.777  render           | Saved: '/home/user/Code/go-rpg-game/.godot/world-render/motion/joos_3_1.png'
00:20.878  render           | Saved: '/home/user/Code/go-rpg-game/.godot/world-render/motion/joos_4_1.png'
00:20.965  render           | Saved: '/home/user/Code/go-rpg-game/.godot/world-render/motion/joos_5_1.png'
00:21.050  render           | Saved: '/home/user/Code/go-rpg-game/.godot/world-render/motion/joos_6_1.png'
00:21.137  render           | Saved: '/home/user/Code/go-rpg-game/.godot/world-render/motion/joos_7_1.png'
00:21.292  render           | Saved: '/home/user/Code/go-rpg-game/.godot/world-render/motion/joos_0_2.png'
00:21.381  render           | Saved: '/home/user/Code/go-rpg-game/.godot/world-render/motion/joos_1_2.png'
00:21.461  render           | Saved: '/home/user/Code/go-rpg-game/.godot/world-render/motion/joos_2_2.png'
00:21.545  render           | Saved: '/home/user/Code/go-rpg-game/.godot/world-render/motion/joos_3_2.png'
00:21.631  render           | Saved: '/home/user/Code/go-rpg-game/.godot/world-render/motion/joos_4_2.png'
00:21.713  render           | Saved: '/home/user/Code/go-rpg-game/.godot/world-render/motion/joos_5_2.png'
00:21.792  render           | Saved: '/home/user/Code/go-rpg-game/.godot/world-render/motion/joos_6_2.png'
00:21.876  render           | Saved: '/home/user/Code/go-rpg-game/.godot/world-render/motion/joos_7_2.png'
00:22.029  render           | Saved: '/home/user/Code/go-rpg-game/.godot/world-render/motion/joos_0_3.png'
00:22.115  render           | Saved: '/home/user/Code/go-rpg-game/.godot/world-render/motion/joos_1_3.png'
00:22.199  render           | Saved: '/home/user/Code/go-rpg-game/.godot/world-render/motion/joos_2_3.png'
00:22.283  render           | Saved: '/home/user/Code/go-rpg-game/.godot/world-render/motion/joos_3_3.png'
00:22.370  render           | Saved: '/home/user/Code/go-rpg-game/.godot/world-render/motion/joos_4_3.png'
00:22.456  render           | Saved: '/home/user/Code/go-rpg-game/.godot/world-render/motion/joos_5_3.png'
00:22.540  render           | Saved: '/home/user/Code/go-rpg-game/.godot/world-render/motion/joos_6_3.png'
00:22.627  render           | Saved: '/home/user/Code/go-rpg-game/.godot/world-render/motion/joos_7_3.png'
00:22.775  render           | Saved: '/home/user/Code/go-rpg-game/.godot/world-render/motion/ilse_0_1.png'
00:22.858  render           | Saved: '/home/user/Code/go-rpg-game/.godot/world-render/motion/ilse_1_1.png'
00:22.941  render           | Saved: '/home/user/Code/go-rpg-game/.godot/world-render/motion/ilse_2_1.png'
00:23.024  render           | Saved: '/home/user/Code/go-rpg-game/.godot/world-render/motion/ilse_3_1.png'
00:23.110  render           | Saved: '/home/user/Code/go-rpg-game/.godot/world-render/motion/ilse_4_1.png'
00:23.195  render           | Saved: '/home/user/Code/go-rpg-game/.godot/world-render/motion/ilse_5_1.png'
00:23.281  render           | Saved: '/home/user/Code/go-rpg-game/.godot/world-render/motion/ilse_6_1.png'
00:23.367  render           | Saved: '/home/user/Code/go-rpg-game/.godot/world-render/motion/ilse_7_1.png'
00:23.521  render           | Saved: '/home/user/Code/go-rpg-game/.godot/world-render/motion/ilse_0_2.png'
00:23.608  render           | Saved: '/home/user/Code/go-rpg-game/.godot/world-render/motion/ilse_1_2.png'
00:23.690  render           | Saved: '/home/user/Code/go-rpg-game/.godot/world-render/motion/ilse_2_2.png'
00:23.776  render           | Saved: '/home/user/Code/go-rpg-game/.godot/world-render/motion/ilse_3_2.png'
00:23.864  render           | Saved: '/home/user/Code/go-rpg-game/.godot/world-render/motion/ilse_4_2.png'
00:23.950  render           | Saved: '/home/user/Code/go-rpg-game/.godot/world-render/motion/ilse_5_2.png'
00:24.034  render           | Saved: '/home/user/Code/go-rpg-game/.godot/world-render/motion/ilse_6_2.png'
00:24.117  render           | Saved: '/home/user/Code/go-rpg-game/.godot/world-render/motion/ilse_7_2.png'
00:24.264  render           | Saved: '/home/user/Code/go-rpg-game/.godot/world-render/motion/ilse_0_3.png'
00:24.352  render           | Saved: '/home/user/Code/go-rpg-game/.godot/world-render/motion/ilse_1_3.png'
00:24.436  render           | Saved: '/home/user/Code/go-rpg-game/.godot/world-render/motion/ilse_2_3.png'
00:24.518  render           | Saved: '/home/user/Code/go-rpg-game/.godot/world-render/motion/ilse_3_3.png'
00:24.601  render           | Saved: '/home/user/Code/go-rpg-game/.godot/world-render/motion/ilse_4_3.png'
00:24.684  render           | Saved: '/home/user/Code/go-rpg-game/.godot/world-render/motion/ilse_5_3.png'
00:24.769  render           | Saved: '/home/user/Code/go-rpg-game/.godot/world-render/motion/ilse_6_3.png'
00:24.855  render           | Saved: '/home/user/Code/go-rpg-game/.godot/world-render/motion/ilse_7_3.png'
00:24.986  render           | Saved: '/home/user/Code/go-rpg-game/.godot/world-render/motion/sunny_0_1.png'
00:25.067  render           | Saved: '/home/user/Code/go-rpg-game/.godot/world-render/motion/sunny_1_1.png'
00:25.147  render           | Saved: '/home/user/Code/go-rpg-game/.godot/world-render/motion/sunny_2_1.png'
00:25.227  render           | Saved: '/home/user/Code/go-rpg-game/.godot/world-render/motion/sunny_3_1.png'
00:25.309  render           | Saved: '/home/user/Code/go-rpg-game/.godot/world-render/motion/sunny_4_1.png'
00:25.387  render           | Saved: '/home/user/Code/go-rpg-game/.godot/world-render/motion/sunny_5_1.png'
00:25.462  render           | Saved: '/home/user/Code/go-rpg-game/.godot/world-render/motion/sunny_6_1.png'
00:25.540  render           | Saved: '/home/user/Code/go-rpg-game/.godot/world-render/motion/sunny_7_1.png'
00:25.674  render           | Saved: '/home/user/Code/go-rpg-game/.godot/world-render/motion/sunny_0_2.png'
00:25.753  render           | Saved: '/home/user/Code/go-rpg-game/.godot/world-render/motion/sunny_1_2.png'
00:25.827  render           | Saved: '/home/user/Code/go-rpg-game/.godot/world-render/motion/sunny_2_2.png'
00:25.903  render           | Saved: '/home/user/Code/go-rpg-game/.godot/world-render/motion/sunny_3_2.png'
00:25.982  render           | Saved: '/home/user/Code/go-rpg-game/.godot/world-render/motion/sunny_4_2.png'
00:26.059  render           | Saved: '/home/user/Code/go-rpg-game/.godot/world-render/motion/sunny_5_2.png'
00:26.137  render           | Saved: '/home/user/Code/go-rpg-game/.godot/world-render/motion/sunny_6_2.png'
00:26.217  render           | Saved: '/home/user/Code/go-rpg-game/.godot/world-render/motion/sunny_7_2.png'
00:26.346  render           | Saved: '/home/user/Code/go-rpg-game/.godot/world-render/motion/sunny_0_3.png'
00:26.429  render           | Saved: '/home/user/Code/go-rpg-game/.godot/world-render/motion/sunny_1_3.png'
00:26.506  render           | Saved: '/home/user/Code/go-rpg-game/.godot/world-render/motion/sunny_2_3.png'
00:26.586  render           | Saved: '/home/user/Code/go-rpg-game/.godot/world-render/motion/sunny_3_3.png'
00:26.667  render           | Saved: '/home/user/Code/go-rpg-game/.godot/world-render/motion/sunny_4_3.png'
00:26.745  render           | Saved: '/home/user/Code/go-rpg-game/.godot/world-render/motion/sunny_5_3.png'
00:26.824  render           | Saved: '/home/user/Code/go-rpg-game/.godot/world-render/motion/sunny_6_3.png'
00:26.905  render           | Saved: '/home/user/Code/go-rpg-game/.godot/world-render/motion/sunny_7_3.png'
00:27.045  render           | Saved: '/home/user/Code/go-rpg-game/.godot/world-render/motion/orla_0_1.png'
00:27.128  render           | Saved: '/home/user/Code/go-rpg-game/.godot/world-render/motion/orla_1_1.png'
00:27.209  render           | Saved: '/home/user/Code/go-rpg-game/.godot/world-render/motion/orla_2_1.png'
00:27.293  render           | Saved: '/home/user/Code/go-rpg-game/.godot/world-render/motion/orla_3_1.png'
00:27.380  render           | Saved: '/home/user/Code/go-rpg-game/.godot/world-render/motion/orla_4_1.png'
00:27.465  render           | Saved: '/home/user/Code/go-rpg-game/.godot/world-render/motion/orla_5_1.png'
00:27.550  render           | Saved: '/home/user/Code/go-rpg-game/.godot/world-render/motion/orla_6_1.png'
00:27.639  render           | Saved: '/home/user/Code/go-rpg-game/.godot/world-render/motion/orla_7_1.png'
00:27.792  render           | Saved: '/home/user/Code/go-rpg-game/.godot/world-render/motion/orla_0_2.png'
00:27.877  render           | Saved: '/home/user/Code/go-rpg-game/.godot/world-render/motion/orla_1_2.png'
00:27.960  render           | Saved: '/home/user/Code/go-rpg-game/.godot/world-render/motion/orla_2_2.png'
00:28.042  render           | Saved: '/home/user/Code/go-rpg-game/.godot/world-render/motion/orla_3_2.png'
00:28.124  render           | Saved: '/home/user/Code/go-rpg-game/.godot/world-render/motion/orla_4_2.png'
00:28.205  render           | Saved: '/home/user/Code/go-rpg-game/.godot/world-render/motion/orla_5_2.png'
00:28.284  render           | Saved: '/home/user/Code/go-rpg-game/.godot/world-render/motion/orla_6_2.png'
00:28.370  render           | Saved: '/home/user/Code/go-rpg-game/.godot/world-render/motion/orla_7_2.png'
00:28.511  render           | Saved: '/home/user/Code/go-rpg-game/.godot/world-render/motion/orla_0_3.png'
00:28.598  render           | Saved: '/home/user/Code/go-rpg-game/.godot/world-render/motion/orla_1_3.png'
00:28.682  render           | Saved: '/home/user/Code/go-rpg-game/.godot/world-render/motion/orla_2_3.png'
00:28.768  render           | Saved: '/home/user/Code/go-rpg-game/.godot/world-render/motion/orla_3_3.png'
00:28.854  render           | Saved: '/home/user/Code/go-rpg-game/.godot/world-render/motion/orla_4_3.png'
00:28.937  render           | Saved: '/home/user/Code/go-rpg-game/.godot/world-render/motion/orla_5_3.png'
00:29.023  render           | Saved: '/home/user/Code/go-rpg-game/.godot/world-render/motion/orla_6_3.png'
00:29.108  render           | Saved: '/home/user/Code/go-rpg-game/.godot/world-render/motion/orla_7_3.png'
00:29.238  render           | Saved: '/home/user/Code/go-rpg-game/.godot/world-render/motion/extra_commuter_0_1.png'
00:29.319  render           | Saved: '/home/user/Code/go-rpg-game/.godot/world-render/motion/extra_commuter_1_1.png'
00:29.399  render           | Saved: '/home/user/Code/go-rpg-game/.godot/world-render/motion/extra_commuter_2_1.png'
00:29.479  render           | Saved: '/home/user/Code/go-rpg-game/.godot/world-render/motion/extra_commuter_3_1.png'
00:29.560  render           | Saved: '/home/user/Code/go-rpg-game/.godot/world-render/motion/extra_commuter_4_1.png'
00:29.643  render           | Saved: '/home/user/Code/go-rpg-game/.godot/world-render/motion/extra_commuter_5_1.png'
00:29.724  render           | Saved: '/home/user/Code/go-rpg-game/.godot/world-render/motion/extra_commuter_6_1.png'
00:29.812  render           | Saved: '/home/user/Code/go-rpg-game/.godot/world-render/motion/extra_commuter_7_1.png'
00:29.954  render           | Saved: '/home/user/Code/go-rpg-game/.godot/world-render/motion/extra_commuter_0_2.png'
00:30.038  render           | Saved: '/home/user/Code/go-rpg-game/.godot/world-render/motion/extra_commuter_1_2.png'
00:30.118  render           | Saved: '/home/user/Code/go-rpg-game/.godot/world-render/motion/extra_commuter_2_2.png'
00:30.205  render           | Saved: '/home/user/Code/go-rpg-game/.godot/world-render/motion/extra_commuter_3_2.png'
00:30.289  render           | Saved: '/home/user/Code/go-rpg-game/.godot/world-render/motion/extra_commuter_4_2.png'
00:30.374  render           | Saved: '/home/user/Code/go-rpg-game/.godot/world-render/motion/extra_commuter_5_2.png'
00:30.457  render           | Saved: '/home/user/Code/go-rpg-game/.godot/world-render/motion/extra_commuter_6_2.png'
00:30.540  render           | Saved: '/home/user/Code/go-rpg-game/.godot/world-render/motion/extra_commuter_7_2.png'
00:30.676  render           | Saved: '/home/user/Code/go-rpg-game/.godot/world-render/motion/extra_commuter_0_3.png'
00:30.760  render           | Saved: '/home/user/Code/go-rpg-game/.godot/world-render/motion/extra_commuter_1_3.png'
00:30.841  render           | Saved: '/home/user/Code/go-rpg-game/.godot/world-render/motion/extra_commuter_2_3.png'
00:30.923  render           | Saved: '/home/user/Code/go-rpg-game/.godot/world-render/motion/extra_commuter_3_3.png'
00:31.009  render           | Saved: '/home/user/Code/go-rpg-game/.godot/world-render/motion/extra_commuter_4_3.png'
00:31.094  render           | Saved: '/home/user/Code/go-rpg-game/.godot/world-render/motion/extra_commuter_5_3.png'
00:31.178  render           | Saved: '/home/user/Code/go-rpg-game/.godot/world-render/motion/extra_commuter_6_3.png'
00:31.265  render           | Saved: '/home/user/Code/go-rpg-game/.godot/world-render/motion/extra_commuter_7_3.png'
00:31.405  render           | Saved: '/home/user/Code/go-rpg-game/.godot/world-render/motion/extra_shopper_0_1.png'
00:31.492  render           | Saved: '/home/user/Code/go-rpg-game/.godot/world-render/motion/extra_shopper_1_1.png'
00:31.574  render           | Saved: '/home/user/Code/go-rpg-game/.godot/world-render/motion/extra_shopper_2_1.png'
00:31.659  render           | Saved: '/home/user/Code/go-rpg-game/.godot/world-render/motion/extra_shopper_3_1.png'
00:31.743  render           | Saved: '/home/user/Code/go-rpg-game/.godot/world-render/motion/extra_shopper_4_1.png'
00:31.827  render           | Saved: '/home/user/Code/go-rpg-game/.godot/world-render/motion/extra_shopper_5_1.png'
00:31.907  render           | Saved: '/home/user/Code/go-rpg-game/.godot/world-render/motion/extra_shopper_6_1.png'
00:31.993  render           | Saved: '/home/user/Code/go-rpg-game/.godot/world-render/motion/extra_shopper_7_1.png'
00:32.140  render           | Saved: '/home/user/Code/go-rpg-game/.godot/world-render/motion/extra_shopper_0_2.png'
00:32.228  render           | Saved: '/home/user/Code/go-rpg-game/.godot/world-render/motion/extra_shopper_1_2.png'
00:32.307  render           | Saved: '/home/user/Code/go-rpg-game/.godot/world-render/motion/extra_shopper_2_2.png'
00:32.393  render           | Saved: '/home/user/Code/go-rpg-game/.godot/world-render/motion/extra_shopper_3_2.png'
00:32.480  render           | Saved: '/home/user/Code/go-rpg-game/.godot/world-render/motion/extra_shopper_4_2.png'
00:32.569  render           | Saved: '/home/user/Code/go-rpg-game/.godot/world-render/motion/extra_shopper_5_2.png'
00:32.648  render           | Saved: '/home/user/Code/go-rpg-game/.godot/world-render/motion/extra_shopper_6_2.png'
00:32.735  render           | Saved: '/home/user/Code/go-rpg-game/.godot/world-render/motion/extra_shopper_7_2.png'
00:32.870  render           | Saved: '/home/user/Code/go-rpg-game/.godot/world-render/motion/extra_shopper_0_3.png'
00:32.955  render           | Saved: '/home/user/Code/go-rpg-game/.godot/world-render/motion/extra_shopper_1_3.png'
00:33.035  render           | Saved: '/home/user/Code/go-rpg-game/.godot/world-render/motion/extra_shopper_2_3.png'
00:33.119  render           | Saved: '/home/user/Code/go-rpg-game/.godot/world-render/motion/extra_shopper_3_3.png'
00:33.206  render           | Saved: '/home/user/Code/go-rpg-game/.godot/world-render/motion/extra_shopper_4_3.png'
00:33.292  render           | Saved: '/home/user/Code/go-rpg-game/.godot/world-render/motion/extra_shopper_5_3.png'
00:33.376  render           | Saved: '/home/user/Code/go-rpg-game/.godot/world-render/motion/extra_shopper_6_3.png'
00:33.461  render           | Saved: '/home/user/Code/go-rpg-game/.godot/world-render/motion/extra_shopper_7_3.png'
00:33.590  render           | Saved: '/home/user/Code/go-rpg-game/.godot/world-render/motion/extra_docker_0_1.png'
00:33.675  render           | Saved: '/home/user/Code/go-rpg-game/.godot/world-render/motion/extra_docker_1_1.png'
00:33.760  render           | Saved: '/home/user/Code/go-rpg-game/.godot/world-render/motion/extra_docker_2_1.png'
00:33.846  render           | Saved: '/home/user/Code/go-rpg-game/.godot/world-render/motion/extra_docker_3_1.png'
00:33.932  render           | Saved: '/home/user/Code/go-rpg-game/.godot/world-render/motion/extra_docker_4_1.png'
00:34.018  render           | Saved: '/home/user/Code/go-rpg-game/.godot/world-render/motion/extra_docker_5_1.png'
00:34.099  render           | Saved: '/home/user/Code/go-rpg-game/.godot/world-render/motion/extra_docker_6_1.png'
00:34.182  render           | Saved: '/home/user/Code/go-rpg-game/.godot/world-render/motion/extra_docker_7_1.png'
00:34.320  render           | Saved: '/home/user/Code/go-rpg-game/.godot/world-render/motion/extra_docker_0_2.png'
00:34.408  render           | Saved: '/home/user/Code/go-rpg-game/.godot/world-render/motion/extra_docker_1_2.png'
00:34.487  render           | Saved: '/home/user/Code/go-rpg-game/.godot/world-render/motion/extra_docker_2_2.png'
00:34.571  render           | Saved: '/home/user/Code/go-rpg-game/.godot/world-render/motion/extra_docker_3_2.png'
00:34.656  render           | Saved: '/home/user/Code/go-rpg-game/.godot/world-render/motion/extra_docker_4_2.png'
00:34.741  render           | Saved: '/home/user/Code/go-rpg-game/.godot/world-render/motion/extra_docker_5_2.png'
00:34.819  render           | Saved: '/home/user/Code/go-rpg-game/.godot/world-render/motion/extra_docker_6_2.png'
00:34.902  render           | Saved: '/home/user/Code/go-rpg-game/.godot/world-render/motion/extra_docker_7_2.png'
00:35.029  render           | Saved: '/home/user/Code/go-rpg-game/.godot/world-render/motion/extra_docker_0_3.png'
00:35.112  render           | Saved: '/home/user/Code/go-rpg-game/.godot/world-render/motion/extra_docker_1_3.png'
00:35.192  render           | Saved: '/home/user/Code/go-rpg-game/.godot/world-render/motion/extra_docker_2_3.png'
00:35.278  render           | Saved: '/home/user/Code/go-rpg-game/.godot/world-render/motion/extra_docker_3_3.png'
00:35.363  render           | Saved: '/home/user/Code/go-rpg-game/.godot/world-render/motion/extra_docker_4_3.png'
00:35.447  render           | Saved: '/home/user/Code/go-rpg-game/.godot/world-render/motion/extra_docker_5_3.png'
00:35.533  render           | Saved: '/home/user/Code/go-rpg-game/.godot/world-render/motion/extra_docker_6_3.png'
00:35.619  render           | Saved: '/home/user/Code/go-rpg-game/.godot/world-render/motion/extra_docker_7_3.png'
00:35.761  render           | Saved: '/home/user/Code/go-rpg-game/.godot/world-render/motion/extra_student_0_1.png'
00:35.848  render           | Saved: '/home/user/Code/go-rpg-game/.godot/world-render/motion/extra_student_1_1.png'
00:35.935  render           | Saved: '/home/user/Code/go-rpg-game/.godot/world-render/motion/extra_student_2_1.png'
00:36.020  render           | Saved: '/home/user/Code/go-rpg-game/.godot/world-render/motion/extra_student_3_1.png'
00:36.104  render           | Saved: '/home/user/Code/go-rpg-game/.godot/world-render/motion/extra_student_4_1.png'
00:36.186  render           | Saved: '/home/user/Code/go-rpg-game/.godot/world-render/motion/extra_student_5_1.png'
00:36.271  render           | Saved: '/home/user/Code/go-rpg-game/.godot/world-render/motion/extra_student_6_1.png'
00:36.354  render           | Saved: '/home/user/Code/go-rpg-game/.godot/world-render/motion/extra_student_7_1.png'
00:36.499  render           | Saved: '/home/user/Code/go-rpg-game/.godot/world-render/motion/extra_student_0_2.png'
00:36.581  render           | Saved: '/home/user/Code/go-rpg-game/.godot/world-render/motion/extra_student_1_2.png'
00:36.660  render           | Saved: '/home/user/Code/go-rpg-game/.godot/world-render/motion/extra_student_2_2.png'
00:36.745  render           | Saved: '/home/user/Code/go-rpg-game/.godot/world-render/motion/extra_student_3_2.png'
00:36.831  render           | Saved: '/home/user/Code/go-rpg-game/.godot/world-render/motion/extra_student_4_2.png'
00:36.915  render           | Saved: '/home/user/Code/go-rpg-game/.godot/world-render/motion/extra_student_5_2.png'
00:36.996  render           | Saved: '/home/user/Code/go-rpg-game/.godot/world-render/motion/extra_student_6_2.png'
00:37.082  render           | Saved: '/home/user/Code/go-rpg-game/.godot/world-render/motion/extra_student_7_2.png'
00:37.224  render           | Saved: '/home/user/Code/go-rpg-game/.godot/world-render/motion/extra_student_0_3.png'
00:37.309  render           | Saved: '/home/user/Code/go-rpg-game/.godot/world-render/motion/extra_student_1_3.png'
00:37.394  render           | Saved: '/home/user/Code/go-rpg-game/.godot/world-render/motion/extra_student_2_3.png'
00:37.477  render           | Saved: '/home/user/Code/go-rpg-game/.godot/world-render/motion/extra_student_3_3.png'
00:37.560  render           | Saved: '/home/user/Code/go-rpg-game/.godot/world-render/motion/extra_student_4_3.png'
00:37.643  render           | Saved: '/home/user/Code/go-rpg-game/.godot/world-render/motion/extra_student_5_3.png'
00:37.727  render           | Saved: '/home/user/Code/go-rpg-game/.godot/world-render/motion/extra_student_6_3.png'
00:37.812  render           | Saved: '/home/user/Code/go-rpg-game/.godot/world-render/motion/extra_student_7_3.png'
00:37.952  render           | Saved: '/home/user/Code/go-rpg-game/.godot/world-render/motion/extra_kid_0_1.png'
00:38.031  render           | Saved: '/home/user/Code/go-rpg-game/.godot/world-render/motion/extra_kid_1_1.png'
00:38.109  render           | Saved: '/home/user/Code/go-rpg-game/.godot/world-render/motion/extra_kid_2_1.png'
00:38.189  render           | Saved: '/home/user/Code/go-rpg-game/.godot/world-render/motion/extra_kid_3_1.png'
00:38.269  render           | Saved: '/home/user/Code/go-rpg-game/.godot/world-render/motion/extra_kid_4_1.png'
00:38.348  render           | Saved: '/home/user/Code/go-rpg-game/.godot/world-render/motion/extra_kid_5_1.png'
00:38.427  render           | Saved: '/home/user/Code/go-rpg-game/.godot/world-render/motion/extra_kid_6_1.png'
00:38.509  render           | Saved: '/home/user/Code/go-rpg-game/.godot/world-render/motion/extra_kid_7_1.png'
00:38.664  render           | Saved: '/home/user/Code/go-rpg-game/.godot/world-render/motion/extra_kid_0_2.png'
00:38.745  render           | Saved: '/home/user/Code/go-rpg-game/.godot/world-render/motion/extra_kid_1_2.png'
00:38.822  render           | Saved: '/home/user/Code/go-rpg-game/.godot/world-render/motion/extra_kid_2_2.png'
00:38.903  render           | Saved: '/home/user/Code/go-rpg-game/.godot/world-render/motion/extra_kid_3_2.png'
00:38.985  render           | Saved: '/home/user/Code/go-rpg-game/.godot/world-render/motion/extra_kid_4_2.png'
00:39.062  render           | Saved: '/home/user/Code/go-rpg-game/.godot/world-render/motion/extra_kid_5_2.png'
00:39.141  render           | Saved: '/home/user/Code/go-rpg-game/.godot/world-render/motion/extra_kid_6_2.png'
00:39.219  render           | Saved: '/home/user/Code/go-rpg-game/.godot/world-render/motion/extra_kid_7_2.png'
00:39.360  render           | Saved: '/home/user/Code/go-rpg-game/.godot/world-render/motion/extra_kid_0_3.png'
00:39.439  render           | Saved: '/home/user/Code/go-rpg-game/.godot/world-render/motion/extra_kid_1_3.png'
00:39.517  render           | Saved: '/home/user/Code/go-rpg-game/.godot/world-render/motion/extra_kid_2_3.png'
00:39.596  render           | Saved: '/home/user/Code/go-rpg-game/.godot/world-render/motion/extra_kid_3_3.png'
00:39.676  render           | Saved: '/home/user/Code/go-rpg-game/.godot/world-render/motion/extra_kid_4_3.png'
00:39.757  render           | Saved: '/home/user/Code/go-rpg-game/.godot/world-render/motion/extra_kid_5_3.png'
00:39.837  render           | Saved: '/home/user/Code/go-rpg-game/.godot/world-render/motion/extra_kid_6_3.png'
00:39.916  render           | Saved: '/home/user/Code/go-rpg-game/.godot/world-render/motion/extra_kid_7_3.png'
00:40.052  render           | Saved: '/home/user/Code/go-rpg-game/.godot/world-render/motion/abel_0_1.png'
00:40.139  render           | Saved: '/home/user/Code/go-rpg-game/.godot/world-render/motion/abel_1_1.png'
00:40.222  render           | Saved: '/home/user/Code/go-rpg-game/.godot/world-render/motion/abel_2_1.png'
00:40.305  render           | Saved: '/home/user/Code/go-rpg-game/.godot/world-render/motion/abel_3_1.png'
00:40.392  render           | Saved: '/home/user/Code/go-rpg-game/.godot/world-render/motion/abel_4_1.png'
00:40.477  render           | Saved: '/home/user/Code/go-rpg-game/.godot/world-render/motion/abel_5_1.png'
00:40.559  render           | Saved: '/home/user/Code/go-rpg-game/.godot/world-render/motion/abel_6_1.png'
00:40.643  render           | Saved: '/home/user/Code/go-rpg-game/.godot/world-render/motion/abel_7_1.png'
00:40.794  render           | Saved: '/home/user/Code/go-rpg-game/.godot/world-render/motion/abel_0_2.png'
00:40.880  render           | Saved: '/home/user/Code/go-rpg-game/.godot/world-render/motion/abel_1_2.png'
00:40.959  render           | Saved: '/home/user/Code/go-rpg-game/.godot/world-render/motion/abel_2_2.png'
00:41.043  render           | Saved: '/home/user/Code/go-rpg-game/.godot/world-render/motion/abel_3_2.png'
00:41.131  render           | Saved: '/home/user/Code/go-rpg-game/.godot/world-render/motion/abel_4_2.png'
00:41.216  render           | Saved: '/home/user/Code/go-rpg-game/.godot/world-render/motion/abel_5_2.png'
00:41.296  render           | Saved: '/home/user/Code/go-rpg-game/.godot/world-render/motion/abel_6_2.png'
00:41.382  render           | Saved: '/home/user/Code/go-rpg-game/.godot/world-render/motion/abel_7_2.png'
00:41.524  render           | Saved: '/home/user/Code/go-rpg-game/.godot/world-render/motion/abel_0_3.png'
00:41.610  render           | Saved: '/home/user/Code/go-rpg-game/.godot/world-render/motion/abel_1_3.png'
00:41.694  render           | Saved: '/home/user/Code/go-rpg-game/.godot/world-render/motion/abel_2_3.png'
00:41.780  render           | Saved: '/home/user/Code/go-rpg-game/.godot/world-render/motion/abel_3_3.png'
00:41.868  render           | Saved: '/home/user/Code/go-rpg-game/.godot/world-render/motion/abel_4_3.png'
00:41.953  render           | Saved: '/home/user/Code/go-rpg-game/.godot/world-render/motion/abel_5_3.png'
00:42.037  render           | Saved: '/home/user/Code/go-rpg-game/.godot/world-render/motion/abel_6_3.png'
00:42.124  render           | Saved: '/home/user/Code/go-rpg-game/.godot/world-render/motion/abel_7_3.png'
00:42.292  render           | Saved: '/home/user/Code/go-rpg-game/.godot/world-render/motion/dov_0_1.png'
00:42.381  render           | Saved: '/home/user/Code/go-rpg-game/.godot/world-render/motion/dov_1_1.png'
00:42.462  render           | Saved: '/home/user/Code/go-rpg-game/.godot/world-render/motion/dov_2_1.png'
00:42.544  render           | Saved: '/home/user/Code/go-rpg-game/.godot/world-render/motion/dov_3_1.png'
00:42.629  render           | Saved: '/home/user/Code/go-rpg-game/.godot/world-render/motion/dov_4_1.png'
00:42.714  render           | Saved: '/home/user/Code/go-rpg-game/.godot/world-render/motion/dov_5_1.png'
00:42.796  render           | Saved: '/home/user/Code/go-rpg-game/.godot/world-render/motion/dov_6_1.png'
00:42.880  render           | Saved: '/home/user/Code/go-rpg-game/.godot/world-render/motion/dov_7_1.png'
00:43.049  render           | Saved: '/home/user/Code/go-rpg-game/.godot/world-render/motion/dov_0_2.png'
00:43.135  render           | Saved: '/home/user/Code/go-rpg-game/.godot/world-render/motion/dov_1_2.png'
00:43.219  render           | Saved: '/home/user/Code/go-rpg-game/.godot/world-render/motion/dov_2_2.png'
00:43.305  render           | Saved: '/home/user/Code/go-rpg-game/.godot/world-render/motion/dov_3_2.png'
00:43.391  render           | Saved: '/home/user/Code/go-rpg-game/.godot/world-render/motion/dov_4_2.png'
00:43.476  render           | Saved: '/home/user/Code/go-rpg-game/.godot/world-render/motion/dov_5_2.png'
00:43.557  render           | Saved: '/home/user/Code/go-rpg-game/.godot/world-render/motion/dov_6_2.png'
00:43.644  render           | Saved: '/home/user/Code/go-rpg-game/.godot/world-render/motion/dov_7_2.png'
00:43.801  render           | Saved: '/home/user/Code/go-rpg-game/.godot/world-render/motion/dov_0_3.png'
00:43.884  render           | Saved: '/home/user/Code/go-rpg-game/.godot/world-render/motion/dov_1_3.png'
00:43.966  render           | Saved: '/home/user/Code/go-rpg-game/.godot/world-render/motion/dov_2_3.png'
00:44.050  render           | Saved: '/home/user/Code/go-rpg-game/.godot/world-render/motion/dov_3_3.png'
00:44.134  render           | Saved: '/home/user/Code/go-rpg-game/.godot/world-render/motion/dov_4_3.png'
00:44.219  render           | Saved: '/home/user/Code/go-rpg-game/.godot/world-render/motion/dov_5_3.png'
00:44.303  render           | Saved: '/home/user/Code/go-rpg-game/.godot/world-render/motion/dov_6_3.png'
00:44.389  render           | Saved: '/home/user/Code/go-rpg-game/.godot/world-render/motion/dov_7_3.png'
00:44.529  render           | Saved: '/home/user/Code/go-rpg-game/.godot/world-render/motion/moss_0_1.png'
00:44.616  render           | Saved: '/home/user/Code/go-rpg-game/.godot/world-render/motion/moss_1_1.png'
00:44.699  render           | Saved: '/home/user/Code/go-rpg-game/.godot/world-render/motion/moss_2_1.png'
00:44.786  render           | Saved: '/home/user/Code/go-rpg-game/.godot/world-render/motion/moss_3_1.png'
00:44.871  render           | Saved: '/home/user/Code/go-rpg-game/.godot/world-render/motion/moss_4_1.png'
00:44.955  render           | Saved: '/home/user/Code/go-rpg-game/.godot/world-render/motion/moss_5_1.png'
00:45.036  render           | Saved: '/home/user/Code/go-rpg-game/.godot/world-render/motion/moss_6_1.png'
00:45.119  render           | Saved: '/home/user/Code/go-rpg-game/.godot/world-render/motion/moss_7_1.png'
00:45.262  render           | Saved: '/home/user/Code/go-rpg-game/.godot/world-render/motion/moss_0_2.png'
00:45.345  render           | Saved: '/home/user/Code/go-rpg-game/.godot/world-render/motion/moss_1_2.png'
00:45.425  render           | Saved: '/home/user/Code/go-rpg-game/.godot/world-render/motion/moss_2_2.png'
00:45.507  render           | Saved: '/home/user/Code/go-rpg-game/.godot/world-render/motion/moss_3_2.png'
00:45.589  render           | Saved: '/home/user/Code/go-rpg-game/.godot/world-render/motion/moss_4_2.png'
00:45.673  render           | Saved: '/home/user/Code/go-rpg-game/.godot/world-render/motion/moss_5_2.png'
00:45.754  render           | Saved: '/home/user/Code/go-rpg-game/.godot/world-render/motion/moss_6_2.png'
00:45.840  render           | Saved: '/home/user/Code/go-rpg-game/.godot/world-render/motion/moss_7_2.png'
00:45.975  render           | Saved: '/home/user/Code/go-rpg-game/.godot/world-render/motion/moss_0_3.png'
00:46.059  render           | Saved: '/home/user/Code/go-rpg-game/.godot/world-render/motion/moss_1_3.png'
00:46.144  render           | Saved: '/home/user/Code/go-rpg-game/.godot/world-render/motion/moss_2_3.png'
00:46.228  render           | Saved: '/home/user/Code/go-rpg-game/.godot/world-render/motion/moss_3_3.png'
00:46.312  render           | Saved: '/home/user/Code/go-rpg-game/.godot/world-render/motion/moss_4_3.png'
00:46.395  render           | Saved: '/home/user/Code/go-rpg-game/.godot/world-render/motion/moss_5_3.png'
00:46.477  render           | Saved: '/home/user/Code/go-rpg-game/.godot/world-render/motion/moss_6_3.png'
00:46.560  render           | Saved: '/home/user/Code/go-rpg-game/.godot/world-render/motion/moss_7_3.png'
00:46.691  render           | Saved: '/home/user/Code/go-rpg-game/.godot/world-render/motion/noor_0_1.png'
00:46.776  render           | Saved: '/home/user/Code/go-rpg-game/.godot/world-render/motion/noor_1_1.png'
00:46.857  render           | Saved: '/home/user/Code/go-rpg-game/.godot/world-render/motion/noor_2_1.png'
00:46.939  render           | Saved: '/home/user/Code/go-rpg-game/.godot/world-render/motion/noor_3_1.png'
00:47.024  render           | Saved: '/home/user/Code/go-rpg-game/.godot/world-render/motion/noor_4_1.png'
00:47.110  render           | Saved: '/home/user/Code/go-rpg-game/.godot/world-render/motion/noor_5_1.png'
00:47.196  render           | Saved: '/home/user/Code/go-rpg-game/.godot/world-render/motion/noor_6_1.png'
00:47.282  render           | Saved: '/home/user/Code/go-rpg-game/.godot/world-render/motion/noor_7_1.png'
00:47.424  render           | Saved: '/home/user/Code/go-rpg-game/.godot/world-render/motion/noor_0_2.png'
00:47.511  render           | Saved: '/home/user/Code/go-rpg-game/.godot/world-render/motion/noor_1_2.png'
00:47.593  render           | Saved: '/home/user/Code/go-rpg-game/.godot/world-render/motion/noor_2_2.png'
00:47.678  render           | Saved: '/home/user/Code/go-rpg-game/.godot/world-render/motion/noor_3_2.png'
00:47.762  render           | Saved: '/home/user/Code/go-rpg-game/.godot/world-render/motion/noor_4_2.png'
00:47.848  render           | Saved: '/home/user/Code/go-rpg-game/.godot/world-render/motion/noor_5_2.png'
00:47.926  render           | Saved: '/home/user/Code/go-rpg-game/.godot/world-render/motion/noor_6_2.png'
00:48.010  render           | Saved: '/home/user/Code/go-rpg-game/.godot/world-render/motion/noor_7_2.png'
00:48.142  render           | Saved: '/home/user/Code/go-rpg-game/.godot/world-render/motion/noor_0_3.png'
00:48.225  render           | Saved: '/home/user/Code/go-rpg-game/.godot/world-render/motion/noor_1_3.png'
00:48.306  render           | Saved: '/home/user/Code/go-rpg-game/.godot/world-render/motion/noor_2_3.png'
00:48.387  render           | Saved: '/home/user/Code/go-rpg-game/.godot/world-render/motion/noor_3_3.png'
00:48.472  render           | Saved: '/home/user/Code/go-rpg-game/.godot/world-render/motion/noor_4_3.png'
00:48.557  render           | Saved: '/home/user/Code/go-rpg-game/.godot/world-render/motion/noor_5_3.png'
00:48.641  render           | Saved: '/home/user/Code/go-rpg-game/.godot/world-render/motion/noor_6_3.png'
00:48.727  render           | Saved: '/home/user/Code/go-rpg-game/.godot/world-render/motion/noor_7_3.png'
00:48.861  render           | Saved: '/home/user/Code/go-rpg-game/.godot/world-render/motion/ivo_0_1.png'
00:48.947  render           | Saved: '/home/user/Code/go-rpg-game/.godot/world-render/motion/ivo_1_1.png'
00:49.029  render           | Saved: '/home/user/Code/go-rpg-game/.godot/world-render/motion/ivo_2_1.png'
00:49.112  render           | Saved: '/home/user/Code/go-rpg-game/.godot/world-render/motion/ivo_3_1.png'
00:49.194  render           | Saved: '/home/user/Code/go-rpg-game/.godot/world-render/motion/ivo_4_1.png'
00:49.275  render           | Saved: '/home/user/Code/go-rpg-game/.godot/world-render/motion/ivo_5_1.png'
00:49.355  render           | Saved: '/home/user/Code/go-rpg-game/.godot/world-render/motion/ivo_6_1.png'
00:49.438  render           | Saved: '/home/user/Code/go-rpg-game/.godot/world-render/motion/ivo_7_1.png'
00:49.584  render           | Saved: '/home/user/Code/go-rpg-game/.godot/world-render/motion/ivo_0_2.png'
00:49.665  render           | Saved: '/home/user/Code/go-rpg-game/.godot/world-render/motion/ivo_1_2.png'
00:49.742  render           | Saved: '/home/user/Code/go-rpg-game/.godot/world-render/motion/ivo_2_2.png'
00:49.824  render           | Saved: '/home/user/Code/go-rpg-game/.godot/world-render/motion/ivo_3_2.png'
00:49.906  render           | Saved: '/home/user/Code/go-rpg-game/.godot/world-render/motion/ivo_4_2.png'
00:49.991  render           | Saved: '/home/user/Code/go-rpg-game/.godot/world-render/motion/ivo_5_2.png'
00:50.072  render           | Saved: '/home/user/Code/go-rpg-game/.godot/world-render/motion/ivo_6_2.png'
00:50.156  render           | Saved: '/home/user/Code/go-rpg-game/.godot/world-render/motion/ivo_7_2.png'
00:50.292  render           | Saved: '/home/user/Code/go-rpg-game/.godot/world-render/motion/ivo_0_3.png'
00:50.378  render           | Saved: '/home/user/Code/go-rpg-game/.godot/world-render/motion/ivo_1_3.png'
00:50.461  render           | Saved: '/home/user/Code/go-rpg-game/.godot/world-render/motion/ivo_2_3.png'
00:50.545  render           | Saved: '/home/user/Code/go-rpg-game/.godot/world-render/motion/ivo_3_3.png'
00:50.634  render           | Saved: '/home/user/Code/go-rpg-game/.godot/world-render/motion/ivo_4_3.png'
00:50.718  render           | Saved: '/home/user/Code/go-rpg-game/.godot/world-render/motion/ivo_5_3.png'
00:50.801  render           | Saved: '/home/user/Code/go-rpg-game/.godot/world-render/motion/ivo_6_3.png'
00:50.885  render           | Saved: '/home/user/Code/go-rpg-game/.godot/world-render/motion/ivo_7_3.png'
00:51.049  render           | Saved: '/home/user/Code/go-rpg-game/.godot/world-render/motion/lea_0_1.png'
00:51.134  render           | Saved: '/home/user/Code/go-rpg-game/.godot/world-render/motion/lea_1_1.png'
00:51.218  render           | Saved: '/home/user/Code/go-rpg-game/.godot/world-render/motion/lea_2_1.png'
00:51.300  render           | Saved: '/home/user/Code/go-rpg-game/.godot/world-render/motion/lea_3_1.png'
00:51.387  render           | Saved: '/home/user/Code/go-rpg-game/.godot/world-render/motion/lea_4_1.png'
00:51.472  render           | Saved: '/home/user/Code/go-rpg-game/.godot/world-render/motion/lea_5_1.png'
00:51.558  render           | Saved: '/home/user/Code/go-rpg-game/.godot/world-render/motion/lea_6_1.png'
00:51.648  render           | Saved: '/home/user/Code/go-rpg-game/.godot/world-render/motion/lea_7_1.png'
00:51.820  render           | Saved: '/home/user/Code/go-rpg-game/.godot/world-render/motion/lea_0_2.png'
00:51.905  render           | Saved: '/home/user/Code/go-rpg-game/.godot/world-render/motion/lea_1_2.png'
00:51.987  render           | Saved: '/home/user/Code/go-rpg-game/.godot/world-render/motion/lea_2_2.png'
00:52.072  render           | Saved: '/home/user/Code/go-rpg-game/.godot/world-render/motion/lea_3_2.png'
00:52.158  render           | Saved: '/home/user/Code/go-rpg-game/.godot/world-render/motion/lea_4_2.png'
00:52.246  render           | Saved: '/home/user/Code/go-rpg-game/.godot/world-render/motion/lea_5_2.png'
00:52.326  render           | Saved: '/home/user/Code/go-rpg-game/.godot/world-render/motion/lea_6_2.png'
00:52.413  render           | Saved: '/home/user/Code/go-rpg-game/.godot/world-render/motion/lea_7_2.png'
00:52.574  render           | Saved: '/home/user/Code/go-rpg-game/.godot/world-render/motion/lea_0_3.png'
00:52.661  render           | Saved: '/home/user/Code/go-rpg-game/.godot/world-render/motion/lea_1_3.png'
00:52.744  render           | Saved: '/home/user/Code/go-rpg-game/.godot/world-render/motion/lea_2_3.png'
00:52.826  render           | Saved: '/home/user/Code/go-rpg-game/.godot/world-render/motion/lea_3_3.png'
00:52.911  render           | Saved: '/home/user/Code/go-rpg-game/.godot/world-render/motion/lea_4_3.png'
00:52.998  render           | Saved: '/home/user/Code/go-rpg-game/.godot/world-render/motion/lea_5_3.png'
00:53.079  render           | Saved: '/home/user/Code/go-rpg-game/.godot/world-render/motion/lea_6_3.png'
00:53.166  render           | Saved: '/home/user/Code/go-rpg-game/.godot/world-render/motion/lea_7_3.png'
00:53.311  render           | Saved: '/home/user/Code/go-rpg-game/.godot/world-render/motion/emil_0_1.png'
00:53.399  render           | Saved: '/home/user/Code/go-rpg-game/.godot/world-render/motion/emil_1_1.png'
00:53.483  render           | Saved: '/home/user/Code/go-rpg-game/.godot/world-render/motion/emil_2_1.png'
00:53.568  render           | Saved: '/home/user/Code/go-rpg-game/.godot/world-render/motion/emil_3_1.png'
00:53.655  render           | Saved: '/home/user/Code/go-rpg-game/.godot/world-render/motion/emil_4_1.png'
00:53.739  render           | Saved: '/home/user/Code/go-rpg-game/.godot/world-render/motion/emil_5_1.png'
00:53.820  render           | Saved: '/home/user/Code/go-rpg-game/.godot/world-render/motion/emil_6_1.png'
00:53.906  render           | Saved: '/home/user/Code/go-rpg-game/.godot/world-render/motion/emil_7_1.png'
00:54.060  render           | Saved: '/home/user/Code/go-rpg-game/.godot/world-render/motion/emil_0_2.png'
00:54.147  render           | Saved: '/home/user/Code/go-rpg-game/.godot/world-render/motion/emil_1_2.png'
00:54.225  render           | Saved: '/home/user/Code/go-rpg-game/.godot/world-render/motion/emil_2_2.png'
00:54.309  render           | Saved: '/home/user/Code/go-rpg-game/.godot/world-render/motion/emil_3_2.png'
00:54.394  render           | Saved: '/home/user/Code/go-rpg-game/.godot/world-render/motion/emil_4_2.png'
00:54.478  render           | Saved: '/home/user/Code/go-rpg-game/.godot/world-render/motion/emil_5_2.png'
00:54.560  render           | Saved: '/home/user/Code/go-rpg-game/.godot/world-render/motion/emil_6_2.png'
00:54.646  render           | Saved: '/home/user/Code/go-rpg-game/.godot/world-render/motion/emil_7_2.png'
00:54.793  render           | Saved: '/home/user/Code/go-rpg-game/.godot/world-render/motion/emil_0_3.png'
00:54.880  render           | Saved: '/home/user/Code/go-rpg-game/.godot/world-render/motion/emil_1_3.png'
00:54.964  render           | Saved: '/home/user/Code/go-rpg-game/.godot/world-render/motion/emil_2_3.png'
00:55.050  render           | Saved: '/home/user/Code/go-rpg-game/.godot/world-render/motion/emil_3_3.png'
00:55.136  render           | Saved: '/home/user/Code/go-rpg-game/.godot/world-render/motion/emil_4_3.png'
00:55.221  render           | Saved: '/home/user/Code/go-rpg-game/.godot/world-render/motion/emil_5_3.png'
00:55.306  render           | Saved: '/home/user/Code/go-rpg-game/.godot/world-render/motion/emil_6_3.png'
00:55.391  render           | Saved: '/home/user/Code/go-rpg-game/.godot/world-render/motion/emil_7_3.png'
00:55.523  render           | Saved: '/home/user/Code/go-rpg-game/.godot/world-render/motion/sora_0_1.png'
00:55.607  render           | Saved: '/home/user/Code/go-rpg-game/.godot/world-render/motion/sora_1_1.png'
00:55.687  render           | Saved: '/home/user/Code/go-rpg-game/.godot/world-render/motion/sora_2_1.png'
00:55.769  render           | Saved: '/home/user/Code/go-rpg-game/.godot/world-render/motion/sora_3_1.png'
00:55.853  render           | Saved: '/home/user/Code/go-rpg-game/.godot/world-render/motion/sora_4_1.png'
00:55.937  render           | Saved: '/home/user/Code/go-rpg-game/.godot/world-render/motion/sora_5_1.png'
00:56.024  render           | Saved: '/home/user/Code/go-rpg-game/.godot/world-render/motion/sora_6_1.png'
00:56.109  render           | Saved: '/home/user/Code/go-rpg-game/.godot/world-render/motion/sora_7_1.png'
00:56.248  render           | Saved: '/home/user/Code/go-rpg-game/.godot/world-render/motion/sora_0_2.png'
00:56.333  render           | Saved: '/home/user/Code/go-rpg-game/.godot/world-render/motion/sora_1_2.png'
00:56.414  render           | Saved: '/home/user/Code/go-rpg-game/.godot/world-render/motion/sora_2_2.png'
00:56.499  render           | Saved: '/home/user/Code/go-rpg-game/.godot/world-render/motion/sora_3_2.png'
00:56.584  render           | Saved: '/home/user/Code/go-rpg-game/.godot/world-render/motion/sora_4_2.png'
00:56.666  render           | Saved: '/home/user/Code/go-rpg-game/.godot/world-render/motion/sora_5_2.png'
00:56.746  render           | Saved: '/home/user/Code/go-rpg-game/.godot/world-render/motion/sora_6_2.png'
00:56.829  render           | Saved: '/home/user/Code/go-rpg-game/.godot/world-render/motion/sora_7_2.png'
00:56.960  render           | Saved: '/home/user/Code/go-rpg-game/.godot/world-render/motion/sora_0_3.png'
00:57.043  render           | Saved: '/home/user/Code/go-rpg-game/.godot/world-render/motion/sora_1_3.png'
00:57.124  render           | Saved: '/home/user/Code/go-rpg-game/.godot/world-render/motion/sora_2_3.png'
00:57.208  render           | Saved: '/home/user/Code/go-rpg-game/.godot/world-render/motion/sora_3_3.png'
00:57.294  render           | Saved: '/home/user/Code/go-rpg-game/.godot/world-render/motion/sora_4_3.png'
00:57.377  render           | Saved: '/home/user/Code/go-rpg-game/.godot/world-render/motion/sora_5_3.png'
00:57.461  render           | Saved: '/home/user/Code/go-rpg-game/.godot/world-render/motion/sora_6_3.png'
00:57.546  render           | Saved: '/home/user/Code/go-rpg-game/.godot/world-render/motion/sora_7_3.png'
Info: Saved as "player_motion.blend"
Info: Saved as "wren_motion.blend"
Info: Saved as "kesh_motion.blend"
Info: Saved as "pip_motion.blend"
Info: Saved as "bertie_motion.blend"
Info: Saved as "nadia_motion.blend"
Info: Saved as "hana_motion.blend"
Info: Saved as "tomas_motion.blend"
Info: Saved as "marguerite_motion.blend"
Info: Saved as "joos_motion.blend"
Info: Saved as "ilse_motion.blend"
Info: Saved as "sunny_motion.blend"
Info: Saved as "orla_motion.blend"
Info: Saved as "extra_commuter_motion.blend"
Info: Saved as "extra_shopper_motion.blend"
Info: Saved as "extra_docker_motion.blend"
Info: Saved as "extra_student_motion.blend"
Info: Saved as "extra_kid_motion.blend"
Info: Saved as "abel_motion.blend"
Info: Saved as "dov_motion.blend"
Info: Saved as "moss_motion.blend"
Info: Saved as "noor_motion.blend"
Info: Saved as "ivo_motion.blend"
Info: Saved as "lea_motion.blend"
Info: Saved as "emil_motion.blend"
Info: Saved as "sora_motion.blend"
Blender 5.2.1 LTS

Blender quit
