02:45.158  render           | Saved: '/home/user/Code/go-rpg-game/.godot/world-render/ketelsteeg/scene.png'
02:45.662  render           | Saved: '/home/user/Code/go-rpg-game/.godot/world-render/ketelsteeg/depth.png'
Info: Saved as "scene.blend"
Blender 5.2.1 LTS

Blender quit
03:25.977  render           | Saved: '/home/user/Code/go-rpg-game/.godot/world-render/quay/scene.png'
03:26.387  render           | Saved: '/home/user/Code/go-rpg-game/.godot/world-render/quay/depth.png'
Info: Saved as "scene.blend"
Blender 5.2.1 LTS

Blender quit
01:31.711  render           | Saved: '/home/user/Code/go-rpg-game/.godot/world-render/onderbrug/scene.png'
01:32.032  render           | Saved: '/home/user/Code/go-rpg-game/.godot/world-render/onderbrug/depth.png'
Info: Saved as "scene.blend"
Blender 5.2.1 LTS

Blender quit
00:02.463  render           | Saved: '/home/user/Code/go-rpg-game/.godot/world-render/stills/title.png'
00:04.149  render           | Saved: '/home/user/Code/go-rpg-game/.godot/world-render/stills/opening.png'
00:05.573  render           | Saved: '/home/user/Code/go-rpg-game/.godot/world-render/stills/arrival_academy_hall.png'
00:07.009  render           | Saved: '/home/user/Code/go-rpg-game/.godot/world-render/stills/arrival_bondszaal.png'
Info: Saved as "presentation.blend"
Blender 5.2.1 LTS

Blender quit
