Godot Engine v4.7.2.stable.official.ed1daf0bf - https://godotengine.org
WARNING: Could not set V-Sync mode, as changing V-Sync mode is not supported by the graphics driver.
     at: set_use_vsync (platform/linuxbsd/x11/gl_manager_x11.cpp:372)
OpenGL API 4.6 (Core Profile) Mesa 26.2.1 - Compatibility - Using Device: Mesa - llvmpipe (LLVM 21.1.8, 256 bits)

AUTOPILOT: 20 steps from res://tools/autopilot/early_lessons.json
AUTOPILOT: world transition and return conversation settled
AUTOPILOT SHOT: /home/user/.cache/ninepoint-supplement/data/godot/app_userdata/Ninepoint/shots/01_choice_Pip showed me Capture Go..png
AUTOPILOT SHOT: /home/user/.cache/ninepoint-supplement/data/godot/app_userdata/Ninepoint/shots/02_first_game_rules_1_card.png
AUTOPILOT SHOT: /home/user/.cache/ninepoint-supplement/data/godot/app_userdata/Ninepoint/shots/03_first_game_rules_1_instruction.png
AUTOPILOT SHOT: /home/user/.cache/ninepoint-supplement/data/godot/app_userdata/Ninepoint/shots/04_first_game_rules_1_refused.png
AUTOPILOT SHOT: /home/user/.cache/ninepoint-supplement/data/godot/app_userdata/Ninepoint/shots/05_first_game_rules_1_feedback.png
AUTOPILOT SHOT: /home/user/.cache/ninepoint-supplement/data/godot/app_userdata/Ninepoint/shots/06_first_game_rules_2_instruction.png
AUTOPILOT SHOT: /home/user/.cache/ninepoint-supplement/data/godot/app_userdata/Ninepoint/shots/07_first_game_rules_2_refused.png
AUTOPILOT SHOT: /home/user/.cache/ninepoint-supplement/data/godot/app_userdata/Ninepoint/shots/08_first_game_rules_2_feedback.png
AUTOPILOT SHOT: /home/user/.cache/ninepoint-supplement/data/godot/app_userdata/Ninepoint/shots/09_first_game_rules_3_instruction.png
AUTOPILOT SHOT: /home/user/.cache/ninepoint-supplement/data/godot/app_userdata/Ninepoint/shots/10_first_game_rules_3_feedback.png
AUTOPILOT SHOT: /home/user/.cache/ninepoint-supplement/data/godot/app_userdata/Ninepoint/shots/11_first_game_rules_4_instruction.png
AUTOPILOT SHOT: /home/user/.cache/ninepoint-supplement/data/godot/app_userdata/Ninepoint/shots/12_first_game_rules_4_refused.png
AUTOPILOT SHOT: /home/user/.cache/ninepoint-supplement/data/godot/app_userdata/Ninepoint/shots/13_first_game_rules_4_feedback.png
AUTOPILOT SHOT: /home/user/.cache/ninepoint-supplement/data/godot/app_userdata/Ninepoint/shots/14_first_game_rules_4_card.png
AUTOPILOT SHOT: /home/user/.cache/ninepoint-supplement/data/godot/app_userdata/Ninepoint/shots/15_finishing_1_card.png
AUTOPILOT SHOT: /home/user/.cache/ninepoint-supplement/data/godot/app_userdata/Ninepoint/shots/16_finishing_1_instruction.png
AUTOPILOT SHOT: /home/user/.cache/ninepoint-supplement/data/godot/app_userdata/Ninepoint/shots/17_finishing_1_inspect.png
AUTOPILOT SHOT: /home/user/.cache/ninepoint-supplement/data/godot/app_userdata/Ninepoint/shots/18_finishing_1_inspect.png
AUTOPILOT SHOT: /home/user/.cache/ninepoint-supplement/data/godot/app_userdata/Ninepoint/shots/19_finishing_1_feedback.png
AUTOPILOT SHOT: /home/user/.cache/ninepoint-supplement/data/godot/app_userdata/Ninepoint/shots/20_finishing_1_feedback.png
AUTOPILOT SHOT: /home/user/.cache/ninepoint-supplement/data/godot/app_userdata/Ninepoint/shots/21_finishing_1_feedback.png
AUTOPILOT SHOT: /home/user/.cache/ninepoint-supplement/data/godot/app_userdata/Ninepoint/shots/22_finishing_1_feedback.png
AUTOPILOT SHOT: /home/user/.cache/ninepoint-supplement/data/godot/app_userdata/Ninepoint/shots/23_finishing_2_instruction.png
AUTOPILOT SHOT: /home/user/.cache/ninepoint-supplement/data/godot/app_userdata/Ninepoint/shots/24_finishing_2_refused.png
AUTOPILOT SHOT: /home/user/.cache/ninepoint-supplement/data/godot/app_userdata/Ninepoint/shots/25_finishing_2_feedback.png
AUTOPILOT SHOT: /home/user/.cache/ninepoint-supplement/data/godot/app_userdata/Ninepoint/shots/26_finishing_3_instruction.png
AUTOPILOT SHOT: /home/user/.cache/ninepoint-supplement/data/godot/app_userdata/Ninepoint/shots/27_finishing_3_feedback.png
AUTOPILOT SHOT: /home/user/.cache/ninepoint-supplement/data/godot/app_userdata/Ninepoint/shots/28_finishing_4_instruction.png
AUTOPILOT SHOT: /home/user/.cache/ninepoint-supplement/data/godot/app_userdata/Ninepoint/shots/29_finishing_4_toggle_0.png
AUTOPILOT SHOT: /home/user/.cache/ninepoint-supplement/data/godot/app_userdata/Ninepoint/shots/30_finishing_4_toggle_1.png
AUTOPILOT SHOT: /home/user/.cache/ninepoint-supplement/data/godot/app_userdata/Ninepoint/shots/31_finishing_4_feedback.png
AUTOPILOT SHOT: /home/user/.cache/ninepoint-supplement/data/godot/app_userdata/Ninepoint/shots/32_finishing_4_card.png
AUTOPILOT SHOT: /home/user/.cache/ninepoint-supplement/data/godot/app_userdata/Ninepoint/shots/33_choice_Show me..png
AUTOPILOT SHOT: /home/user/.cache/ninepoint-supplement/data/godot/app_userdata/Ninepoint/shots/34_openings_1_card.png
AUTOPILOT SHOT: /home/user/.cache/ninepoint-supplement/data/godot/app_userdata/Ninepoint/shots/35_openings_1_instruction.png
AUTOPILOT SHOT: /home/user/.cache/ninepoint-supplement/data/godot/app_userdata/Ninepoint/shots/36_openings_1_feedback.png
AUTOPILOT SHOT: /home/user/.cache/ninepoint-supplement/data/godot/app_userdata/Ninepoint/shots/37_openings_2_instruction.png
AUTOPILOT SHOT: /home/user/.cache/ninepoint-supplement/data/godot/app_userdata/Ninepoint/shots/38_openings_2_refused.png
AUTOPILOT SHOT: /home/user/.cache/ninepoint-supplement/data/godot/app_userdata/Ninepoint/shots/39_openings_2_feedback.png
AUTOPILOT SHOT: /home/user/.cache/ninepoint-supplement/data/godot/app_userdata/Ninepoint/shots/40_openings_2_card.png
AUTOPILOT SHOT: /home/user/.cache/ninepoint-supplement/data/godot/app_userdata/Ninepoint/shots/41_choice_Set up the practice game..png
AUTOPILOT SHOT: /home/user/.cache/ninepoint-supplement/data/godot/app_userdata/Ninepoint/shots/42_BoardBrief_0.png
AUTOPILOT SHOT: /home/user/.cache/ninepoint-supplement/data/godot/app_userdata/Ninepoint/shots/43_BoardBrief_1.png
EXPERIENCE: wren_first 9x9; player Black; handicap 0; komi 5.5; unrated true
AUTOPILOT SHOT: /home/user/.cache/ninepoint-supplement/data/godot/app_userdata/Ninepoint/shots/44_empty_wren_help.png
AUTOPILOT SHOT: /home/user/.cache/ninepoint-supplement/data/godot/app_userdata/Ninepoint/shots/45_result.png
AUTOPILOT SHOT: /home/user/.cache/ninepoint-supplement/data/godot/app_userdata/Ninepoint/shots/46_reaction_before_review.png
AUTOPILOT SHOT: /home/user/.cache/ninepoint-supplement/data/godot/app_userdata/Ninepoint/shots/47_reaction_before_review.png
AUTOPILOT SHOT: /home/user/.cache/ninepoint-supplement/data/godot/app_userdata/Ninepoint/shots/48_reaction_before_review.png
AUTOPILOT SHOT: /home/user/.cache/ninepoint-supplement/data/godot/app_userdata/Ninepoint/shots/49_reaction_before_review.png
AUTOPILOT SHOT: /home/user/.cache/ninepoint-supplement/data/godot/app_userdata/Ninepoint/shots/50_review_offer.png
AUTOPILOT: done
WARNING: 2 ObjectDB instances were leaked at exit (run with `--verbose` for details).
   at: cleanup (core/object/object.cpp:2536)
ERROR: 1 resources still in use at exit (run with --verbose for details).
   at: clear (core/io/resource.cpp:822)
