Godot Engine v4.7.2.stable.official.ed1daf0bf - https://godotengine.org
WARNING: Could not set V-Sync mode, as changing V-Sync mode is not supported by the graphics driver.
     at: set_use_vsync (platform/linuxbsd/x11/gl_manager_x11.cpp:372)
OpenGL API 4.6 (Core Profile) Mesa 26.2.1 - Compatibility - Using Device: Mesa - llvmpipe (LLVM 21.1.8, 256 bits)

AUTOPILOT: 21 steps from res://tools/autopilot/mouse_review.json
AUTOPILOT: Continue into the quay
AUTOPILOT SHOT: /home/user/.cache/ninepoint-supplement/data/godot/app_userdata/Ninepoint/shots/01_a_quay.png
AUTOPILOT: the review cards opened
AUTOPILOT SHOT: /home/user/.cache/ninepoint-supplement/data/godot/app_userdata/Ninepoint/shots/02_b_card_1.png
BOARD BUTTON: move_right
BOARD INPUT: { "hover": [2.0, 2.0] }
AUTOPILOT SHOT: /home/user/.cache/ninepoint-supplement/data/godot/app_userdata/Ninepoint/shots/03_c_review_hover.png
BOARD BUTTON: go_zoom
BOARD INPUT: { "hover": [3.0, 3.0] }
AUTOPILOT SHOT: /home/user/.cache/ninepoint-supplement/data/godot/app_userdata/Ninepoint/shots/04_d_review_zoom.png
BOARD BUTTON: right
BOARD BUTTON: go_zoom
BOARD BUTTON: move_right
AUTOPILOT SHOT: /home/user/.cache/ninepoint-supplement/data/godot/app_userdata/Ninepoint/shots/05_e_next_page.png
BOARD BUTTON: interact
AUTOPILOT SHOT: /home/user/.cache/ninepoint-supplement/data/godot/app_userdata/Ninepoint/shots/06_f_closed.png
AUTOPILOT: done
WARNING: 4 ObjectDB instances were leaked at exit (run with `--verbose` for details).
   at: cleanup (core/object/object.cpp:2536)
ERROR: 2 resources still in use at exit (run with --verbose for details).
   at: clear (core/io/resource.cpp:822)
