Godot Engine v4.7.2.stable.official.ed1daf0bf - https://godotengine.org
WARNING: Could not set V-Sync mode, as changing V-Sync mode is not supported by the graphics driver.
     at: set_use_vsync (platform/linuxbsd/x11/gl_manager_x11.cpp:372)
OpenGL API 4.6 (Core Profile) Mesa 26.2.1 - Compatibility - Using Device: Mesa - llvmpipe (LLVM 21.1.8, 256 bits)

AUTOPILOT: 14 steps from res://tools/autopilot/mouse_review_choice.json
BOARD BUTTON: go_resign
BOARD BUTTON: go_resign
KATAGO TRIAL: recorded engine evidence
BOARD BUTTON: interact
AUTOPILOT SHOT: /home/user/.cache/ninepoint-supplement/data/godot/app_userdata/Ninepoint/shots/01_review_ready_after_reaction.png
AUTOPILOT SHOT: /home/user/.cache/ninepoint-supplement/data/godot/app_userdata/Ninepoint/shots/02_a_hover_yes.png
AUTOPILOT SHOT: /home/user/.cache/ninepoint-supplement/data/godot/app_userdata/Ninepoint/shots/03_b_keyboard_no.png
AUTOPILOT SHOT: /home/user/.cache/ninepoint-supplement/data/godot/app_userdata/Ninepoint/shots/04_c_hover_no.png
BOARD BUTTON: review_no
AUTOPILOT: world transition and return conversation settled
AUTOPILOT SHOT: /home/user/.cache/ninepoint-supplement/data/godot/app_userdata/Ninepoint/shots/05_d_returned.png
AUTOPILOT: done
WARNING: 2 ObjectDB instances were leaked at exit (run with `--verbose` for details).
   at: cleanup (core/object/object.cpp:2536)
ERROR: 1 resources still in use at exit (run with --verbose for details).
   at: clear (core/io/resource.cpp:822)
