Godot Engine v4.7.2.stable.official.ed1daf0bf - https://godotengine.org
WARNING: Could not set V-Sync mode, as changing V-Sync mode is not supported by the graphics driver.
     at: set_use_vsync (platform/linuxbsd/x11/gl_manager_x11.cpp:372)
OpenGL API 4.6 (Core Profile) Mesa 26.2.1 - Compatibility - Using Device: Mesa - llvmpipe (LLVM 21.1.8, 256 bits)

AUTOPILOT: 60 steps from res://../../.cache/ninepoint-design-audit/pass-route.json
AUTOPILOT SHOT: /home/user/.cache/ninepoint-design-audit/pass-data/godot/app_userdata/Ninepoint/shots/01_welcome_0.png
AUTOPILOT SHOT: /home/user/.cache/ninepoint-design-audit/pass-data/godot/app_userdata/Ninepoint/shots/02_welcome_1.png
AUTOPILOT SHOT: /home/user/.cache/ninepoint-design-audit/pass-data/godot/app_userdata/Ninepoint/shots/03_name_exchange.png
AUTOPILOT SHOT: /home/user/.cache/ninepoint-design-audit/pass-data/godot/app_userdata/Ninepoint/shots/04_park_direction.png
AUTOPILOT SHOT: /home/user/.cache/ninepoint-design-audit/pass-data/godot/app_userdata/Ninepoint/shots/05_BoardBrief_0.png
AUTOPILOT SHOT: /home/user/.cache/ninepoint-design-audit/pass-data/godot/app_userdata/Ninepoint/shots/06_BoardBrief_1.png
EXPERIENCE: pip_capture 7x7; player Black; handicap 0; komi 0.5; unrated true
AUTOPILOT SHOT: /home/user/.cache/ninepoint-design-audit/pass-data/godot/app_userdata/Ninepoint/shots/07_capture_empty.png
AUTOPILOT SHOT: /home/user/.cache/ninepoint-design-audit/pass-data/godot/app_userdata/Ninepoint/shots/08_pass_probe_01.png
AUTOPILOT SHOT: /home/user/.cache/ninepoint-design-audit/pass-data/godot/app_userdata/Ninepoint/shots/09_pass_probe_02.png
AUTOPILOT SHOT: /home/user/.cache/ninepoint-design-audit/pass-data/godot/app_userdata/Ninepoint/shots/10_pass_probe_03.png
AUTOPILOT SHOT: /home/user/.cache/ninepoint-design-audit/pass-data/godot/app_userdata/Ninepoint/shots/11_pass_probe_04.png
AUTOPILOT SHOT: /home/user/.cache/ninepoint-design-audit/pass-data/godot/app_userdata/Ninepoint/shots/12_pass_probe_05.png
AUTOPILOT SHOT: /home/user/.cache/ninepoint-design-audit/pass-data/godot/app_userdata/Ninepoint/shots/13_pass_probe_06.png
AUTOPILOT SHOT: /home/user/.cache/ninepoint-design-audit/pass-data/godot/app_userdata/Ninepoint/shots/14_pass_probe_07.png
AUTOPILOT SHOT: /home/user/.cache/ninepoint-design-audit/pass-data/godot/app_userdata/Ninepoint/shots/15_pass_probe_08.png
AUTOPILOT SHOT: /home/user/.cache/ninepoint-design-audit/pass-data/godot/app_userdata/Ninepoint/shots/16_pass_probe_09.png
AUTOPILOT SHOT: /home/user/.cache/ninepoint-design-audit/pass-data/godot/app_userdata/Ninepoint/shots/17_pass_probe_10.png
AUTOPILOT SHOT: /home/user/.cache/ninepoint-design-audit/pass-data/godot/app_userdata/Ninepoint/shots/18_pass_probe_11.png
AUTOPILOT SHOT: /home/user/.cache/ninepoint-design-audit/pass-data/godot/app_userdata/Ninepoint/shots/19_pass_probe_12.png
AUTOPILOT SHOT: /home/user/.cache/ninepoint-design-audit/pass-data/godot/app_userdata/Ninepoint/shots/20_pass_probe_result.png
AUTOPILOT SHOT: /home/user/.cache/ninepoint-design-audit/pass-data/godot/app_userdata/Ninepoint/shots/21_pass_probe_return.png
AUTOPILOT: done
