WorkerThreadPool: 32 threads, 9 max low-priority.
Godot Engine v4.7.2.stable.official.ed1daf0bf - https://godotengine.org
TextServer: Added interface "Dummy"
TextServer: Added interface "ICU / HarfBuzz / Graphite (Built-in)"
SDL: Init OK!
Accessibility: AccessKit driver loaded.
Xshape 1.1 detected.
Xinerama 1.1 detected.
Xrandr 1.6 detected.
Xrender 0.11 detected.
Xinput 2.2 detected.
XInput: Refreshing devices.
XInput: Absolute pointing device: xwayland-pointer:11
XInput: No touch devices found.
Input method started.
Detecting GPUs, set DRI_PRIME in the environment to override GPU detection logic.
Only one GPU found, using default.
Accessibility: window 0 adapter created.
DBus 1.16.2 detected.
FreeDesktopScreenSaver: Acquired screensaver inhibition cookie: 22222
Using "default" pen tablet driver...
Shader 'CanvasSdfShaderGLES3' SHA256: eeebf701afed57fdcd45576133587c1c3fe608cfb10a561a769163565c589a30
Shader 'SkeletonShaderGLES3' SHA256: b8a4bc499c41a3f174c72b199f6d8ea6708ef8198f17191d4cdb80994e6cec2c
Shader 'ParticlesShaderGLES3' SHA256: 44509d40f197c2b3462e02d25f430d91f28ae26f432da11968261e54625de9fb
Shader 'ParticlesCopyShaderGLES3' SHA256: af7bc5043c8e366d2497e7c6e8a0b582000b0769b8b6e900f622bd286a29a841
Shader 'CopyShaderGLES3' SHA256: 906d5642788adab6d6079cdc44ba4802aefa3da18904066eb29a3fd370da797f
Shader 'CubemapFilterShaderGLES3' SHA256: 6bf22bd73e3643d96dfe54710bc7e122f614f14fe2780de02eb99cc1459b0275
Shader 'GlowShaderGLES3' SHA256: 5223a15305457ccf76d7d807dd7f6aea8371118b5c4936b5da08a22c9a4bce54
Shader 'PostShaderGLES3' SHA256: 2359f437d76ba2880b9bae51e2db21e86c1022d582cc0b03d54621fdca6bae2a
Shader 'FeedShaderGLES3' SHA256: aea679d991999a949a8ad9e44cb6178d498e15cddb0e6f50351f35ee52f6abea
Shader 'CanvasShaderGLES3' SHA256: e36e1a514506fee611a9b6e93e2e0d381b4426a759d1478759465fcc1807fc74
Shader 'CanvasOcclusionShaderGLES3' SHA256: 28f8f153df15a944ecf15fb45f6c450194a610045f9fa7242e4223e321dd4fd4
Shader 'SceneShaderGLES3' SHA256: 259ff4f2263a0bb6a6ea2e240dc7b249bbc74c9e9790054ab0997c00e2fd8c83
Shader 'SkyShaderGLES3' SHA256: 6961d520ea21a360eb327707a98bff571904399523c10f139ca796aacdec76e0
Shader 'TexBlitShaderGLES3' SHA256: 463567ac13e9049f6d6d461aa5bae200598b05cd1b05e1297fe1a149bb19fb9e
OpenGL API 4.6 (Core Profile) Mesa 26.2.1 - Compatibility - Using Device: AMD - AMD Radeon RX 6900 XT (radeonsi, navi21, ACO, DRM 3.64, 7.2.2)
PulseAudio 17.0.0 detected.
PulseAudio: context other
PulseAudio: context other
PulseAudio: context other
PulseAudio: context ready
PulseAudio: Detecting channels for device: alsa_output.usb-Focusrite_Scarlett_2i2_USB_Y8PDW7Z0B5BBCD-00.HiFi__Line__sink
PulseAudio: detected 2 output channels
PulseAudio: audio buffer frames: 512 calculated output latency: 11ms

TextServer: Primary interface set to: "ICU / HarfBuzz / Graphite (Built-in)".
Loading resource: res://src/ui/theme.tres remapped: res://src/ui/theme.tres
Loading resource: res://art/fonts/DejaVuSans.ttf remapped: res://art/fonts/DejaVuSans.ttf
Loading resource: res://.godot/imported/DejaVuSans.ttf-860ffe91e288468a48f5efa5d72ad522.fontdata remapped: res://.godot/imported/DejaVuSans.ttf-860ffe91e288468a48f5efa5d72ad522.fontdata
Completed load for: 'res://art/fonts/DejaVuSans.ttf' remapped 'res://art/fonts/DejaVuSans.ttf' at thread -1
Completed load for: 'res://src/ui/theme.tres' remapped 'res://src/ui/theme.tres' at thread -1
CORE API HASH: 2004498165
EDITOR API HASH: 1696660745
SceneTreeFTI: traversal method DEFAULT
Loading resource: res://src/autoload/event_bus.gd remapped: res://src/autoload/event_bus.gd
Completed load for: 'res://src/autoload/event_bus.gd' remapped 'res://src/autoload/event_bus.gd' at thread -1
Loading resource: res://src/autoload/game_state.gd remapped: res://src/autoload/game_state.gd
Completed load for: 'res://src/autoload/game_state.gd' remapped 'res://src/autoload/game_state.gd' at thread -1
Loading resource: res://src/autoload/save_system.gd remapped: res://src/autoload/save_system.gd
Completed load for: 'res://src/autoload/save_system.gd' remapped 'res://src/autoload/save_system.gd' at thread -1
Loading resource: res://src/autoload/scene_router.gd remapped: res://src/autoload/scene_router.gd
Loading resource: res://src/rpg/kettle_next/cloth.gdshader remapped: res://src/rpg/kettle_next/cloth.gdshader
Completed load for: 'res://src/rpg/kettle_next/cloth.gdshader' remapped 'res://src/rpg/kettle_next/cloth.gdshader' at thread -1
Loading resource: res://src/rpg/kettle_next/steam.gdshader remapped: res://src/rpg/kettle_next/steam.gdshader
Completed load for: 'res://src/rpg/kettle_next/steam.gdshader' remapped 'res://src/rpg/kettle_next/steam.gdshader' at thread -1
Loading resource: res://src/rpg/campaign_next/surface.gdshader remapped: res://src/rpg/campaign_next/surface.gdshader
Completed load for: 'res://src/rpg/campaign_next/surface.gdshader' remapped 'res://src/rpg/campaign_next/surface.gdshader' at thread -1
Loading resource: res://src/rpg/kettle_next/surface.gdshader remapped: res://src/rpg/kettle_next/surface.gdshader
Completed load for: 'res://src/rpg/kettle_next/surface.gdshader' remapped 'res://src/rpg/kettle_next/surface.gdshader' at thread -1
Loading resource: res://src/rpg/expressive/room.gdshader remapped: res://src/rpg/expressive/room.gdshader
Completed load for: 'res://src/rpg/expressive/room.gdshader' remapped 'res://src/rpg/expressive/room.gdshader' at thread -1
Completed load for: 'res://src/autoload/scene_router.gd' remapped 'res://src/autoload/scene_router.gd' at thread -1
Loading resource: res://src/autoload/match_bridge.gd remapped: res://src/autoload/match_bridge.gd
Completed load for: 'res://src/autoload/match_bridge.gd' remapped 'res://src/autoload/match_bridge.gd' at thread -1
Loading resource: res://src/quest/quest_tracker.gd remapped: res://src/quest/quest_tracker.gd
Completed load for: 'res://src/quest/quest_tracker.gd' remapped 'res://src/quest/quest_tracker.gd' at thread -1
Loading resource: res://src/autoload/game_input.gd remapped: res://src/autoload/game_input.gd
Completed load for: 'res://src/autoload/game_input.gd' remapped 'res://src/autoload/game_input.gd' at thread -1
Loading resource: res://src/autoload/autopilot.gd remapped: res://src/autoload/autopilot.gd
Loading resource: res://art/expressive_world/surfaces/board.png remapped: res://art/expressive_world/surfaces/board.png
Loading resource: res://.godot/imported/board.png-7d1ae8b783d4f710477e687c2512e55f.ctex remapped: res://.godot/imported/board.png-7d1ae8b783d4f710477e687c2512e55f.ctex
Completed load for: 'res://art/expressive_world/surfaces/board.png' remapped 'res://art/expressive_world/surfaces/board.png' at thread -1
Loading resource: res://art/expressive_world/surfaces/black_stone.png remapped: res://art/expressive_world/surfaces/black_stone.png
Loading resource: res://.godot/imported/black_stone.png-fcb4545867c9358cddfd1d32c4ef27d4.ctex remapped: res://.godot/imported/black_stone.png-fcb4545867c9358cddfd1d32c4ef27d4.ctex
Completed load for: 'res://art/expressive_world/surfaces/black_stone.png' remapped 'res://art/expressive_world/surfaces/black_stone.png' at thread -1
Loading resource: res://art/expressive_world/surfaces/white_stone.png remapped: res://art/expressive_world/surfaces/white_stone.png
Loading resource: res://.godot/imported/white_stone.png-bb422114c47c9dcb0877d9399027d585.ctex remapped: res://.godot/imported/white_stone.png-bb422114c47c9dcb0877d9399027d585.ctex
Completed load for: 'res://art/expressive_world/surfaces/white_stone.png' remapped 'res://art/expressive_world/surfaces/white_stone.png' at thread -1
Loading resource: res://src/rpg/kettle_next/board_wood.gdshader remapped: res://src/rpg/kettle_next/board_wood.gdshader
Completed load for: 'res://src/rpg/kettle_next/board_wood.gdshader' remapped 'res://src/rpg/kettle_next/board_wood.gdshader' at thread -1
Loading resource: res://src/go_ui/table_scene/wood.gdshader remapped: res://src/go_ui/table_scene/wood.gdshader
Completed load for: 'res://src/go_ui/table_scene/wood.gdshader' remapped 'res://src/go_ui/table_scene/wood.gdshader' at thread -1
Loading resource: res://src/rpg/kettle_next/outline.gdshader remapped: res://src/rpg/kettle_next/outline.gdshader
Completed load for: 'res://src/rpg/kettle_next/outline.gdshader' remapped 'res://src/rpg/kettle_next/outline.gdshader' at thread -1
Loading resource: res://src/go_ui/table_scene/outline.gdshader remapped: res://src/go_ui/table_scene/outline.gdshader
Completed load for: 'res://src/go_ui/table_scene/outline.gdshader' remapped 'res://src/go_ui/table_scene/outline.gdshader' at thread -1
Loading resource: res://src/go_ui/table_scene/face.gdshader remapped: res://src/go_ui/table_scene/face.gdshader
Completed load for: 'res://src/go_ui/table_scene/face.gdshader' remapped 'res://src/go_ui/table_scene/face.gdshader' at thread -1
Loading resource: res://src/go_ui/table_scene/cel.gdshader remapped: res://src/go_ui/table_scene/cel.gdshader
Completed load for: 'res://src/go_ui/table_scene/cel.gdshader' remapped 'res://src/go_ui/table_scene/cel.gdshader' at thread -1
Loading resource: res://src/rpg/kettle_next/face.gdshader remapped: res://src/rpg/kettle_next/face.gdshader
Completed load for: 'res://src/rpg/kettle_next/face.gdshader' remapped 'res://src/rpg/kettle_next/face.gdshader' at thread -1
Loading resource: res://src/rpg/presentation/ground_occlusion.gdshader remapped: res://src/rpg/presentation/ground_occlusion.gdshader
Completed load for: 'res://src/rpg/presentation/ground_occlusion.gdshader' remapped 'res://src/rpg/presentation/ground_occlusion.gdshader' at thread -1
Completed load for: 'res://src/autoload/autopilot.gd' remapped 'res://src/autoload/autopilot.gd' at thread -1
Loaded system CA certificates
Loading resource: res://tools/campaign_next/seats.tscn remapped: res://tools/campaign_next/seats.tscn
Loading resource: res://tools/campaign_next/seats.gd remapped: res://tools/campaign_next/seats.gd
Loading resource: res://src/rpg/world.tscn remapped: res://src/rpg/world.tscn
Loading resource: res://src/rpg/world.gd remapped: res://src/rpg/world.gd
Loading resource: res://src/rpg/player/player.tscn remapped: res://src/rpg/player/player.tscn
Completed load for: 'res://src/rpg/player/player.tscn' remapped 'res://src/rpg/player/player.tscn' at thread -1
Loading resource: res://src/rpg/npc/npc.tscn remapped: res://src/rpg/npc/npc.tscn
Completed load for: 'res://src/rpg/npc/npc.tscn' remapped 'res://src/rpg/npc/npc.tscn' at thread -1
Completed load for: 'res://src/rpg/world.gd' remapped 'res://src/rpg/world.gd' at thread -1
Completed load for: 'res://src/rpg/world.tscn' remapped 'res://src/rpg/world.tscn' at thread -1
Completed load for: 'res://tools/campaign_next/seats.gd' remapped 'res://tools/campaign_next/seats.gd' at thread -1
Completed load for: 'res://tools/campaign_next/seats.tscn' remapped 'res://tools/campaign_next/seats.tscn' at thread -1
Loading resource: res://data/quests/beginner_cup.tres remapped: res://data/quests/beginner_cup.tres
Completed load for: 'res://data/quests/beginner_cup.tres' remapped 'res://data/quests/beginner_cup.tres' at thread -1
Loading resource: res://data/quests/enrolment.tres remapped: res://data/quests/enrolment.tres
Completed load for: 'res://data/quests/enrolment.tres' remapped 'res://data/quests/enrolment.tres' at thread -1
Loading resource: res://data/quests/first_stones.tres remapped: res://data/quests/first_stones.tres
Completed load for: 'res://data/quests/first_stones.tres' remapped 'res://data/quests/first_stones.tres' at thread -1
Loading resource: res://data/quests/qualifying_exam.tres remapped: res://data/quests/qualifying_exam.tres
Completed load for: 'res://data/quests/qualifying_exam.tres' remapped 'res://data/quests/qualifying_exam.tres' at thread -1
Loading resource: res://audio/amb_breeze.wav remapped: res://audio/amb_breeze.wav
Loading resource: res://.godot/imported/amb_breeze.wav-e607b951ab90b75cca9d80cb5204c179.sample remapped: res://.godot/imported/amb_breeze.wav-e607b951ab90b75cca9d80cb5204c179.sample
Completed load for: 'res://audio/amb_breeze.wav' remapped 'res://audio/amb_breeze.wav' at thread -1
Loading resource: res://audio/amb_canal.wav remapped: res://audio/amb_canal.wav
Loading resource: res://.godot/imported/amb_canal.wav-5738abd6e6b2803f630ea8320d2191f5.sample remapped: res://.godot/imported/amb_canal.wav-5738abd6e6b2803f630ea8320d2191f5.sample
Completed load for: 'res://audio/amb_canal.wav' remapped 'res://audio/amb_canal.wav' at thread -1
Loading resource: res://audio/amb_coast.wav remapped: res://audio/amb_coast.wav
Loading resource: res://.godot/imported/amb_coast.wav-6fe701b88c1916cf1735e195d2a11942.sample remapped: res://.godot/imported/amb_coast.wav-6fe701b88c1916cf1735e195d2a11942.sample
Completed load for: 'res://audio/amb_coast.wav' remapped 'res://audio/amb_coast.wav' at thread -1
Loading resource: res://audio/amb_gull.wav remapped: res://audio/amb_gull.wav
Loading resource: res://.godot/imported/amb_gull.wav-4eb1a7627f0c766b2102ae6dd7fd82fc.sample remapped: res://.godot/imported/amb_gull.wav-4eb1a7627f0c766b2102ae6dd7fd82fc.sample
Completed load for: 'res://audio/amb_gull.wav' remapped 'res://audio/amb_gull.wav' at thread -1
Loading resource: res://audio/amb_rain.wav remapped: res://audio/amb_rain.wav
Loading resource: res://.godot/imported/amb_rain.wav-76bc2f62b4ef9faad9397ebc28fe2936.sample remapped: res://.godot/imported/amb_rain.wav-76bc2f62b4ef9faad9397ebc28fe2936.sample
Completed load for: 'res://audio/amb_rain.wav' remapped 'res://audio/amb_rain.wav' at thread -1
Loading resource: res://audio/amb_room.wav remapped: res://audio/amb_room.wav
Loading resource: res://.godot/imported/amb_room.wav-92ae2d3b02adb625647892ada0e0edac.sample remapped: res://.godot/imported/amb_room.wav-92ae2d3b02adb625647892ada0e0edac.sample
Completed load for: 'res://audio/amb_room.wav' remapped 'res://audio/amb_room.wav' at thread -1
Loading resource: res://audio/amb_tram.wav remapped: res://audio/amb_tram.wav
Loading resource: res://.godot/imported/amb_tram.wav-9517b01231c87d0ea9c279f49f346472.sample remapped: res://.godot/imported/amb_tram.wav-9517b01231c87d0ea9c279f49f346472.sample
Completed load for: 'res://audio/amb_tram.wav' remapped 'res://audio/amb_tram.wav' at thread -1
Loading resource: res://audio/blip.wav remapped: res://audio/blip.wav
Loading resource: res://.godot/imported/blip.wav-727bf1c79c1a2371734890a4bff343a2.sample remapped: res://.godot/imported/blip.wav-727bf1c79c1a2371734890a4bff343a2.sample
Completed load for: 'res://audio/blip.wav' remapped 'res://audio/blip.wav' at thread -1
Loading resource: res://audio/capture.wav remapped: res://audio/capture.wav
Loading resource: res://.godot/imported/capture.wav-d64fca1fab70b226bfdb50e9c72d205a.sample remapped: res://.godot/imported/capture.wav-d64fca1fab70b226bfdb50e9c72d205a.sample
Completed load for: 'res://audio/capture.wav' remapped 'res://audio/capture.wav' at thread -1
Loading resource: res://audio/door.wav remapped: res://audio/door.wav
Loading resource: res://.godot/imported/door.wav-1fd8a7c6c1529fce90de7b2743c87d51.sample remapped: res://.godot/imported/door.wav-1fd8a7c6c1529fce90de7b2743c87d51.sample
Completed load for: 'res://audio/door.wav' remapped 'res://audio/door.wav' at thread -1
Loading resource: res://audio/fryer.wav remapped: res://audio/fryer.wav
Loading resource: res://.godot/imported/fryer.wav-2654c5e121b052cae6bae2627591c8cd.sample remapped: res://.godot/imported/fryer.wav-2654c5e121b052cae6bae2627591c8cd.sample
Completed load for: 'res://audio/fryer.wav' remapped 'res://audio/fryer.wav' at thread -1
Loading resource: res://audio/game_lose.wav remapped: res://audio/game_lose.wav
Loading resource: res://.godot/imported/game_lose.wav-139520cf875ea2850f65a239e4ee0a63.sample remapped: res://.godot/imported/game_lose.wav-139520cf875ea2850f65a239e4ee0a63.sample
Completed load for: 'res://audio/game_lose.wav' remapped 'res://audio/game_lose.wav' at thread -1
Loading resource: res://audio/game_win.wav remapped: res://audio/game_win.wav
Loading resource: res://.godot/imported/game_win.wav-eafeb9d654da0c136b6bcc897e1cbad0.sample remapped: res://.godot/imported/game_win.wav-eafeb9d654da0c136b6bcc897e1cbad0.sample
Completed load for: 'res://audio/game_win.wav' remapped 'res://audio/game_win.wav' at thread -1
Loading resource: res://audio/illegal.wav remapped: res://audio/illegal.wav
Loading resource: res://.godot/imported/illegal.wav-9b2896a153549187b9084f47a8b1b75a.sample remapped: res://.godot/imported/illegal.wav-9b2896a153549187b9084f47a8b1b75a.sample
Completed load for: 'res://audio/illegal.wav' remapped 'res://audio/illegal.wav' at thread -1
Loading resource: res://audio/pass.wav remapped: res://audio/pass.wav
Loading resource: res://.godot/imported/pass.wav-5dd0d89c5e87f1aa2aeeca79198ed472.sample remapped: res://.godot/imported/pass.wav-5dd0d89c5e87f1aa2aeeca79198ed472.sample
Completed load for: 'res://audio/pass.wav' remapped 'res://audio/pass.wav' at thread -1
Loading resource: res://audio/pigeons.wav remapped: res://audio/pigeons.wav
Loading resource: res://.godot/imported/pigeons.wav-8a35422568b1d06e765d42101b42e739.sample remapped: res://.godot/imported/pigeons.wav-8a35422568b1d06e765d42101b42e739.sample
Completed load for: 'res://audio/pigeons.wav' remapped 'res://audio/pigeons.wav' at thread -1
Loading resource: res://audio/rank_up.wav remapped: res://audio/rank_up.wav
Loading resource: res://.godot/imported/rank_up.wav-9fdc287cb3358b3f4954ecd77bf6a65d.sample remapped: res://.godot/imported/rank_up.wav-9fdc287cb3358b3f4954ecd77bf6a65d.sample
Completed load for: 'res://audio/rank_up.wav' remapped 'res://audio/rank_up.wav' at thread -1
Loading resource: res://audio/step_a.wav remapped: res://audio/step_a.wav
Loading resource: res://.godot/imported/step_a.wav-f1590aa8dccc14fedacae93645d48645.sample remapped: res://.godot/imported/step_a.wav-f1590aa8dccc14fedacae93645d48645.sample
Completed load for: 'res://audio/step_a.wav' remapped 'res://audio/step_a.wav' at thread -1
Loading resource: res://audio/step_b.wav remapped: res://audio/step_b.wav
Loading resource: res://.godot/imported/step_b.wav-c09b2ed9ddbda895d540b6011a7e6228.sample remapped: res://.godot/imported/step_b.wav-c09b2ed9ddbda895d540b6011a7e6228.sample
Completed load for: 'res://audio/step_b.wav' remapped 'res://audio/step_b.wav' at thread -1
Loading resource: res://audio/step_gravel_a.wav remapped: res://audio/step_gravel_a.wav
Loading resource: res://.godot/imported/step_gravel_a.wav-c60a38c84c0aee05aa123066d8d36a41.sample remapped: res://.godot/imported/step_gravel_a.wav-c60a38c84c0aee05aa123066d8d36a41.sample
Completed load for: 'res://audio/step_gravel_a.wav' remapped 'res://audio/step_gravel_a.wav' at thread -1
Loading resource: res://audio/step_gravel_b.wav remapped: res://audio/step_gravel_b.wav
Loading resource: res://.godot/imported/step_gravel_b.wav-c5be32cffa3ff7668011cef6e592a3cc.sample remapped: res://.godot/imported/step_gravel_b.wav-c5be32cffa3ff7668011cef6e592a3cc.sample
Completed load for: 'res://audio/step_gravel_b.wav' remapped 'res://audio/step_gravel_b.wav' at thread -1
Loading resource: res://audio/step_wood_a.wav remapped: res://audio/step_wood_a.wav
Loading resource: res://.godot/imported/step_wood_a.wav-80363ac41f929b3f0777a15cfa87dda5.sample remapped: res://.godot/imported/step_wood_a.wav-80363ac41f929b3f0777a15cfa87dda5.sample
Completed load for: 'res://audio/step_wood_a.wav' remapped 'res://audio/step_wood_a.wav' at thread -1
Loading resource: res://audio/step_wood_b.wav remapped: res://audio/step_wood_b.wav
Loading resource: res://.godot/imported/step_wood_b.wav-494a0f2376ab3f3c34e40e3ac930a43b.sample remapped: res://.godot/imported/step_wood_b.wav-494a0f2376ab3f3c34e40e3ac930a43b.sample
Completed load for: 'res://audio/step_wood_b.wav' remapped 'res://audio/step_wood_b.wav' at thread -1
Loading resource: res://audio/stone_place.wav remapped: res://audio/stone_place.wav
Loading resource: res://.godot/imported/stone_place.wav-63667a492579ebba12ef10122d9614ae.sample remapped: res://.godot/imported/stone_place.wav-63667a492579ebba12ef10122d9614ae.sample
Completed load for: 'res://audio/stone_place.wav' remapped 'res://audio/stone_place.wav' at thread -1
Loading resource: res://audio/stone_place_alt.wav remapped: res://audio/stone_place_alt.wav
Loading resource: res://.godot/imported/stone_place_alt.wav-1a2e13509c6f98f1fdc14ee99474c7f4.sample remapped: res://.godot/imported/stone_place_alt.wav-1a2e13509c6f98f1fdc14ee99474c7f4.sample
Completed load for: 'res://audio/stone_place_alt.wav' remapped 'res://audio/stone_place_alt.wav' at thread -1
Loading resource: res://audio/stove_crackle.wav remapped: res://audio/stove_crackle.wav
Loading resource: res://.godot/imported/stove_crackle.wav-1d8a9108ba948eec3e7f94a5384188a2.sample remapped: res://.godot/imported/stove_crackle.wav-1d8a9108ba948eec3e7f94a5384188a2.sample
Completed load for: 'res://audio/stove_crackle.wav' remapped 'res://audio/stove_crackle.wav' at thread -1
Loading resource: res://audio/theme_arches.wav remapped: res://audio/theme_arches.wav
Loading resource: res://.godot/imported/theme_arches.wav-d6d0d305cf71e93b18f4681aba9e81bf.sample remapped: res://.godot/imported/theme_arches.wav-d6d0d305cf71e93b18f4681aba9e81bf.sample
Completed load for: 'res://audio/theme_arches.wav' remapped 'res://audio/theme_arches.wav' at thread -1
Loading resource: res://audio/theme_battle.wav remapped: res://audio/theme_battle.wav
Loading resource: res://.godot/imported/theme_battle.wav-9e9ab6ca2f21b628790fc177aabb013e.sample remapped: res://.godot/imported/theme_battle.wav-9e9ab6ca2f21b628790fc177aabb013e.sample
Completed load for: 'res://audio/theme_battle.wav' remapped 'res://audio/theme_battle.wav' at thread -1
Loading resource: res://audio/theme_battle_in.wav remapped: res://audio/theme_battle_in.wav
Loading resource: res://.godot/imported/theme_battle_in.wav-fe5eb86f96c052799b150a0a2ccaa064.sample remapped: res://.godot/imported/theme_battle_in.wav-fe5eb86f96c052799b150a0a2ccaa064.sample
Completed load for: 'res://audio/theme_battle_in.wav' remapped 'res://audio/theme_battle_in.wav' at thread -1
Loading resource: res://audio/theme_club.wav remapped: res://audio/theme_club.wav
Loading resource: res://.godot/imported/theme_club.wav-370676cfd8552f11bf444497657ecd56.sample remapped: res://.godot/imported/theme_club.wav-370676cfd8552f11bf444497657ecd56.sample
Completed load for: 'res://audio/theme_club.wav' remapped 'res://audio/theme_club.wav' at thread -1
Loading resource: res://audio/theme_cup.wav remapped: res://audio/theme_cup.wav
Loading resource: res://.godot/imported/theme_cup.wav-6da227a9ae460c7c10af10868d7eaf1b.sample remapped: res://.godot/imported/theme_cup.wav-6da227a9ae460c7c10af10868d7eaf1b.sample
Completed load for: 'res://audio/theme_cup.wav' remapped 'res://audio/theme_cup.wav' at thread -1
Loading resource: res://audio/theme_cup_in.wav remapped: res://audio/theme_cup_in.wav
Loading resource: res://.godot/imported/theme_cup_in.wav-f1a71112b00466a3bc9369d787fecdc1.sample remapped: res://.godot/imported/theme_cup_in.wav-f1a71112b00466a3bc9369d787fecdc1.sample
Completed load for: 'res://audio/theme_cup_in.wav' remapped 'res://audio/theme_cup_in.wav' at thread -1
Loading resource: res://audio/theme_exam.wav remapped: res://audio/theme_exam.wav
Loading resource: res://.godot/imported/theme_exam.wav-b9ff2768aa3ef0094f328ccb2a918d1f.sample remapped: res://.godot/imported/theme_exam.wav-b9ff2768aa3ef0094f328ccb2a918d1f.sample
Completed load for: 'res://audio/theme_exam.wav' remapped 'res://audio/theme_exam.wav' at thread -1
Loading resource: res://audio/theme_ghost.wav remapped: res://audio/theme_ghost.wav
Loading resource: res://.godot/imported/theme_ghost.wav-56faf7f4ec5f35c21dd14348b6d13994.sample remapped: res://.godot/imported/theme_ghost.wav-56faf7f4ec5f35c21dd14348b6d13994.sample
Completed load for: 'res://audio/theme_ghost.wav' remapped 'res://audio/theme_ghost.wav' at thread -1
Loading resource: res://audio/theme_ghost_in.wav remapped: res://audio/theme_ghost_in.wav
Loading resource: res://.godot/imported/theme_ghost_in.wav-d0bed49c56f370d2ec4245dbf18a4aff.sample remapped: res://.godot/imported/theme_ghost_in.wav-d0bed49c56f370d2ec4245dbf18a4aff.sample
Completed load for: 'res://audio/theme_ghost_in.wav' remapped 'res://audio/theme_ghost_in.wav' at thread -1
Loading resource: res://audio/theme_institute.wav remapped: res://audio/theme_institute.wav
Loading resource: res://.godot/imported/theme_institute.wav-46e8ae855ae5f454a996f774736ce7a1.sample remapped: res://.godot/imported/theme_institute.wav-46e8ae855ae5f454a996f774736ce7a1.sample
Completed load for: 'res://audio/theme_institute.wav' remapped 'res://audio/theme_institute.wav' at thread -1
Loading resource: res://audio/theme_match.wav remapped: res://audio/theme_match.wav
Loading resource: res://.godot/imported/theme_match.wav-95d69928e5e4de62d75cba3ced55d413.sample remapped: res://.godot/imported/theme_match.wav-95d69928e5e4de62d75cba3ced55d413.sample
Completed load for: 'res://audio/theme_match.wav' remapped 'res://audio/theme_match.wav' at thread -1
Loading resource: res://audio/theme_night.wav remapped: res://audio/theme_night.wav
Loading resource: res://.godot/imported/theme_night.wav-cc8b077ca97d604e369a724426c972f8.sample remapped: res://.godot/imported/theme_night.wav-cc8b077ca97d604e369a724426c972f8.sample
Completed load for: 'res://audio/theme_night.wav' remapped 'res://audio/theme_night.wav' at thread -1
Loading resource: res://audio/theme_quay.wav remapped: res://audio/theme_quay.wav
Loading resource: res://.godot/imported/theme_quay.wav-6e07a9533eb3e1eb618b8fee5fe29b7b.sample remapped: res://.godot/imported/theme_quay.wav-6e07a9533eb3e1eb618b8fee5fe29b7b.sample
Completed load for: 'res://audio/theme_quay.wav' remapped 'res://audio/theme_quay.wav' at thread -1
Loading resource: res://audio/theme_rival.wav remapped: res://audio/theme_rival.wav
Loading resource: res://.godot/imported/theme_rival.wav-5241100e256f1175a9659bf063917778.sample remapped: res://.godot/imported/theme_rival.wav-5241100e256f1175a9659bf063917778.sample
Completed load for: 'res://audio/theme_rival.wav' remapped 'res://audio/theme_rival.wav' at thread -1
Loading resource: res://audio/theme_rival_in.wav remapped: res://audio/theme_rival_in.wav
Loading resource: res://.godot/imported/theme_rival_in.wav-c368133df7e41fff7af617dcbeb37e8c.sample remapped: res://.godot/imported/theme_rival_in.wav-c368133df7e41fff7af617dcbeb37e8c.sample
Completed load for: 'res://audio/theme_rival_in.wav' remapped 'res://audio/theme_rival_in.wav' at thread -1
Loading resource: res://audio/theme_street.wav remapped: res://audio/theme_street.wav
Loading resource: res://.godot/imported/theme_street.wav-9f393318d04a9819e3c9ece2507b5ab5.sample remapped: res://.godot/imported/theme_street.wav-9f393318d04a9819e3c9ece2507b5ab5.sample
Completed load for: 'res://audio/theme_street.wav' remapped 'res://audio/theme_street.wav' at thread -1
Loading resource: res://audio/theme_teacher.wav remapped: res://audio/theme_teacher.wav
Loading resource: res://.godot/imported/theme_teacher.wav-5ed09072c33fd9ade80f927da3356ae7.sample remapped: res://.godot/imported/theme_teacher.wav-5ed09072c33fd9ade80f927da3356ae7.sample
Completed load for: 'res://audio/theme_teacher.wav' remapped 'res://audio/theme_teacher.wav' at thread -1
Loading resource: res://audio/theme_title.wav remapped: res://audio/theme_title.wav
Loading resource: res://.godot/imported/theme_title.wav-c8ce5bc0fe82b546816cdff9ceb08a3c.sample remapped: res://.godot/imported/theme_title.wav-c8ce5bc0fe82b546816cdff9ceb08a3c.sample
Completed load for: 'res://audio/theme_title.wav' remapped 'res://audio/theme_title.wav' at thread -1
Loading resource: res://audio/theme_wall.wav remapped: res://audio/theme_wall.wav
Loading resource: res://.godot/imported/theme_wall.wav-acf8cece1a7483f44a4b528a1b2ecd10.sample remapped: res://.godot/imported/theme_wall.wav-acf8cece1a7483f44a4b528a1b2ecd10.sample
Completed load for: 'res://audio/theme_wall.wav' remapped 'res://audio/theme_wall.wav' at thread -1
Loading resource: res://audio/toast.wav remapped: res://audio/toast.wav
Loading resource: res://.godot/imported/toast.wav-98c0be528cab601a9e0dbbda0aa5cdeb.sample remapped: res://.godot/imported/toast.wav-98c0be528cab601a9e0dbbda0aa5cdeb.sample
Completed load for: 'res://audio/toast.wav' remapped 'res://audio/toast.wav' at thread -1
Loading resource: res://audio/tram_bell.wav remapped: res://audio/tram_bell.wav
Loading resource: res://.godot/imported/tram_bell.wav-893e8b31f14ea9db87d5de8d08a60a0a.sample remapped: res://.godot/imported/tram_bell.wav-893e8b31f14ea9db87d5de8d08a60a0a.sample
Completed load for: 'res://audio/tram_bell.wav' remapped 'res://audio/tram_bell.wav' at thread -1
Loading resource: res://audio/ui_confirm.wav remapped: res://audio/ui_confirm.wav
Loading resource: res://.godot/imported/ui_confirm.wav-9afc5ff916ed17e3787500250f8ef9aa.sample remapped: res://.godot/imported/ui_confirm.wav-9afc5ff916ed17e3787500250f8ef9aa.sample
Completed load for: 'res://audio/ui_confirm.wav' remapped 'res://audio/ui_confirm.wav' at thread -1
Loading resource: res://audio/ui_move.wav remapped: res://audio/ui_move.wav
Loading resource: res://.godot/imported/ui_move.wav-7122de4475f19b426081611d588599bb.sample remapped: res://.godot/imported/ui_move.wav-7122de4475f19b426081611d588599bb.sample
Completed load for: 'res://audio/ui_move.wav' remapped 'res://audio/ui_move.wav' at thread -1
Loading resource: res://audio/washer.wav remapped: res://audio/washer.wav
Loading resource: res://.godot/imported/washer.wav-8d25c273c42977096ea232348a84d6da.sample remapped: res://.godot/imported/washer.wav-8d25c273c42977096ea232348a84d6da.sample
Completed load for: 'res://audio/washer.wav' remapped 'res://audio/washer.wav' at thread -1
Loading resource: res://art/rendered/maps/de_ketel/scene.png remapped: res://art/rendered/maps/de_ketel/scene.png
Loading resource: res://.godot/imported/scene.png-6d7d49b119480a1e6def866fa6fe35b1.ctex remapped: res://.godot/imported/scene.png-6d7d49b119480a1e6def866fa6fe35b1.ctex
Completed load for: 'res://art/rendered/maps/de_ketel/scene.png' remapped 'res://art/rendered/maps/de_ketel/scene.png' at thread -1
Loading resource: res://art/rendered/maps/de_ketel/depth.png remapped: res://art/rendered/maps/de_ketel/depth.png
Loading resource: res://.godot/imported/depth.png-4cbdbb4bbdb2a45a522d8deed0f351d3.ctex remapped: res://.godot/imported/depth.png-4cbdbb4bbdb2a45a522d8deed0f351d3.ctex
Completed load for: 'res://art/rendered/maps/de_ketel/depth.png' remapped 'res://art/rendered/maps/de_ketel/depth.png' at thread -1
Loading resource: res://art/tiles/town_tileset.tres remapped: res://art/tiles/town_tileset.tres
Loading resource: res://art/tiles/town_tileset.png remapped: res://art/tiles/town_tileset.png
Loading resource: res://.godot/imported/town_tileset.png-66f5033f0b8b2dd20eaf124c008c8561.ctex remapped: res://.godot/imported/town_tileset.png-66f5033f0b8b2dd20eaf124c008c8561.ctex
Completed load for: 'res://art/tiles/town_tileset.png' remapped 'res://art/tiles/town_tileset.png' at thread -1
Completed load for: 'res://art/tiles/town_tileset.tres' remapped 'res://art/tiles/town_tileset.tres' at thread -1
Loading resource: res://data/npcs/wren.tres remapped: res://data/npcs/wren.tres
Loading resource: res://data/opponents/wren_9x9.tres remapped: res://data/opponents/wren_9x9.tres
Completed load for: 'res://data/opponents/wren_9x9.tres' remapped 'res://data/opponents/wren_9x9.tres' at thread -1
Completed load for: 'res://data/npcs/wren.tres' remapped 'res://data/npcs/wren.tres' at thread -1
Loading resource: res://art/rendered/people/wren_sheet.png remapped: res://art/rendered/people/wren_sheet.png
Loading resource: res://.godot/imported/wren_sheet.png-28126e364496cadeb8eb248c60936111.ctex remapped: res://.godot/imported/wren_sheet.png-28126e364496cadeb8eb248c60936111.ctex
Completed load for: 'res://art/rendered/people/wren_sheet.png' remapped 'res://art/rendered/people/wren_sheet.png' at thread -1
Loading resource: res://art/rendered/people/wren_actions.png remapped: res://art/rendered/people/wren_actions.png
Loading resource: res://.godot/imported/wren_actions.png-041223fb3d5e85dcf7e9bb19a058087a.ctex remapped: res://.godot/imported/wren_actions.png-041223fb3d5e85dcf7e9bb19a058087a.ctex
Completed load for: 'res://art/rendered/people/wren_actions.png' remapped 'res://art/rendered/people/wren_actions.png' at thread -1
Loading resource: res://data/npcs/kesh.tres remapped: res://data/npcs/kesh.tres
Loading resource: res://data/opponents/kesh_9x9.tres remapped: res://data/opponents/kesh_9x9.tres
Completed load for: 'res://data/opponents/kesh_9x9.tres' remapped 'res://data/opponents/kesh_9x9.tres' at thread -1
Completed load for: 'res://data/npcs/kesh.tres' remapped 'res://data/npcs/kesh.tres' at thread -1
Loading resource: res://art/rendered/people/kesh_sheet.png remapped: res://art/rendered/people/kesh_sheet.png
Loading resource: res://.godot/imported/kesh_sheet.png-ff2160b7d7218c2585f8fa50872a72a5.ctex remapped: res://.godot/imported/kesh_sheet.png-ff2160b7d7218c2585f8fa50872a72a5.ctex
Completed load for: 'res://art/rendered/people/kesh_sheet.png' remapped 'res://art/rendered/people/kesh_sheet.png' at thread -1
Loading resource: res://art/rendered/people/kesh_actions.png remapped: res://art/rendered/people/kesh_actions.png
Loading resource: res://.godot/imported/kesh_actions.png-d54ea72a22618631e5da96f66d69cf55.ctex remapped: res://.godot/imported/kesh_actions.png-d54ea72a22618631e5da96f66d69cf55.ctex
Completed load for: 'res://art/rendered/people/kesh_actions.png' remapped 'res://art/rendered/people/kesh_actions.png' at thread -1
Loading resource: res://data/npcs/tomas.tres remapped: res://data/npcs/tomas.tres
Loading resource: res://data/opponents/tomas_9x9.tres remapped: res://data/opponents/tomas_9x9.tres
Completed load for: 'res://data/opponents/tomas_9x9.tres' remapped 'res://data/opponents/tomas_9x9.tres' at thread -1
Completed load for: 'res://data/npcs/tomas.tres' remapped 'res://data/npcs/tomas.tres' at thread -1
Loading resource: res://art/rendered/people/tomas_sheet.png remapped: res://art/rendered/people/tomas_sheet.png
Loading resource: res://.godot/imported/tomas_sheet.png-a8b3c0f03212ad56d19f3f98f6f4adf6.ctex remapped: res://.godot/imported/tomas_sheet.png-a8b3c0f03212ad56d19f3f98f6f4adf6.ctex
Completed load for: 'res://art/rendered/people/tomas_sheet.png' remapped 'res://art/rendered/people/tomas_sheet.png' at thread -1
Loading resource: res://art/rendered/people/tomas_actions.png remapped: res://art/rendered/people/tomas_actions.png
Loading resource: res://.godot/imported/tomas_actions.png-79de10369e9bf2ce88b4d40be02533ac.ctex remapped: res://.godot/imported/tomas_actions.png-79de10369e9bf2ce88b4d40be02533ac.ctex
Completed load for: 'res://art/rendered/people/tomas_actions.png' remapped 'res://art/rendered/people/tomas_actions.png' at thread -1
Loading resource: res://art/rendered/people/player_sheet.png remapped: res://art/rendered/people/player_sheet.png
Loading resource: res://.godot/imported/player_sheet.png-947a3256d50ebc89d0cb764604b31b1a.ctex remapped: res://.godot/imported/player_sheet.png-947a3256d50ebc89d0cb764604b31b1a.ctex
Completed load for: 'res://art/rendered/people/player_sheet.png' remapped 'res://art/rendered/people/player_sheet.png' at thread -1
Loading resource: res://art/campaign_next/maps/de_ketel/room.glb remapped: res://art/campaign_next/maps/de_ketel/room.glb
Loading resource: res://.godot/imported/room.glb-c53b5efa4e686a2c1d3ad4d6dc192ecd.scn remapped: res://.godot/imported/room.glb-c53b5efa4e686a2c1d3ad4d6dc192ecd.scn
Completed load for: 'res://art/campaign_next/maps/de_ketel/room.glb' remapped 'res://art/campaign_next/maps/de_ketel/room.glb' at thread -1
Loading resource: res://art/expressive_world/surfaces/plaster_grain.png remapped: res://art/expressive_world/surfaces/plaster_grain.png
Loading resource: res://.godot/imported/plaster_grain.png-b3b4765a4d03262d9d72ac00382c2a82.ctex remapped: res://.godot/imported/plaster_grain.png-b3b4765a4d03262d9d72ac00382c2a82.ctex
Completed load for: 'res://art/expressive_world/surfaces/plaster_grain.png' remapped 'res://art/expressive_world/surfaces/plaster_grain.png' at thread -1
Loading resource: res://art/expressive_world/surfaces/wood_grain.png remapped: res://art/expressive_world/surfaces/wood_grain.png
Loading resource: res://.godot/imported/wood_grain.png-4cd83f2de6efe43e81340a6044b0bb0a.ctex remapped: res://.godot/imported/wood_grain.png-4cd83f2de6efe43e81340a6044b0bb0a.ctex
Completed load for: 'res://art/expressive_world/surfaces/wood_grain.png' remapped 'res://art/expressive_world/surfaces/wood_grain.png' at thread -1
Loading resource: res://art/campaign_next/people/wren.glb remapped: res://art/campaign_next/people/wren.glb
Loading resource: res://.godot/imported/wren.glb-41a3ef1dfd1db86b4acf3eda619b7e19.scn remapped: res://.godot/imported/wren.glb-41a3ef1dfd1db86b4acf3eda619b7e19.scn
Completed load for: 'res://art/campaign_next/people/wren.glb' remapped 'res://art/campaign_next/people/wren.glb' at thread -1
Loading resource: res://art/expressive_world/people/wren_face.png remapped: res://art/expressive_world/people/wren_face.png
Loading resource: res://.godot/imported/wren_face.png-7b7bfc792f9ad9f2c5163e42103fe2c5.ctex remapped: res://.godot/imported/wren_face.png-7b7bfc792f9ad9f2c5163e42103fe2c5.ctex
Completed load for: 'res://art/expressive_world/people/wren_face.png' remapped 'res://art/expressive_world/people/wren_face.png' at thread -1
Loading resource: res://art/campaign_next/people/wren_face.png remapped: res://art/campaign_next/people/wren_face.png
Loading resource: res://.godot/imported/wren_face.png-5bddb9ad82b60e9bea7d8d32930f1f92.ctex remapped: res://.godot/imported/wren_face.png-5bddb9ad82b60e9bea7d8d32930f1f92.ctex
Completed load for: 'res://art/campaign_next/people/wren_face.png' remapped 'res://art/campaign_next/people/wren_face.png' at thread -1
Loading resource: res://art/campaign_next/people/kesh.glb remapped: res://art/campaign_next/people/kesh.glb
Loading resource: res://.godot/imported/kesh.glb-323f0f31c388406ffdc9929385d7d1cc.scn remapped: res://.godot/imported/kesh.glb-323f0f31c388406ffdc9929385d7d1cc.scn
Completed load for: 'res://art/campaign_next/people/kesh.glb' remapped 'res://art/campaign_next/people/kesh.glb' at thread -1
Loading resource: res://art/expressive_world/people/kesh_face.png remapped: res://art/expressive_world/people/kesh_face.png
Loading resource: res://.godot/imported/kesh_face.png-14ab596c8e84b92e685c407786dedc71.ctex remapped: res://.godot/imported/kesh_face.png-14ab596c8e84b92e685c407786dedc71.ctex
Completed load for: 'res://art/expressive_world/people/kesh_face.png' remapped 'res://art/expressive_world/people/kesh_face.png' at thread -1
Loading resource: res://art/campaign_next/people/kesh_face.png remapped: res://art/campaign_next/people/kesh_face.png
Loading resource: res://.godot/imported/kesh_face.png-dfd1259aa663be6c4180952aab7c6733.ctex remapped: res://.godot/imported/kesh_face.png-dfd1259aa663be6c4180952aab7c6733.ctex
Completed load for: 'res://art/campaign_next/people/kesh_face.png' remapped 'res://art/campaign_next/people/kesh_face.png' at thread -1
Loading resource: res://art/campaign_next/people/tomas.glb remapped: res://art/campaign_next/people/tomas.glb
Loading resource: res://.godot/imported/tomas.glb-f524b6eb9ed92d9a60c9ee1d3cd9abec.scn remapped: res://.godot/imported/tomas.glb-f524b6eb9ed92d9a60c9ee1d3cd9abec.scn
Completed load for: 'res://art/campaign_next/people/tomas.glb' remapped 'res://art/campaign_next/people/tomas.glb' at thread -1
Loading resource: res://art/expressive_world/people/tomas_face.png remapped: res://art/expressive_world/people/tomas_face.png
Loading resource: res://.godot/imported/tomas_face.png-c64b38633f01caa90b4954b0cbf2f4bd.ctex remapped: res://.godot/imported/tomas_face.png-c64b38633f01caa90b4954b0cbf2f4bd.ctex
Completed load for: 'res://art/expressive_world/people/tomas_face.png' remapped 'res://art/expressive_world/people/tomas_face.png' at thread -1
Loading resource: res://art/campaign_next/people/tomas_face.png remapped: res://art/campaign_next/people/tomas_face.png
Loading resource: res://.godot/imported/tomas_face.png-d9ecb00d9c2da4d1c706e239cacf8c5a.ctex remapped: res://.godot/imported/tomas_face.png-d9ecb00d9c2da4d1c706e239cacf8c5a.ctex
Completed load for: 'res://art/campaign_next/people/tomas_face.png' remapped 'res://art/campaign_next/people/tomas_face.png' at thread -1
Loading resource: res://art/kettle_next/cloth.glb remapped: res://art/kettle_next/cloth.glb
Loading resource: res://.godot/imported/cloth.glb-106ef97ddd5675fdf6dd392400924708.scn remapped: res://.godot/imported/cloth.glb-106ef97ddd5675fdf6dd392400924708.scn
Completed load for: 'res://art/kettle_next/cloth.glb' remapped 'res://art/kettle_next/cloth.glb' at thread -1
Loading resource: res://art/campaign_next/people/player.glb remapped: res://art/campaign_next/people/player.glb
Loading resource: res://.godot/imported/player.glb-663cd766daa72c68708c9248d8a888e1.scn remapped: res://.godot/imported/player.glb-663cd766daa72c68708c9248d8a888e1.scn
Completed load for: 'res://art/campaign_next/people/player.glb' remapped 'res://art/campaign_next/people/player.glb' at thread -1
Loading resource: res://art/expressive_world/people/player_face.png remapped: res://art/expressive_world/people/player_face.png
Loading resource: res://.godot/imported/player_face.png-c100434c8436bb4a83bb79a92d558190.ctex remapped: res://.godot/imported/player_face.png-c100434c8436bb4a83bb79a92d558190.ctex
Completed load for: 'res://art/expressive_world/people/player_face.png' remapped 'res://art/expressive_world/people/player_face.png' at thread -1
Loading resource: res://art/campaign_next/people/player_face.png remapped: res://art/campaign_next/people/player_face.png
Loading resource: res://.godot/imported/player_face.png-88b496c6aa2bd0948547ae7eb724af22.ctex remapped: res://.godot/imported/player_face.png-88b496c6aa2bd0948547ae7eb724af22.ctex
Completed load for: 'res://art/campaign_next/people/player_face.png' remapped 'res://art/campaign_next/people/player_face.png' at thread -1
SEATED CONTACT kesh L fingertip (12.50426, 0.413522, 5.485335)
SEATED CONTACT kesh R fingertip (12.28514, 0.410025, 5.485256)
Loading resource: res://art/rendered/maps/academy_study/scene.png remapped: res://art/rendered/maps/academy_study/scene.png
Loading resource: res://.godot/imported/scene.png-9d5726ada5fa3d69e0ceeaee3420e3cc.ctex remapped: res://.godot/imported/scene.png-9d5726ada5fa3d69e0ceeaee3420e3cc.ctex
Completed load for: 'res://art/rendered/maps/academy_study/scene.png' remapped 'res://art/rendered/maps/academy_study/scene.png' at thread -1
Loading resource: res://art/rendered/maps/academy_study/depth.png remapped: res://art/rendered/maps/academy_study/depth.png
Loading resource: res://.godot/imported/depth.png-7a4da66b95dbee01758bc563589bba0f.ctex remapped: res://.godot/imported/depth.png-7a4da66b95dbee01758bc563589bba0f.ctex
Completed load for: 'res://art/rendered/maps/academy_study/depth.png' remapped 'res://art/rendered/maps/academy_study/depth.png' at thread -1
Loading resource: res://art/tiles/town_tileset.tres remapped: res://art/tiles/town_tileset.tres
Loading resource: res://art/tiles/town_tileset.png remapped: res://art/tiles/town_tileset.png
Loading resource: res://.godot/imported/town_tileset.png-66f5033f0b8b2dd20eaf124c008c8561.ctex remapped: res://.godot/imported/town_tileset.png-66f5033f0b8b2dd20eaf124c008c8561.ctex
Completed load for: 'res://art/tiles/town_tileset.png' remapped 'res://art/tiles/town_tileset.png' at thread -1
Completed load for: 'res://art/tiles/town_tileset.tres' remapped 'res://art/tiles/town_tileset.tres' at thread -1
Loading resource: res://data/npcs/ilse.tres remapped: res://data/npcs/ilse.tres
Loading resource: res://data/opponents/ilse_9x9.tres remapped: res://data/opponents/ilse_9x9.tres
Completed load for: 'res://data/opponents/ilse_9x9.tres' remapped 'res://data/opponents/ilse_9x9.tres' at thread -1
Completed load for: 'res://data/npcs/ilse.tres' remapped 'res://data/npcs/ilse.tres' at thread -1
Loading resource: res://art/rendered/people/ilse_sheet.png remapped: res://art/rendered/people/ilse_sheet.png
Loading resource: res://.godot/imported/ilse_sheet.png-35a2a43ada1ce4835d8d31bf2aa03abf.ctex remapped: res://.godot/imported/ilse_sheet.png-35a2a43ada1ce4835d8d31bf2aa03abf.ctex
Completed load for: 'res://art/rendered/people/ilse_sheet.png' remapped 'res://art/rendered/people/ilse_sheet.png' at thread -1
Loading resource: res://art/rendered/people/ilse_actions.png remapped: res://art/rendered/people/ilse_actions.png
Loading resource: res://.godot/imported/ilse_actions.png-ccd3717fe1d5eafb60fc8d3e07c8dd09.ctex remapped: res://.godot/imported/ilse_actions.png-ccd3717fe1d5eafb60fc8d3e07c8dd09.ctex
Completed load for: 'res://art/rendered/people/ilse_actions.png' remapped 'res://art/rendered/people/ilse_actions.png' at thread -1
Loading resource: res://data/npcs/sunny.tres remapped: res://data/npcs/sunny.tres
Loading resource: res://data/opponents/sunny_9x9.tres remapped: res://data/opponents/sunny_9x9.tres
Completed load for: 'res://data/opponents/sunny_9x9.tres' remapped 'res://data/opponents/sunny_9x9.tres' at thread -1
Completed load for: 'res://data/npcs/sunny.tres' remapped 'res://data/npcs/sunny.tres' at thread -1
Loading resource: res://art/rendered/people/sunny_sheet.png remapped: res://art/rendered/people/sunny_sheet.png
Loading resource: res://.godot/imported/sunny_sheet.png-b773e3582d444762c5ccbc9043756d21.ctex remapped: res://.godot/imported/sunny_sheet.png-b773e3582d444762c5ccbc9043756d21.ctex
Completed load for: 'res://art/rendered/people/sunny_sheet.png' remapped 'res://art/rendered/people/sunny_sheet.png' at thread -1
Loading resource: res://art/rendered/people/sunny_actions.png remapped: res://art/rendered/people/sunny_actions.png
Loading resource: res://.godot/imported/sunny_actions.png-55eca1c49a80d0be40ca872c7bd14fd6.ctex remapped: res://.godot/imported/sunny_actions.png-55eca1c49a80d0be40ca872c7bd14fd6.ctex
Completed load for: 'res://art/rendered/people/sunny_actions.png' remapped 'res://art/rendered/people/sunny_actions.png' at thread -1
Loading resource: res://data/npcs/orla.tres remapped: res://data/npcs/orla.tres
Loading resource: res://data/opponents/orla_9x9.tres remapped: res://data/opponents/orla_9x9.tres
Completed load for: 'res://data/opponents/orla_9x9.tres' remapped 'res://data/opponents/orla_9x9.tres' at thread -1
Completed load for: 'res://data/npcs/orla.tres' remapped 'res://data/npcs/orla.tres' at thread -1
Loading resource: res://art/rendered/people/orla_sheet.png remapped: res://art/rendered/people/orla_sheet.png
Loading resource: res://.godot/imported/orla_sheet.png-2ff98653c9b9c14f699dcbf816a92761.ctex remapped: res://.godot/imported/orla_sheet.png-2ff98653c9b9c14f699dcbf816a92761.ctex
Completed load for: 'res://art/rendered/people/orla_sheet.png' remapped 'res://art/rendered/people/orla_sheet.png' at thread -1
Loading resource: res://art/rendered/people/orla_actions.png remapped: res://art/rendered/people/orla_actions.png
Loading resource: res://.godot/imported/orla_actions.png-076bb9715d654b6cb2fde360001bb640.ctex remapped: res://.godot/imported/orla_actions.png-076bb9715d654b6cb2fde360001bb640.ctex
Completed load for: 'res://art/rendered/people/orla_actions.png' remapped 'res://art/rendered/people/orla_actions.png' at thread -1
Loading resource: res://art/rendered/people/player_sheet.png remapped: res://art/rendered/people/player_sheet.png
Loading resource: res://.godot/imported/player_sheet.png-947a3256d50ebc89d0cb764604b31b1a.ctex remapped: res://.godot/imported/player_sheet.png-947a3256d50ebc89d0cb764604b31b1a.ctex
Completed load for: 'res://art/rendered/people/player_sheet.png' remapped 'res://art/rendered/people/player_sheet.png' at thread -1
Loading resource: res://art/campaign_next/maps/academy_study/room.glb remapped: res://art/campaign_next/maps/academy_study/room.glb
Loading resource: res://.godot/imported/room.glb-c8ce4b397f8e86ceb612f83ddb0321bb.scn remapped: res://.godot/imported/room.glb-c8ce4b397f8e86ceb612f83ddb0321bb.scn
Completed load for: 'res://art/campaign_next/maps/academy_study/room.glb' remapped 'res://art/campaign_next/maps/academy_study/room.glb' at thread -1
Loading resource: res://art/expressive_world/surfaces/plaster_grain.png remapped: res://art/expressive_world/surfaces/plaster_grain.png
Loading resource: res://.godot/imported/plaster_grain.png-b3b4765a4d03262d9d72ac00382c2a82.ctex remapped: res://.godot/imported/plaster_grain.png-b3b4765a4d03262d9d72ac00382c2a82.ctex
Completed load for: 'res://art/expressive_world/surfaces/plaster_grain.png' remapped 'res://art/expressive_world/surfaces/plaster_grain.png' at thread -1
Loading resource: res://art/expressive_world/surfaces/wood_grain.png remapped: res://art/expressive_world/surfaces/wood_grain.png
Loading resource: res://.godot/imported/wood_grain.png-4cd83f2de6efe43e81340a6044b0bb0a.ctex remapped: res://.godot/imported/wood_grain.png-4cd83f2de6efe43e81340a6044b0bb0a.ctex
Completed load for: 'res://art/expressive_world/surfaces/wood_grain.png' remapped 'res://art/expressive_world/surfaces/wood_grain.png' at thread -1
Loading resource: res://art/campaign_next/people/ilse.glb remapped: res://art/campaign_next/people/ilse.glb
Loading resource: res://.godot/imported/ilse.glb-468ce0360281ec252891916de355f47d.scn remapped: res://.godot/imported/ilse.glb-468ce0360281ec252891916de355f47d.scn
Completed load for: 'res://art/campaign_next/people/ilse.glb' remapped 'res://art/campaign_next/people/ilse.glb' at thread -1
Loading resource: res://art/expressive_world/people/ilse_face.png remapped: res://art/expressive_world/people/ilse_face.png
Loading resource: res://.godot/imported/ilse_face.png-0c34d488b8945f60f5cf8d19eb948efc.ctex remapped: res://.godot/imported/ilse_face.png-0c34d488b8945f60f5cf8d19eb948efc.ctex
Completed load for: 'res://art/expressive_world/people/ilse_face.png' remapped 'res://art/expressive_world/people/ilse_face.png' at thread -1
Loading resource: res://art/campaign_next/people/ilse_face.png remapped: res://art/campaign_next/people/ilse_face.png
Loading resource: res://.godot/imported/ilse_face.png-372306e3bfd1c7e26510068881447e0a.ctex remapped: res://.godot/imported/ilse_face.png-372306e3bfd1c7e26510068881447e0a.ctex
Completed load for: 'res://art/campaign_next/people/ilse_face.png' remapped 'res://art/campaign_next/people/ilse_face.png' at thread -1
Loading resource: res://art/campaign_next/people/sunny.glb remapped: res://art/campaign_next/people/sunny.glb
Loading resource: res://.godot/imported/sunny.glb-6bfa6c0630b03eddadcd0a1279665910.scn remapped: res://.godot/imported/sunny.glb-6bfa6c0630b03eddadcd0a1279665910.scn
Completed load for: 'res://art/campaign_next/people/sunny.glb' remapped 'res://art/campaign_next/people/sunny.glb' at thread -1
Loading resource: res://art/expressive_world/people/sunny_face.png remapped: res://art/expressive_world/people/sunny_face.png
Loading resource: res://.godot/imported/sunny_face.png-ec72512455da02c57abb77e61a3972bb.ctex remapped: res://.godot/imported/sunny_face.png-ec72512455da02c57abb77e61a3972bb.ctex
Completed load for: 'res://art/expressive_world/people/sunny_face.png' remapped 'res://art/expressive_world/people/sunny_face.png' at thread -1
Loading resource: res://art/campaign_next/people/sunny_face.png remapped: res://art/campaign_next/people/sunny_face.png
Loading resource: res://.godot/imported/sunny_face.png-d23df75652b28ed0827a21ccce8cb161.ctex remapped: res://.godot/imported/sunny_face.png-d23df75652b28ed0827a21ccce8cb161.ctex
Completed load for: 'res://art/campaign_next/people/sunny_face.png' remapped 'res://art/campaign_next/people/sunny_face.png' at thread -1
Loading resource: res://art/campaign_next/people/orla.glb remapped: res://art/campaign_next/people/orla.glb
Loading resource: res://.godot/imported/orla.glb-f14a7a259bf8d73c2cc9eec3889fb2a4.scn remapped: res://.godot/imported/orla.glb-f14a7a259bf8d73c2cc9eec3889fb2a4.scn
Completed load for: 'res://art/campaign_next/people/orla.glb' remapped 'res://art/campaign_next/people/orla.glb' at thread -1
Loading resource: res://art/expressive_world/people/orla_face.png remapped: res://art/expressive_world/people/orla_face.png
Loading resource: res://.godot/imported/orla_face.png-8860deec7c89aa3e99817b65b55ec0ae.ctex remapped: res://.godot/imported/orla_face.png-8860deec7c89aa3e99817b65b55ec0ae.ctex
Completed load for: 'res://art/expressive_world/people/orla_face.png' remapped 'res://art/expressive_world/people/orla_face.png' at thread -1
Loading resource: res://art/campaign_next/people/orla_face.png remapped: res://art/campaign_next/people/orla_face.png
Loading resource: res://.godot/imported/orla_face.png-3de17f4e812ed77a32efe8f8e162b409.ctex remapped: res://.godot/imported/orla_face.png-3de17f4e812ed77a32efe8f8e162b409.ctex
Completed load for: 'res://art/campaign_next/people/orla_face.png' remapped 'res://art/campaign_next/people/orla_face.png' at thread -1
Loading resource: res://art/campaign_next/people/player.glb remapped: res://art/campaign_next/people/player.glb
Loading resource: res://.godot/imported/player.glb-663cd766daa72c68708c9248d8a888e1.scn remapped: res://.godot/imported/player.glb-663cd766daa72c68708c9248d8a888e1.scn
Completed load for: 'res://art/campaign_next/people/player.glb' remapped 'res://art/campaign_next/people/player.glb' at thread -1
Loading resource: res://art/expressive_world/people/player_face.png remapped: res://art/expressive_world/people/player_face.png
Loading resource: res://.godot/imported/player_face.png-c100434c8436bb4a83bb79a92d558190.ctex remapped: res://.godot/imported/player_face.png-c100434c8436bb4a83bb79a92d558190.ctex
Completed load for: 'res://art/expressive_world/people/player_face.png' remapped 'res://art/expressive_world/people/player_face.png' at thread -1
Loading resource: res://art/campaign_next/people/player_face.png remapped: res://art/campaign_next/people/player_face.png
Loading resource: res://.godot/imported/player_face.png-88b496c6aa2bd0948547ae7eb724af22.ctex remapped: res://.godot/imported/player_face.png-88b496c6aa2bd0948547ae7eb724af22.ctex
Completed load for: 'res://art/campaign_next/people/player_face.png' remapped 'res://art/campaign_next/people/player_face.png' at thread -1
SEATED CONTACT sunny L fingertip (14.88242, 0.399641, 5.499301)
SEATED CONTACT sunny R fingertip (14.70901, 0.397434, 5.499364)
SEATED CONTACT orla L fingertip (10.12323, 0.772812, 9.114536)
SEATED CONTACT orla R fingertip (9.869114, 0.771044, 9.108391)
Loading resource: res://art/rendered/maps/academy_novice/scene.png remapped: res://art/rendered/maps/academy_novice/scene.png
Loading resource: res://.godot/imported/scene.png-cf48d2e64e6fee2c8567efe94c31d881.ctex remapped: res://.godot/imported/scene.png-cf48d2e64e6fee2c8567efe94c31d881.ctex
Completed load for: 'res://art/rendered/maps/academy_novice/scene.png' remapped 'res://art/rendered/maps/academy_novice/scene.png' at thread -1
Loading resource: res://art/rendered/maps/academy_novice/depth.png remapped: res://art/rendered/maps/academy_novice/depth.png
Loading resource: res://.godot/imported/depth.png-0191bf488a196c14376b5bb643815604.ctex remapped: res://.godot/imported/depth.png-0191bf488a196c14376b5bb643815604.ctex
Completed load for: 'res://art/rendered/maps/academy_novice/depth.png' remapped 'res://art/rendered/maps/academy_novice/depth.png' at thread -1
Loading resource: res://art/tiles/town_tileset.tres remapped: res://art/tiles/town_tileset.tres
Loading resource: res://art/tiles/town_tileset.png remapped: res://art/tiles/town_tileset.png
Loading resource: res://.godot/imported/town_tileset.png-66f5033f0b8b2dd20eaf124c008c8561.ctex remapped: res://.godot/imported/town_tileset.png-66f5033f0b8b2dd20eaf124c008c8561.ctex
Completed load for: 'res://art/tiles/town_tileset.png' remapped 'res://art/tiles/town_tileset.png' at thread -1
Completed load for: 'res://art/tiles/town_tileset.tres' remapped 'res://art/tiles/town_tileset.tres' at thread -1
Loading resource: res://data/npcs/noor.tres remapped: res://data/npcs/noor.tres
Loading resource: res://data/opponents/noor_9x9.tres remapped: res://data/opponents/noor_9x9.tres
Completed load for: 'res://data/opponents/noor_9x9.tres' remapped 'res://data/opponents/noor_9x9.tres' at thread -1
Completed load for: 'res://data/npcs/noor.tres' remapped 'res://data/npcs/noor.tres' at thread -1
Loading resource: res://art/rendered/people/noor_sheet.png remapped: res://art/rendered/people/noor_sheet.png
Loading resource: res://.godot/imported/noor_sheet.png-4ebb5705bc435978aa22056ca8feaf74.ctex remapped: res://.godot/imported/noor_sheet.png-4ebb5705bc435978aa22056ca8feaf74.ctex
Completed load for: 'res://art/rendered/people/noor_sheet.png' remapped 'res://art/rendered/people/noor_sheet.png' at thread -1
Loading resource: res://art/rendered/people/noor_actions.png remapped: res://art/rendered/people/noor_actions.png
Loading resource: res://.godot/imported/noor_actions.png-518763e04bd985470c77e8ea55391af6.ctex remapped: res://.godot/imported/noor_actions.png-518763e04bd985470c77e8ea55391af6.ctex
Completed load for: 'res://art/rendered/people/noor_actions.png' remapped 'res://art/rendered/people/noor_actions.png' at thread -1
Loading resource: res://data/npcs/ivo.tres remapped: res://data/npcs/ivo.tres
Loading resource: res://data/opponents/ivo_9x9.tres remapped: res://data/opponents/ivo_9x9.tres
Completed load for: 'res://data/opponents/ivo_9x9.tres' remapped 'res://data/opponents/ivo_9x9.tres' at thread -1
Completed load for: 'res://data/npcs/ivo.tres' remapped 'res://data/npcs/ivo.tres' at thread -1
Loading resource: res://art/rendered/people/ivo_sheet.png remapped: res://art/rendered/people/ivo_sheet.png
Loading resource: res://.godot/imported/ivo_sheet.png-dd56fb5cdf611ab9cf888a7495a4aa80.ctex remapped: res://.godot/imported/ivo_sheet.png-dd56fb5cdf611ab9cf888a7495a4aa80.ctex
Completed load for: 'res://art/rendered/people/ivo_sheet.png' remapped 'res://art/rendered/people/ivo_sheet.png' at thread -1
Loading resource: res://art/rendered/people/ivo_actions.png remapped: res://art/rendered/people/ivo_actions.png
Loading resource: res://.godot/imported/ivo_actions.png-fa4d34ff7d6e4d5e8f2f2df2bfc78ac6.ctex remapped: res://.godot/imported/ivo_actions.png-fa4d34ff7d6e4d5e8f2f2df2bfc78ac6.ctex
Completed load for: 'res://art/rendered/people/ivo_actions.png' remapped 'res://art/rendered/people/ivo_actions.png' at thread -1
Loading resource: res://data/npcs/lea.tres remapped: res://data/npcs/lea.tres
Loading resource: res://data/opponents/lea_9x9.tres remapped: res://data/opponents/lea_9x9.tres
Completed load for: 'res://data/opponents/lea_9x9.tres' remapped 'res://data/opponents/lea_9x9.tres' at thread -1
Completed load for: 'res://data/npcs/lea.tres' remapped 'res://data/npcs/lea.tres' at thread -1
Loading resource: res://art/rendered/people/lea_sheet.png remapped: res://art/rendered/people/lea_sheet.png
Loading resource: res://.godot/imported/lea_sheet.png-ae1e8b89974c50a672cafe682a8258d8.ctex remapped: res://.godot/imported/lea_sheet.png-ae1e8b89974c50a672cafe682a8258d8.ctex
Completed load for: 'res://art/rendered/people/lea_sheet.png' remapped 'res://art/rendered/people/lea_sheet.png' at thread -1
Loading resource: res://art/rendered/people/lea_actions.png remapped: res://art/rendered/people/lea_actions.png
Loading resource: res://.godot/imported/lea_actions.png-fb80f4889ffb7f1cdea8d6a2b1a85d98.ctex remapped: res://.godot/imported/lea_actions.png-fb80f4889ffb7f1cdea8d6a2b1a85d98.ctex
Completed load for: 'res://art/rendered/people/lea_actions.png' remapped 'res://art/rendered/people/lea_actions.png' at thread -1
Loading resource: res://data/npcs/emil.tres remapped: res://data/npcs/emil.tres
Loading resource: res://data/opponents/emil_9x9.tres remapped: res://data/opponents/emil_9x9.tres
Completed load for: 'res://data/opponents/emil_9x9.tres' remapped 'res://data/opponents/emil_9x9.tres' at thread -1
Completed load for: 'res://data/npcs/emil.tres' remapped 'res://data/npcs/emil.tres' at thread -1
Loading resource: res://art/rendered/people/emil_sheet.png remapped: res://art/rendered/people/emil_sheet.png
Loading resource: res://.godot/imported/emil_sheet.png-24e62ae33b661dc9af5737f030e01f65.ctex remapped: res://.godot/imported/emil_sheet.png-24e62ae33b661dc9af5737f030e01f65.ctex
Completed load for: 'res://art/rendered/people/emil_sheet.png' remapped 'res://art/rendered/people/emil_sheet.png' at thread -1
Loading resource: res://art/rendered/people/emil_actions.png remapped: res://art/rendered/people/emil_actions.png
Loading resource: res://.godot/imported/emil_actions.png-f6bc6abd0f5b392fd94959ec78a90ffd.ctex remapped: res://.godot/imported/emil_actions.png-f6bc6abd0f5b392fd94959ec78a90ffd.ctex
Completed load for: 'res://art/rendered/people/emil_actions.png' remapped 'res://art/rendered/people/emil_actions.png' at thread -1
Loading resource: res://data/npcs/sora.tres remapped: res://data/npcs/sora.tres
Loading resource: res://data/opponents/sora_9x9.tres remapped: res://data/opponents/sora_9x9.tres
Completed load for: 'res://data/opponents/sora_9x9.tres' remapped 'res://data/opponents/sora_9x9.tres' at thread -1
Completed load for: 'res://data/npcs/sora.tres' remapped 'res://data/npcs/sora.tres' at thread -1
Loading resource: res://art/rendered/people/sora_sheet.png remapped: res://art/rendered/people/sora_sheet.png
Loading resource: res://.godot/imported/sora_sheet.png-f41e973d7161032b002fb0be33b60d0a.ctex remapped: res://.godot/imported/sora_sheet.png-f41e973d7161032b002fb0be33b60d0a.ctex
Completed load for: 'res://art/rendered/people/sora_sheet.png' remapped 'res://art/rendered/people/sora_sheet.png' at thread -1
Loading resource: res://art/rendered/people/sora_actions.png remapped: res://art/rendered/people/sora_actions.png
Loading resource: res://.godot/imported/sora_actions.png-0fb0dc12c691cdce70ffa22be34415e3.ctex remapped: res://.godot/imported/sora_actions.png-0fb0dc12c691cdce70ffa22be34415e3.ctex
Completed load for: 'res://art/rendered/people/sora_actions.png' remapped 'res://art/rendered/people/sora_actions.png' at thread -1
Loading resource: res://art/rendered/people/player_sheet.png remapped: res://art/rendered/people/player_sheet.png
Loading resource: res://.godot/imported/player_sheet.png-947a3256d50ebc89d0cb764604b31b1a.ctex remapped: res://.godot/imported/player_sheet.png-947a3256d50ebc89d0cb764604b31b1a.ctex
Completed load for: 'res://art/rendered/people/player_sheet.png' remapped 'res://art/rendered/people/player_sheet.png' at thread -1
Loading resource: res://art/campaign_next/maps/academy_novice/room.glb remapped: res://art/campaign_next/maps/academy_novice/room.glb
Loading resource: res://.godot/imported/room.glb-a2f624ddc1546ad104c63e24f0d790e2.scn remapped: res://.godot/imported/room.glb-a2f624ddc1546ad104c63e24f0d790e2.scn
Completed load for: 'res://art/campaign_next/maps/academy_novice/room.glb' remapped 'res://art/campaign_next/maps/academy_novice/room.glb' at thread -1
Loading resource: res://art/expressive_world/surfaces/plaster_grain.png remapped: res://art/expressive_world/surfaces/plaster_grain.png
Loading resource: res://.godot/imported/plaster_grain.png-b3b4765a4d03262d9d72ac00382c2a82.ctex remapped: res://.godot/imported/plaster_grain.png-b3b4765a4d03262d9d72ac00382c2a82.ctex
Completed load for: 'res://art/expressive_world/surfaces/plaster_grain.png' remapped 'res://art/expressive_world/surfaces/plaster_grain.png' at thread -1
Loading resource: res://art/expressive_world/surfaces/wood_grain.png remapped: res://art/expressive_world/surfaces/wood_grain.png
Loading resource: res://.godot/imported/wood_grain.png-4cd83f2de6efe43e81340a6044b0bb0a.ctex remapped: res://.godot/imported/wood_grain.png-4cd83f2de6efe43e81340a6044b0bb0a.ctex
Completed load for: 'res://art/expressive_world/surfaces/wood_grain.png' remapped 'res://art/expressive_world/surfaces/wood_grain.png' at thread -1
Loading resource: res://art/campaign_next/people/noor.glb remapped: res://art/campaign_next/people/noor.glb
Loading resource: res://.godot/imported/noor.glb-4547dd000ea4574b823948951e151655.scn remapped: res://.godot/imported/noor.glb-4547dd000ea4574b823948951e151655.scn
Completed load for: 'res://art/campaign_next/people/noor.glb' remapped 'res://art/campaign_next/people/noor.glb' at thread -1
Loading resource: res://art/expressive_world/people/noor_face.png remapped: res://art/expressive_world/people/noor_face.png
Loading resource: res://.godot/imported/noor_face.png-ac64feeab694083fbea000d406411e97.ctex remapped: res://.godot/imported/noor_face.png-ac64feeab694083fbea000d406411e97.ctex
Completed load for: 'res://art/expressive_world/people/noor_face.png' remapped 'res://art/expressive_world/people/noor_face.png' at thread -1
Loading resource: res://art/campaign_next/people/noor_face.png remapped: res://art/campaign_next/people/noor_face.png
Loading resource: res://.godot/imported/noor_face.png-a0c7aee8b4673a498f74167c7fee117f.ctex remapped: res://.godot/imported/noor_face.png-a0c7aee8b4673a498f74167c7fee117f.ctex
Completed load for: 'res://art/campaign_next/people/noor_face.png' remapped 'res://art/campaign_next/people/noor_face.png' at thread -1
Loading resource: res://art/campaign_next/people/ivo.glb remapped: res://art/campaign_next/people/ivo.glb
Loading resource: res://.godot/imported/ivo.glb-1c5cbe8057880b98b2054712af69bcfc.scn remapped: res://.godot/imported/ivo.glb-1c5cbe8057880b98b2054712af69bcfc.scn
Completed load for: 'res://art/campaign_next/people/ivo.glb' remapped 'res://art/campaign_next/people/ivo.glb' at thread -1
Loading resource: res://art/expressive_world/people/ivo_face.png remapped: res://art/expressive_world/people/ivo_face.png
Loading resource: res://.godot/imported/ivo_face.png-3c8668b887e2ddd0f357c4d0bb8a15e8.ctex remapped: res://.godot/imported/ivo_face.png-3c8668b887e2ddd0f357c4d0bb8a15e8.ctex
Completed load for: 'res://art/expressive_world/people/ivo_face.png' remapped 'res://art/expressive_world/people/ivo_face.png' at thread -1
Loading resource: res://art/campaign_next/people/ivo_face.png remapped: res://art/campaign_next/people/ivo_face.png
Loading resource: res://.godot/imported/ivo_face.png-6d6139f82330bed8d61705e3ee12e2d8.ctex remapped: res://.godot/imported/ivo_face.png-6d6139f82330bed8d61705e3ee12e2d8.ctex
Completed load for: 'res://art/campaign_next/people/ivo_face.png' remapped 'res://art/campaign_next/people/ivo_face.png' at thread -1
Loading resource: res://art/campaign_next/people/lea.glb remapped: res://art/campaign_next/people/lea.glb
Loading resource: res://.godot/imported/lea.glb-6469855833190d396de7e10684f4a8fc.scn remapped: res://.godot/imported/lea.glb-6469855833190d396de7e10684f4a8fc.scn
Completed load for: 'res://art/campaign_next/people/lea.glb' remapped 'res://art/campaign_next/people/lea.glb' at thread -1
Loading resource: res://art/expressive_world/people/lea_face.png remapped: res://art/expressive_world/people/lea_face.png
Loading resource: res://.godot/imported/lea_face.png-8b5d64add245fa5cf7283cd5ed8e5c19.ctex remapped: res://.godot/imported/lea_face.png-8b5d64add245fa5cf7283cd5ed8e5c19.ctex
Completed load for: 'res://art/expressive_world/people/lea_face.png' remapped 'res://art/expressive_world/people/lea_face.png' at thread -1
Loading resource: res://art/campaign_next/people/lea_face.png remapped: res://art/campaign_next/people/lea_face.png
Loading resource: res://.godot/imported/lea_face.png-1031c2bd793f9e281cc45c3ef6f3f7f1.ctex remapped: res://.godot/imported/lea_face.png-1031c2bd793f9e281cc45c3ef6f3f7f1.ctex
Completed load for: 'res://art/campaign_next/people/lea_face.png' remapped 'res://art/campaign_next/people/lea_face.png' at thread -1
Loading resource: res://art/campaign_next/people/emil.glb remapped: res://art/campaign_next/people/emil.glb
Loading resource: res://.godot/imported/emil.glb-af7dee84b528c3ae7cae0f0400b7ec1d.scn remapped: res://.godot/imported/emil.glb-af7dee84b528c3ae7cae0f0400b7ec1d.scn
Completed load for: 'res://art/campaign_next/people/emil.glb' remapped 'res://art/campaign_next/people/emil.glb' at thread -1
Loading resource: res://art/expressive_world/people/emil_face.png remapped: res://art/expressive_world/people/emil_face.png
Loading resource: res://.godot/imported/emil_face.png-e8338e7a5db84a87b6e04eba4314de6b.ctex remapped: res://.godot/imported/emil_face.png-e8338e7a5db84a87b6e04eba4314de6b.ctex
Completed load for: 'res://art/expressive_world/people/emil_face.png' remapped 'res://art/expressive_world/people/emil_face.png' at thread -1
Loading resource: res://art/campaign_next/people/emil_face.png remapped: res://art/campaign_next/people/emil_face.png
Loading resource: res://.godot/imported/emil_face.png-0c7b9419ce03d94b896bfe2aaaabc3c4.ctex remapped: res://.godot/imported/emil_face.png-0c7b9419ce03d94b896bfe2aaaabc3c4.ctex
Completed load for: 'res://art/campaign_next/people/emil_face.png' remapped 'res://art/campaign_next/people/emil_face.png' at thread -1
Loading resource: res://art/campaign_next/people/sora.glb remapped: res://art/campaign_next/people/sora.glb
Loading resource: res://.godot/imported/sora.glb-56d6168b77b2d96a4645575dd2b91d11.scn remapped: res://.godot/imported/sora.glb-56d6168b77b2d96a4645575dd2b91d11.scn
Completed load for: 'res://art/campaign_next/people/sora.glb' remapped 'res://art/campaign_next/people/sora.glb' at thread -1
Loading resource: res://art/expressive_world/people/sora_face.png remapped: res://art/expressive_world/people/sora_face.png
Loading resource: res://.godot/imported/sora_face.png-7289a441e36a059d1f57b9c8d743dc24.ctex remapped: res://.godot/imported/sora_face.png-7289a441e36a059d1f57b9c8d743dc24.ctex
Completed load for: 'res://art/expressive_world/people/sora_face.png' remapped 'res://art/expressive_world/people/sora_face.png' at thread -1
Loading resource: res://art/campaign_next/people/sora_face.png remapped: res://art/campaign_next/people/sora_face.png
Loading resource: res://.godot/imported/sora_face.png-1722b3321234aa6759e1925be83c5179.ctex remapped: res://.godot/imported/sora_face.png-1722b3321234aa6759e1925be83c5179.ctex
Completed load for: 'res://art/campaign_next/people/sora_face.png' remapped 'res://art/campaign_next/people/sora_face.png' at thread -1
Loading resource: res://art/campaign_next/people/player.glb remapped: res://art/campaign_next/people/player.glb
Loading resource: res://.godot/imported/player.glb-663cd766daa72c68708c9248d8a888e1.scn remapped: res://.godot/imported/player.glb-663cd766daa72c68708c9248d8a888e1.scn
Completed load for: 'res://art/campaign_next/people/player.glb' remapped 'res://art/campaign_next/people/player.glb' at thread -1
Loading resource: res://art/expressive_world/people/player_face.png remapped: res://art/expressive_world/people/player_face.png
Loading resource: res://.godot/imported/player_face.png-c100434c8436bb4a83bb79a92d558190.ctex remapped: res://.godot/imported/player_face.png-c100434c8436bb4a83bb79a92d558190.ctex
Completed load for: 'res://art/expressive_world/people/player_face.png' remapped 'res://art/expressive_world/people/player_face.png' at thread -1
Loading resource: res://art/campaign_next/people/player_face.png remapped: res://art/campaign_next/people/player_face.png
Loading resource: res://.godot/imported/player_face.png-88b496c6aa2bd0948547ae7eb724af22.ctex remapped: res://.godot/imported/player_face.png-88b496c6aa2bd0948547ae7eb724af22.ctex
Completed load for: 'res://art/campaign_next/people/player_face.png' remapped 'res://art/campaign_next/people/player_face.png' at thread -1
SEATED CONTACT ivo L fingertip (9.326544, 0.767159, 5.114359)
SEATED CONTACT ivo R fingertip (9.065262, 0.765871, 5.108833)
SEATED CONTACT sora L fingertip (12.52019, 0.803621, 9.910254)
SEATED CONTACT sora R fingertip (12.27368, 0.802342, 9.902982)
SEATED STATE: original chair occupants remain seated through activity changes
XR: Clearing primary interface
XR: Removed interface "Native mobile"
XR: Removed interface "OpenXR"
PulseAudio: context terminated
Accessibility: window 0 adapter destroyed.
