Godot Engine v4.7.2.stable.official.ed1daf0bf - https://godotengine.org
OpenGL API 4.6 (Core Profile) Mesa 26.2.1 - Compatibility - Using Device: AMD - AMD Radeon RX 6900 XT (radeonsi, navi21, ACO, DRM 3.64, 7.2.2)

MOTION RATE 30 walk: 20 frames, 0 idle frames, 0 clip changes, foot travel 0.519
MOTION: released input returns to standing
MOTION RATE 30 run: 20 frames, 0 idle frames, 0 clip changes, foot travel 0.678
MOTION: released input returns to standing
MOTION RATE 60 walk: 40 frames, 0 idle frames, 0 clip changes, foot travel 0.517
MOTION: released input returns to standing
MOTION RATE 60 run: 40 frames, 0 idle frames, 0 clip changes, foot travel 0.712
MOTION: released input returns to standing
MOTION RATE 144 walk: 88 frames, 0 idle frames, 0 clip changes, foot travel 0.520
MOTION: released input returns to standing
MOTION RATE 144 run: 88 frames, 0 idle frames, 0 clip changes, foot travel 0.712
MOTION: released input returns to standing
MOTION: wall actually stops the player
MOTION: held input against a wall does not run in place
MOTION: modal input lock stops locomotion
MOTION RATE FAILURES: 0
WARNING: 6 ObjectDB instances were leaked at exit (run with `--verbose` for details).
   at: cleanup (core/object/object.cpp:2536)
ERROR: 3 resources still in use at exit (run with --verbose for details).
   at: clear (core/io/resource.cpp:822)
