Godot Engine v4.7.2.stable.official.ed1daf0bf - https://godotengine.org
WARNING: Could not set V-Sync mode, as changing V-Sync mode is not supported by the graphics driver.
     at: set_use_vsync (platform/linuxbsd/x11/gl_manager_x11.cpp:372)
OpenGL API 4.6 (Core Profile) Mesa 26.2.1 - Compatibility - Using Device: Mesa - llvmpipe (LLVM 21.1.8, 256 bits)

Movie Maker mode enabled, recording movie in 1536×864 @ 30 FPS...
AUDIO MUSIC {"frame":0,"ms":799,"new":true,"track":"theme_match"}
CAST CLIPS player: ["concern", "counter", "greet", "host", "idle", "listen", "place", "pleased", "relaxed", "run", "seated", "serve", "stand", "surprise", "table_rest", "thinking", "walk"]
CAST CLIPS wren: ["concern", "counter", "greet", "host", "idle", "listen", "place", "pleased", "relaxed", "run", "seated", "serve", "stand", "surprise", "table_rest", "thinking", "walk"]
AUDIO MUSIC {"frame":0,"ms":962,"new":true,"track":"theme_battle"}
AUDIO TRACE {"db":0.0,"frame":66,"ms":5731,"pitch":1.0009491443634,"sound":"preview_stone_thunk_3"}
AUDIO TRACE {"db":0.0,"frame":114,"ms":8913,"pitch":0.988307297229767,"sound":"preview_stone_thunk_4"}
AUDIO TRACE {"db":0.0,"frame":162,"ms":12135,"pitch":0.995553612709045,"sound":"preview_stone_thunk_5"}
AUDIO TRACE {"db":0.0,"frame":210,"ms":15347,"pitch":0.988754689693451,"sound":"preview_stone_thunk_1"}
AUDIO TRACE {"db":0.0,"frame":258,"ms":18576,"pitch":0.99487179517746,"sound":"preview_stone_thunk_5"}
AUDIO TRACE {"db":0.0,"frame":306,"ms":21796,"pitch":0.995455503463745,"sound":"preview_stone_thunk_4"}
AUDIO TRACE {"db":0.0,"frame":354,"ms":25040,"pitch":0.987632572650909,"sound":"preview_stone_thunk_5"}
AUDIO TRACE {"db":0.0,"frame":357,"ms":25242,"pitch":1.0,"sound":"preview_capture_single"}
AUDIO TRACE {"db":0.0,"frame":402,"ms":28278,"pitch":0.995024561882019,"sound":"preview_stone_thunk_4"}
AUDIO TRACE {"db":0.0,"frame":450,"ms":31521,"pitch":1.00324094295502,"sound":"preview_stone_thunk_2"}
AUDIO TRACE {"db":0.0,"frame":498,"ms":34769,"pitch":0.99132227897644,"sound":"preview_stone_thunk_3"}
AUDIO TRACE {"db":0.0,"frame":501,"ms":34974,"pitch":1.0,"sound":"preview_capture_single"}
AUDIO TRACE {"db":0.0,"frame":546,"ms":38045,"pitch":0.992473542690277,"sound":"preview_stone_thunk_0"}
AUDIO TRACE {"db":0.0,"frame":594,"ms":41335,"pitch":0.988779485225677,"sound":"preview_stone_thunk_1"}
AUDIO TRACE {"db":0.0,"frame":642,"ms":44622,"pitch":1.01283395290375,"sound":"preview_stone_thunk_3"}
AUDIO TRACE {"db":0.0,"frame":690,"ms":47910,"pitch":0.993344485759735,"sound":"preview_stone_thunk_4"}
AUDIO TRACE {"db":0.0,"frame":738,"ms":51201,"pitch":0.993473589420319,"sound":"preview_stone_thunk_5"}
AUDIO TRACE {"db":0.0,"frame":786,"ms":54508,"pitch":1.0052832365036,"sound":"preview_stone_thunk_1"}
AUDIO TRACE {"db":0.0,"frame":894,"ms":61820,"pitch":1.00100195407867,"sound":"preview_stone_thunk_5"}
AUDIO TRACE {"db":0.0,"frame":942,"ms":65033,"pitch":1.00378894805908,"sound":"preview_stone_thunk_2"}
AUDIO TRACE {"db":0.0,"frame":990,"ms":68271,"pitch":1.00591683387756,"sound":"preview_stone_thunk_5"}
AUDIO TRACE {"db":0.0,"frame":1038,"ms":71497,"pitch":1.00380659103394,"sound":"preview_stone_thunk_3"}
AUDIO TRACE {"db":0.0,"frame":1086,"ms":74722,"pitch":1.00585150718689,"sound":"preview_stone_thunk_2"}
AUDIO TRACE {"db":0.0,"frame":1089,"ms":74919,"pitch":1.0,"sound":"preview_capture_group"}
AUDIO REPLAY: 21 legal moves; single and group captures; complete
--------------------------------------------------------------------------------
Done recording movie at path: /home/user/.cache/ninepoint-audio-capture/preview.avi
1234 frames at 30 FPS (movie length: 00:00:41:04), recorded in 00:01:25 (48% of real-time speed).
CPU render time: 2.48 seconds (average: 2.01 ms/frame)
GPU render time: 2.28 seconds (average: 1.85 ms/frame)
Encoding time: 15.35 seconds (average: 12.44 ms/frame)
--------------------------------------------------------------------------------
