Godot Engine v4.7.2.stable.official.ed1daf0bf - https://godotengine.org
OpenGL API 4.6 (Core Profile) Mesa 26.2.1 - Compatibility - Using Device: AMD - AMD Radeon RX 6900 XT (radeonsi, navi21, ACO, DRM 3.64, 7.2.2)

AUTOPILOT: 30 steps from res://tools/autopilot/campaign_thirteen.json
AUTOPILOT: Three rated wins; Kesh at The Kettle offers thirteen lines.
AUTOPILOT: Continue from the thirteen_ready save
AUTOPILOT SHOT: /home/user/.cache/ninepoint-rendered/run-QNIRuR/godot/app_userdata/Ninepoint/shots/01_a_study_hall.png
AUTOPILOT SHOT: /home/user/.cache/ninepoint-rendered/run-QNIRuR/godot/app_userdata/Ninepoint/shots/02_b_she_mentions_thirteen.png
AUTOPILOT: run to the choice and stop ON it -- a tap budget that merely happens to end near the list picks whatever was highlighted, which is how the first cut of this script played a 9x9 and photographed it confidently
AUTOPILOT SHOT: /home/user/.cache/ninepoint-rendered/run-QNIRuR/godot/app_userdata/Ninepoint/shots/03_c_the_choice.png
CAST CLIPS player: ["concern", "counter", "greet", "host", "idle", "listen", "place", "pleased", "relaxed", "run", "seated", "serve", "stand", "surprise", "table_rest", "thinking", "walk"]
CAST CLIPS kesh: ["concern", "counter", "greet", "host", "idle", "listen", "place", "pleased", "relaxed", "run", "seated", "serve", "stand", "surprise", "table_rest", "thinking", "walk"]
AUTOPILOT: Thirteen. -- 0 is the 9x9 league game, 2 is Later
AUTOPILOT SHOT: /home/user/.cache/ninepoint-rendered/run-QNIRuR/godot/app_userdata/Ninepoint/shots/04_d_setup_explanation.png
BOARD BUTTON: interact
AUTOPILOT SHOT: /home/user/.cache/ninepoint-rendered/run-QNIRuR/godot/app_userdata/Ninepoint/shots/05_e_handicap_komi.png
BOARD BUTTON: interact
BOARD INPUT: { "size": 13.0, "hover": [1.0, 1.0] }
AUTOPILOT SHOT: /home/user/.cache/ninepoint-rendered/run-QNIRuR/godot/app_userdata/Ninepoint/shots/06_f_hover_B12.png
BOARD INPUT: { "click_legal": [1.0, 1.0] }
AUTOPILOT SHOT: /home/user/.cache/ninepoint-rendered/run-QNIRuR/godot/app_userdata/Ninepoint/shots/07_g_a_move_played.png
KETTLE ENGINE: 2 legal real-engine replies, no fallback
BOARD BUTTON: go_resign
BOARD BUTTON: go_resign
BOARD BUTTON: interact
AUTOPILOT SHOT: /home/user/.cache/ninepoint-rendered/run-QNIRuR/godot/app_userdata/Ninepoint/shots/08_reaction_before_review.png
AUTOPILOT SHOT: /home/user/.cache/ninepoint-rendered/run-QNIRuR/godot/app_userdata/Ninepoint/shots/09_reaction_before_review.png
AUTOPILOT SHOT: /home/user/.cache/ninepoint-rendered/run-QNIRuR/godot/app_userdata/Ninepoint/shots/10_review_ready_after_reaction.png
BOARD BUTTON: review_no
AUTOPILOT: world transition and return conversation settled
AUTOPILOT SHOT: /home/user/.cache/ninepoint-rendered/run-QNIRuR/godot/app_userdata/Ninepoint/shots/11_h_back_in_club.png
AUTOPILOT: done
